19:35:02 **** Incremental Build of configuration Debug for project reflow_oven ****
make -j12 all 
arm-none-eabi-size  reflow_oven.elf 
   text	   data	    bss	    dec	    hex	filename
  58656	   1240	   3008	  62904	   f5b8	reflow_oven.elf
Finished building: default.size.stdout
 
19:35:04 **** Incremental Build of configuration Debug for project reflow_oven ****
make -j12 all 
arm-none-eabi-size  reflow_oven.elf 
   text	   data	    bss	    dec	    hex	filename
  58656	   1240	   3008	  62904	   f5b8	reflow_oven.elf
Finished building: default.size.stdout
 
19:41:22 **** Incremental Build of configuration Debug for project reflow_oven ****
make -j12 all 
arm-none-eabi-size  reflow_oven.elf 
   text	   data	    bss	    dec	    hex	filename
  58656	   1240	   3008	  62904	   f5b8	reflow_oven.elf
Finished building: default.size.stdout
 
19:44:14 **** Incremental Build of configuration Debug for project reflow_oven ****
make -j12 all 
arm-none-eabi-size  reflow_oven.elf 
   text	   data	    bss	    dec	    hex	filename
  58656	   1240	   3008	  62904	   f5b8	reflow_oven.elf
Finished building: default.size.stdout
 
