23:02:19 **** Incremental Build of configuration Debug for project reflow_oven ****
make -j12 all 
arm-none-eabi-gcc "../Core/Src/main.c" -mcpu=cortex-m4 -std=gnu11 -g3 -DDEBUG -DUSE_HAL_DRIVER -DSTM32F411xE -c -I../Core/Inc -I../Drivers/STM32F4xx_HAL_Driver/Inc -I../Drivers/STM32F4xx_HAL_Driver/Inc/Legacy -I../Drivers/CMSIS/Device/ST/STM32F4xx/Include -I../Drivers/CMSIS/Include -O0 -ffunction-sections -fdata-sections -Wall -fstack-usage -fcyclomatic-complexity -MMD -MP -MF"Core/Src/main.d" -MT"Core/Src/main.o" --specs=nano.specs -mfpu=fpv4-sp-d16 -mfloat-abi=hard -mthumb -o "Core/Src/main.o"
../Core/Src/main.c: In function 'main':
../Core/Src/main.c:231:7: warning: enumeration value 'NUM_STATES' not handled in switch [-Wswitch]
  231 |       switch (gui_sm.current_page)
      |       ^~~~~~
arm-none-eabi-gcc -o "reflow_oven.elf" @"objects.list"   -mcpu=cortex-m4 -T"/media/adrian/usb_a/Chambas/Inbiodroid/Horno_d_reflujo/Firmware/stm32f411/reflow_oven/STM32F411CEUX_FLASH.ld" --specs=nosys.specs -Wl,-Map="reflow_oven.map" -Wl,--gc-sections -static --specs=nano.specs -mfpu=fpv4-sp-d16 -mfloat-abi=hard -mthumb -u _printf_float -u _scanf_float -Wl,--start-group -lc -lm -Wl,--end-group
Finished building target: reflow_oven.elf
 
arm-none-eabi-size  reflow_oven.elf 
arm-none-eabi-objdump -h -S reflow_oven.elf  > "reflow_oven.list"
   text	   data	    bss	    dec	    hex	filename
  54024	   1240	   3000	  58264	   e398	reflow_oven.elf
Finished building: default.size.stdout
 
Finished building: reflow_oven.list
 
23:58:13 **** Incremental Build of configuration Debug for project reflow_oven ****
make -j12 all 
arm-none-eabi-gcc "../Core/Src/main.c" -mcpu=cortex-m4 -std=gnu11 -g3 -DDEBUG -DUSE_HAL_DRIVER -DSTM32F411xE -c -I../Core/Inc -I../Drivers/STM32F4xx_HAL_Driver/Inc -I../Drivers/STM32F4xx_HAL_Driver/Inc/Legacy -I../Drivers/CMSIS/Device/ST/STM32F4xx/Include -I../Drivers/CMSIS/Include -O0 -ffunction-sections -fdata-sections -Wall -fstack-usage -fcyclomatic-complexity -MMD -MP -MF"Core/Src/main.d" -MT"Core/Src/main.o" --specs=nano.specs -mfpu=fpv4-sp-d16 -mfloat-abi=hard -mthumb -o "Core/Src/main.o"
../Core/Src/main.c: In function 'main':
../Core/Src/main.c:254:39: warning: suggest parentheses around comparison in operand of '|' [-Wparentheses]
  254 |       if (ReflowOven_getCurrentPhase()==REFLOW_IDLE | ReflowOven.emergencyStop) {
      |           ~~~~~~~~~~~~~~~~~~~~~~~~~~~~^~~~~~~~~~~~~
arm-none-eabi-gcc -o "reflow_oven.elf" @"objects.list"   -mcpu=cortex-m4 -T"/media/adrian/usb_a/Chambas/Inbiodroid/Horno_d_reflujo/Firmware/stm32f411/reflow_oven/STM32F411CEUX_FLASH.ld" --specs=nosys.specs -Wl,-Map="reflow_oven.map" -Wl,--gc-sections -static --specs=nano.specs -mfpu=fpv4-sp-d16 -mfloat-abi=hard -mthumb -u _printf_float -u _scanf_float -Wl,--start-group -lc -lm -Wl,--end-group
Finished building target: reflow_oven.elf
 
arm-none-eabi-size  reflow_oven.elf 
arm-none-eabi-objdump -h -S reflow_oven.elf  > "reflow_oven.list"
   text	   data	    bss	    dec	    hex	filename
  54056	   1240	   3000	  58296	   e3b8	reflow_oven.elf
Finished building: default.size.stdout
 
Finished building: reflow_oven.list
 
23:58:43 **** Incremental Build of configuration Debug for project reflow_oven ****
make -j12 all 
arm-none-eabi-gcc "../Core/Src/main.c" -mcpu=cortex-m4 -std=gnu11 -g3 -DDEBUG -DUSE_HAL_DRIVER -DSTM32F411xE -c -I../Core/Inc -I../Drivers/STM32F4xx_HAL_Driver/Inc -I../Drivers/STM32F4xx_HAL_Driver/Inc/Legacy -I../Drivers/CMSIS/Device/ST/STM32F4xx/Include -I../Drivers/CMSIS/Include -O0 -ffunction-sections -fdata-sections -Wall -fstack-usage -fcyclomatic-complexity -MMD -MP -MF"Core/Src/main.d" -MT"Core/Src/main.o" --specs=nano.specs -mfpu=fpv4-sp-d16 -mfloat-abi=hard -mthumb -o "Core/Src/main.o"
arm-none-eabi-gcc -o "reflow_oven.elf" @"objects.list"   -mcpu=cortex-m4 -T"/media/adrian/usb_a/Chambas/Inbiodroid/Horno_d_reflujo/Firmware/stm32f411/reflow_oven/STM32F411CEUX_FLASH.ld" --specs=nosys.specs -Wl,-Map="reflow_oven.map" -Wl,--gc-sections -static --specs=nano.specs -mfpu=fpv4-sp-d16 -mfloat-abi=hard -mthumb -u _printf_float -u _scanf_float -Wl,--start-group -lc -lm -Wl,--end-group
Finished building target: reflow_oven.elf
 
arm-none-eabi-size  reflow_oven.elf 
arm-none-eabi-objdump -h -S reflow_oven.elf  > "reflow_oven.list"
   text	   data	    bss	    dec	    hex	filename
  54056	   1240	   3000	  58296	   e3b8	reflow_oven.elf
Finished building: default.size.stdout
 
Finished building: reflow_oven.list
 
00:42:33 **** Incremental Build of configuration Debug for project reflow_oven ****
make -j12 all 
arm-none-eabi-gcc "../Core/Src/logic_control/reflow_oven_process.c" -mcpu=cortex-m4 -std=gnu11 -g3 -DDEBUG -DUSE_HAL_DRIVER -DSTM32F411xE -c -I../Core/Inc -I../Drivers/STM32F4xx_HAL_Driver/Inc -I../Drivers/STM32F4xx_HAL_Driver/Inc/Legacy -I../Drivers/CMSIS/Device/ST/STM32F4xx/Include -I../Drivers/CMSIS/Include -O0 -ffunction-sections -fdata-sections -Wall -fstack-usage -fcyclomatic-complexity -MMD -MP -MF"Core/Src/logic_control/reflow_oven_process.d" -MT"Core/Src/logic_control/reflow_oven_process.o" --specs=nano.specs -mfpu=fpv4-sp-d16 -mfloat-abi=hard -mthumb -o "Core/Src/logic_control/reflow_oven_process.o"
arm-none-eabi-gcc "../Core/Src/main.c" -mcpu=cortex-m4 -std=gnu11 -g3 -DDEBUG -DUSE_HAL_DRIVER -DSTM32F411xE -c -I../Core/Inc -I../Drivers/STM32F4xx_HAL_Driver/Inc -I../Drivers/STM32F4xx_HAL_Driver/Inc/Legacy -I../Drivers/CMSIS/Device/ST/STM32F4xx/Include -I../Drivers/CMSIS/Include -O0 -ffunction-sections -fdata-sections -Wall -fstack-usage -fcyclomatic-complexity -MMD -MP -MF"Core/Src/main.d" -MT"Core/Src/main.o" --specs=nano.specs -mfpu=fpv4-sp-d16 -mfloat-abi=hard -mthumb -o "Core/Src/main.o"
arm-none-eabi-gcc -o "reflow_oven.elf" @"objects.list"   -mcpu=cortex-m4 -T"/media/adrian/usb_a/Chambas/Inbiodroid/Horno_d_reflujo/Firmware/stm32f411/reflow_oven/STM32F411CEUX_FLASH.ld" --specs=nosys.specs -Wl,-Map="reflow_oven.map" -Wl,--gc-sections -static --specs=nano.specs -mfpu=fpv4-sp-d16 -mfloat-abi=hard -mthumb -u _printf_float -u _scanf_float -Wl,--start-group -lc -lm -Wl,--end-group
Finished building target: reflow_oven.elf
 
arm-none-eabi-size  reflow_oven.elf 
arm-none-eabi-objdump -h -S reflow_oven.elf  > "reflow_oven.list"
   text	   data	    bss	    dec	    hex	filename
  54048	   1240	   3000	  58288	   e3b0	reflow_oven.elf
Finished building: default.size.stdout
 
Finished building: reflow_oven.list
 
01:48:02 **** Incremental Build of configuration Debug for project reflow_oven ****
make -j12 all 
arm-none-eabi-gcc "../Core/Src/main.c" -mcpu=cortex-m4 -std=gnu11 -g3 -DDEBUG -DUSE_HAL_DRIVER -DSTM32F411xE -c -I../Core/Inc -I../Drivers/STM32F4xx_HAL_Driver/Inc -I../Drivers/STM32F4xx_HAL_Driver/Inc/Legacy -I../Drivers/CMSIS/Device/ST/STM32F4xx/Include -I../Drivers/CMSIS/Include -O0 -ffunction-sections -fdata-sections -Wall -fstack-usage -fcyclomatic-complexity -MMD -MP -MF"Core/Src/main.d" -MT"Core/Src/main.o" --specs=nano.specs -mfpu=fpv4-sp-d16 -mfloat-abi=hard -mthumb -o "Core/Src/main.o"
../Core/Src/main.c: In function 'main':
../Core/Src/main.c:191:33: error: 'RXbuf' undeclared (first use in this function); did you mean 'RXbuffer'?
  191 |   HAL_UART_Receive_DMA(&huart1, RXbuf, Size);
      |                                 ^~~~~
      |                                 RXbuffer
../Core/Src/main.c:191:33: note: each undeclared identifier is reported only once for each function it appears in
../Core/Src/main.c:191:40: error: 'Size' undeclared (first use in this function); did you mean 'size_t'?
  191 |   HAL_UART_Receive_DMA(&huart1, RXbuf, Size);
      |                                        ^~~~
      |                                        size_t
make: *** [Core/Src/subdir.mk:34: Core/Src/main.o] Error 1
"make -j12 all" terminated with exit code 2. Build might be incomplete.
01:48:17 **** Incremental Build of configuration Debug for project reflow_oven ****
make -j12 all 
arm-none-eabi-gcc "../Core/Src/main.c" -mcpu=cortex-m4 -std=gnu11 -g3 -DDEBUG -DUSE_HAL_DRIVER -DSTM32F411xE -c -I../Core/Inc -I../Drivers/STM32F4xx_HAL_Driver/Inc -I../Drivers/STM32F4xx_HAL_Driver/Inc/Legacy -I../Drivers/CMSIS/Device/ST/STM32F4xx/Include -I../Drivers/CMSIS/Include -O0 -ffunction-sections -fdata-sections -Wall -fstack-usage -fcyclomatic-complexity -MMD -MP -MF"Core/Src/main.d" -MT"Core/Src/main.o" --specs=nano.specs -mfpu=fpv4-sp-d16 -mfloat-abi=hard -mthumb -o "Core/Src/main.o"
../Core/Src/main.c: In function 'main':
../Core/Src/main.c:191:33: error: 'RXbuf' undeclared (first use in this function); did you mean 'RXbuffer'?
  191 |   HAL_UART_Receive_DMA(&huart1, RXbuf, Size);
      |                                 ^~~~~
      |                                 RXbuffer
../Core/Src/main.c:191:33: note: each undeclared identifier is reported only once for each function it appears in
../Core/Src/main.c:191:40: error: 'Size' undeclared (first use in this function); did you mean 'size_t'?
  191 |   HAL_UART_Receive_DMA(&huart1, RXbuf, Size);
      |                                        ^~~~
      |                                        size_t
make: *** [Core/Src/subdir.mk:34: Core/Src/main.o] Error 1
"make -j12 all" terminated with exit code 2. Build might be incomplete.
