2025-06-30 17:46:38,294 [INFO] Activator:176 - 


2025-06-30 17:46:38,297 [INFO] Activator:177 - !SESSION log4j initialized
2025-06-30 17:46:41,399 [INFO] LogOutputStream:77 - [STDOUT_REDIRECT] 
2025-06-30 17:46:50,909 [INFO] ApplicationProperties:184 - Using Application install path: /home/adrian/st/stm32cubeide_1.18.1/plugins/com.st.stm32cube.common.mx_6.14.1.202504091515
2025-06-30 17:46:50,926 [INFO] DbMcusXml:78 - Set database path to: /home/adrian/st/stm32cubeide_1.18.1/plugins/com.st.stm32cube.common.mx_6.14.1.202504091515//db//mcu/
2025-06-30 17:46:50,926 [INFO] ApiDb:274 - Set plugin database path to: /home/adrian/st/stm32cubeide_1.18.1/plugins/com.st.stm32cube.common.mx_6.14.1.202504091515//db//plugins/boardmanager/
2025-06-30 17:46:50,927 [WARN] ApiDb:259 - Overriding images path with different value:  => /home/adrian/st/stm32cubeide_1.18.1/plugins/com.st.stm32cube.common.mx_6.14.1.202504091515//db//plugins/mcufinder/images/
2025-06-30 17:46:50,931 [INFO] ApiDb:250 - Set database path to: /home/adrian/.stmcufinder/plugins/mcufinder//mcu/
2025-06-30 17:46:50,932 [INFO] DbMcusAds:125 - Set database path to: /home/adrian/.stmcufinder/plugins/mcufinder//mcu/
2025-06-30 17:46:50,934 [INFO] CrossReferenceDbSqlite:203 - Set database path to: /home/adrian/.stmcufinder/plugins/mcufinder//mcu/cs/
2025-06-30 17:46:51,028 [INFO] RulesReader:64 - Compatibility file has been processed (302 Rules)
2025-06-30 17:46:51,086 [INFO] DbMcusXml:78 - Set database path to: /home/adrian/st/stm32cubeide_1.18.1/plugins/com.st.stm32cube.common.mx_6.14.1.202504091515//db//mcu/
2025-06-30 17:46:51,086 [INFO] ApiDb:274 - Set plugin database path to: /home/adrian/st/stm32cubeide_1.18.1/plugins/com.st.stm32cube.common.mx_6.14.1.202504091515//db//plugins/boardmanager/
2025-06-30 17:46:51,086 [INFO] ApiDb:261 - Set plugin images path to: /home/adrian/st/stm32cubeide_1.18.1/plugins/com.st.stm32cube.common.mx_6.14.1.202504091515//db//plugins/mcufinder/images/
2025-06-30 17:46:51,087 [WARN] DbFile:41 - Overriding database path with different value: /home/adrian/.stmcufinder/plugins/mcufinder/ => /home/adrian/.stmcufinder/plugins/mcufinder
2025-06-30 17:46:51,087 [INFO] ApiDb:250 - Set database path to: /home/adrian/.stmcufinder/plugins/mcufinder//mcu/
2025-06-30 17:46:51,087 [WARN] DbFile:41 - Overriding database path with different value: /home/adrian/.stmcufinder/plugins/mcufinder/ => /home/adrian/.stmcufinder/plugins/mcufinder
2025-06-30 17:46:51,087 [INFO] DbMcusAds:125 - Set database path to: /home/adrian/.stmcufinder/plugins/mcufinder//mcu/
2025-06-30 17:46:51,087 [WARN] DbFile:41 - Overriding database path with different value: /home/adrian/.stmcufinder/plugins/mcufinder/ => /home/adrian/.stmcufinder/plugins/mcufinder
2025-06-30 17:46:51,087 [WARN] DbFile:41 - Overriding database path with different value: /home/adrian/.stmcufinder/plugins/mcufinder/ => /home/adrian/.stmcufinder/plugins/mcufinder
2025-06-30 17:46:51,087 [INFO] CrossReferenceDbSqlite:203 - Set database path to: /home/adrian/.stmcufinder/plugins/mcufinder//mcu/cs/
2025-06-30 17:46:51,141 [INFO] MainPanel:272 - HeapMemory: 268435456
2025-06-30 17:46:51,260 [INFO] DbMcusXml:78 - Set database path to: /home/adrian/st/stm32cubeide_1.18.1/plugins/com.st.stm32cube.common.mx_6.14.1.202504091515//db//mcu/
2025-06-30 17:46:51,260 [INFO] ApiDb:274 - Set plugin database path to: /home/adrian/st/stm32cubeide_1.18.1/plugins/com.st.stm32cube.common.mx_6.14.1.202504091515//db//plugins/boardmanager/
2025-06-30 17:46:51,260 [INFO] ApiDb:261 - Set plugin images path to: /home/adrian/st/stm32cubeide_1.18.1/plugins/com.st.stm32cube.common.mx_6.14.1.202504091515//db//plugins/mcufinder/images/
2025-06-30 17:46:51,261 [WARN] DbFile:41 - Overriding database path with different value: /home/adrian/.stmcufinder/plugins/mcufinder/ => /home/adrian/.stmcufinder/plugins/mcufinder
2025-06-30 17:46:51,261 [INFO] ApiDb:250 - Set database path to: /home/adrian/.stmcufinder/plugins/mcufinder//mcu/
2025-06-30 17:46:51,261 [WARN] DbFile:41 - Overriding database path with different value: /home/adrian/.stmcufinder/plugins/mcufinder/ => /home/adrian/.stmcufinder/plugins/mcufinder
2025-06-30 17:46:51,261 [INFO] DbMcusAds:125 - Set database path to: /home/adrian/.stmcufinder/plugins/mcufinder//mcu/
2025-06-30 17:46:51,261 [WARN] DbFile:41 - Overriding database path with different value: /home/adrian/.stmcufinder/plugins/mcufinder/ => /home/adrian/.stmcufinder/plugins/mcufinder
2025-06-30 17:46:51,261 [WARN] DbFile:41 - Overriding database path with different value: /home/adrian/.stmcufinder/plugins/mcufinder/ => /home/adrian/.stmcufinder/plugins/mcufinder
2025-06-30 17:46:51,261 [INFO] CrossReferenceDbSqlite:203 - Set database path to: /home/adrian/.stmcufinder/plugins/mcufinder//mcu/cs/
2025-06-30 17:46:51,278 [INFO] ApplicationProperties:184 - Using Application install path: /home/adrian/st/stm32cubeide_1.18.1/plugins/com.st.stm32cube.common.mx_6.14.1.202504091515
2025-06-30 17:46:51,280 [INFO] PluginManage:196 - Search for loadable plugins [exclusion list=, ]
2025-06-30 17:46:51,281 [INFO] PluginManage:310 - Check plugin analytics
2025-06-30 17:46:51,417 [INFO] AnalyticsPlugin:253 - Accepted Software Licenses: 
2025-06-30 17:46:51,418 [INFO] AnalyticsPlugin:255 - Accepted CMSIS Pack Licenses: 
2025-06-30 17:46:51,418 [INFO] AnalyticsPlugin:257 - Accepted Firmware Licenses: 
2025-06-30 17:46:51,420 [INFO] PluginManage:359 - Loaded plugin analytics (category:tool,tabindex:-1)
2025-06-30 17:46:51,420 [INFO] PluginManage:310 - Check plugin cadmodel
2025-06-30 17:46:51,423 [INFO] CADModel:105 - Init CAD model plugin
2025-06-30 17:46:51,423 [INFO] PluginManage:359 - Loaded plugin cadmodel (category:power,tabindex:5)
2025-06-30 17:46:51,423 [INFO] PluginManage:310 - Check plugin clock
2025-06-30 17:46:51,429 [INFO] PluginManage:359 - Loaded plugin clock (category:base,tabindex:2)
2025-06-30 17:46:51,429 [INFO] PluginManage:310 - Check plugin ddr
2025-06-30 17:46:51,430 [INFO] PluginManage:359 - Loaded plugin ddr (category:tool,tabindex:6)
2025-06-30 17:46:51,430 [INFO] PluginManage:310 - Check plugin filemanager
2025-06-30 17:46:51,541 [INFO] PluginManage:359 - Loaded plugin filemanager (category:base,tabindex:10)
2025-06-30 17:46:51,541 [INFO] PluginManage:310 - Check plugin ipmanager
2025-06-30 17:46:51,555 [INFO] PluginManage:359 - Loaded plugin ipmanager (category:base,tabindex:5)
2025-06-30 17:46:51,556 [INFO] PluginManage:310 - Check plugin lpbam
2025-06-30 17:46:51,564 [INFO] PluginManage:359 - Loaded plugin lpbam (category:base,tabindex:0)
2025-06-30 17:46:51,564 [INFO] PluginManage:310 - Check plugin memorymap
2025-06-30 17:46:51,572 [INFO] PluginManage:359 - Loaded plugin memorymap (category:base,tabindex:4)
2025-06-30 17:46:51,573 [INFO] PluginManage:310 - Check plugin pinoutandconfiguration
2025-06-30 17:46:51,578 [INFO] PluginManage:359 - Loaded plugin pinoutandconfiguration (category:base,tabindex:1)
2025-06-30 17:46:51,578 [INFO] PluginManage:310 - Check plugin pinoutconfig
2025-06-30 17:46:51,653 [WARN] SupportedApi:132 - Cannot load RTOS API schema: s4s-elt-must-match.1: The content of 'definitions' must match (annotation?, (simpleType | complexType)?, (unique | key | keyref)*)). A problem was found starting at: attribute.
2025-06-30 17:46:51,768 [INFO] PluginManage:359 - Loaded plugin pinoutconfig (category:base,tabindex:0)
2025-06-30 17:46:51,769 [INFO] PluginManage:310 - Check plugin power
2025-06-30 17:46:51,774 [INFO] PluginManage:359 - Loaded plugin power (category:power,tabindex:4)
2025-06-30 17:46:51,774 [INFO] PluginManage:310 - Check plugin projectmanager
2025-06-30 17:46:51,786 [INFO] PluginManage:359 - Loaded plugin projectmanager (category:projectmanager,tabindex:4)
2025-06-30 17:46:51,786 [INFO] PluginManage:310 - Check plugin rif
2025-06-30 17:46:51,801 [INFO] PluginManage:359 - Loaded plugin rif (category:base,tabindex:3)
2025-06-30 17:46:51,801 [INFO] PluginManage:310 - Check plugin thirdparty
2025-06-30 17:46:51,911 [INFO] PluginManage:359 - Loaded plugin thirdparty (category:base,tabindex:-1)
2025-06-30 17:46:51,911 [WARN] IntegrityCheckThread:84 - waiting for thirdparty lock release [integrity check]
2025-06-30 17:46:51,911 [INFO] PluginManage:310 - Check plugin tools
2025-06-30 17:46:51,911 [INFO] IntegrityCheckThread:86 - entering critical section [integrity check]
2025-06-30 17:46:51,912 [INFO] ThirdPartyUpdaterWithRetryManager:70 - Updater plugin not ready yet. [1/15]
2025-06-30 17:46:51,913 [INFO] PluginManage:359 - Loaded plugin tools (category:base,tabindex:7)
2025-06-30 17:46:51,913 [INFO] PluginManage:310 - Check plugin tutovideos
2025-06-30 17:46:52,035 [INFO] PluginManage:359 - Loaded plugin tutovideos (category:base,tabindex:-1)
2025-06-30 17:46:52,035 [INFO] PluginManage:310 - Check plugin updater
2025-06-30 17:46:52,058 [INFO] PluginManage:359 - Loaded plugin updater (category:base,tabindex:12)
2025-06-30 17:46:52,058 [INFO] PluginManage:310 - Check plugin userauth
2025-06-30 17:46:52,061 [INFO] UserAuth:118 - Init User Auth plugin
2025-06-30 17:46:52,062 [INFO] PluginManage:359 - Loaded plugin userauth (category:base,tabindex:14)
2025-06-30 17:46:52,062 [INFO] PluginManage:283 - PluginManage : Loaded plugins [18]
2025-06-30 17:46:52,196 [INFO] PinOutPanel:1589 - setPackage(No Configuration,No Configuration)
2025-06-30 17:46:52,245 [INFO] CADModel:165 - CPN selected for project level
2025-06-30 17:46:52,245 [INFO] CADModel:114 - Register for checkConnection events
2025-06-30 17:46:52,253 [INFO] IPUIPlugin:80 - create IPUIPlugin
2025-06-30 17:46:52,253 [INFO] PluginManager:220 - loadIPPluginJar : add lorawan
2025-06-30 17:46:52,257 [INFO] IPUIPlugin:80 - create IPUIPlugin
2025-06-30 17:46:52,258 [INFO] PluginManager:220 - loadIPPluginJar : add freertos
2025-06-30 17:46:52,260 [INFO] IPUIPlugin:80 - create IPUIPlugin
2025-06-30 17:46:52,260 [INFO] PluginManager:220 - loadIPPluginJar : add gtzc
2025-06-30 17:46:52,262 [INFO] IPUIPlugin:80 - create IPUIPlugin
2025-06-30 17:46:52,262 [INFO] PluginManager:220 - loadIPPluginJar : add dfsdm
2025-06-30 17:46:52,264 [INFO] IPUIPlugin:80 - create IPUIPlugin
2025-06-30 17:46:52,264 [INFO] PluginManager:220 - loadIPPluginJar : add tim
2025-06-30 17:46:52,265 [INFO] IPUIPlugin:80 - create IPUIPlugin
2025-06-30 17:46:52,265 [INFO] PluginManager:220 - loadIPPluginJar : add openamp
2025-06-30 17:46:52,266 [INFO] IPUIPlugin:80 - create IPUIPlugin
2025-06-30 17:46:52,266 [INFO] PluginManager:220 - loadIPPluginJar : add tsc
2025-06-30 17:46:52,268 [INFO] IPUIPlugin:80 - create IPUIPlugin
2025-06-30 17:46:52,268 [INFO] PluginManager:220 - loadIPPluginJar : add i2c
2025-06-30 17:46:52,269 [INFO] IPUIPlugin:80 - create IPUIPlugin
2025-06-30 17:46:52,269 [INFO] PluginManager:220 - loadIPPluginJar : add i2s
2025-06-30 17:46:52,270 [INFO] IPUIPlugin:80 - create IPUIPlugin
2025-06-30 17:46:52,270 [INFO] PluginManager:220 - loadIPPluginJar : add can
2025-06-30 17:46:52,274 [INFO] IPUIPlugin:80 - create IPUIPlugin
2025-06-30 17:46:52,275 [INFO] PluginManager:220 - loadIPPluginJar : add linkedlist
2025-06-30 17:46:52,277 [INFO] IPUIPlugin:80 - create IPUIPlugin
2025-06-30 17:46:52,277 [INFO] PluginManager:220 - loadIPPluginJar : add touchsensing
2025-06-30 17:46:52,279 [INFO] IPUIPlugin:80 - create IPUIPlugin
2025-06-30 17:46:52,279 [INFO] PluginManager:220 - loadIPPluginJar : add pdm2pcm
2025-06-30 17:46:52,281 [INFO] IPUIPlugin:80 - create IPUIPlugin
2025-06-30 17:46:52,282 [INFO] PluginManager:220 - loadIPPluginJar : add gpio
2025-06-30 17:46:52,286 [INFO] IPUIPlugin:80 - create IPUIPlugin
2025-06-30 17:46:52,287 [INFO] PluginManager:220 - loadIPPluginJar : add stm32_wpan
2025-06-30 17:46:52,288 [INFO] IPUIPlugin:80 - create IPUIPlugin
2025-06-30 17:46:52,288 [INFO] PluginManager:220 - loadIPPluginJar : add fatfs
2025-06-30 17:46:52,289 [INFO] IPUIPlugin:80 - create IPUIPlugin
2025-06-30 17:46:52,289 [INFO] PluginManager:220 - loadIPPluginJar : add aes
2025-06-30 17:46:52,290 [INFO] IPUIPlugin:80 - create IPUIPlugin
2025-06-30 17:46:52,290 [INFO] PluginManager:220 - loadIPPluginJar : add opamp
2025-06-30 17:46:52,291 [INFO] IPUIPlugin:80 - create IPUIPlugin
2025-06-30 17:46:52,291 [INFO] PluginManager:220 - loadIPPluginJar : add comp
2025-06-30 17:46:52,292 [INFO] IPUIPlugin:80 - create IPUIPlugin
2025-06-30 17:46:52,292 [INFO] PluginManager:220 - loadIPPluginJar : add genericplugin
2025-06-30 17:46:52,294 [INFO] IPUIPlugin:80 - create IPUIPlugin
2025-06-30 17:46:52,294 [INFO] PluginManager:220 - loadIPPluginJar : add ddr_ctrl_phy
2025-06-30 17:46:52,295 [INFO] IPUIPlugin:80 - create IPUIPlugin
2025-06-30 17:46:52,296 [INFO] PluginManager:220 - loadIPPluginJar : add usart
2025-06-30 17:46:52,299 [INFO] IPUIPlugin:80 - create IPUIPlugin
2025-06-30 17:46:52,299 [INFO] PluginManager:220 - loadIPPluginJar : add mdma
2025-06-30 17:46:52,300 [INFO] IPUIPlugin:80 - create IPUIPlugin
2025-06-30 17:46:52,301 [INFO] PluginManager:220 - loadIPPluginJar : add tracer_emb
2025-06-30 17:46:52,302 [INFO] IPUIPlugin:80 - create IPUIPlugin
2025-06-30 17:46:52,302 [INFO] PluginManager:220 - loadIPPluginJar : add usbx
2025-06-30 17:46:52,306 [INFO] IPUIPlugin:80 - create IPUIPlugin
2025-06-30 17:46:52,308 [INFO] PluginManager:220 - loadIPPluginJar : add plateformsettings
2025-06-30 17:46:52,309 [INFO] IPUIPlugin:80 - create IPUIPlugin
2025-06-30 17:46:52,309 [INFO] PluginManager:220 - loadIPPluginJar : add quadspi
2025-06-30 17:46:52,311 [INFO] IPUIPlugin:80 - create IPUIPlugin
2025-06-30 17:46:52,311 [INFO] PluginManager:220 - loadIPPluginJar : add resmgrutility
2025-06-30 17:46:52,314 [INFO] IPUIPlugin:80 - create IPUIPlugin
2025-06-30 17:46:52,314 [INFO] PluginManager:220 - loadIPPluginJar : add gic
2025-06-30 17:46:52,315 [INFO] IPUIPlugin:80 - create IPUIPlugin
2025-06-30 17:46:52,316 [INFO] PluginManager:220 - loadIPPluginJar : add radio
2025-06-30 17:46:52,318 [INFO] IPUIPlugin:80 - create IPUIPlugin
2025-06-30 17:46:52,318 [INFO] PluginManager:220 - loadIPPluginJar : add ipddr
2025-06-30 17:46:52,326 [INFO] IPUIPlugin:80 - create IPUIPlugin
2025-06-30 17:46:52,326 [INFO] PluginManager:220 - loadIPPluginJar : add hash
2025-06-30 17:46:52,328 [INFO] IPUIPlugin:80 - create IPUIPlugin
2025-06-30 17:46:52,328 [INFO] PluginManager:220 - loadIPPluginJar : add gfxmmu
2025-06-30 17:46:52,331 [INFO] IPUIPlugin:80 - create IPUIPlugin
2025-06-30 17:46:52,331 [INFO] PluginManager:220 - loadIPPluginJar : add fmc
2025-06-30 17:46:52,333 [INFO] IPUIPlugin:80 - create IPUIPlugin
2025-06-30 17:46:52,333 [INFO] PluginManager:220 - loadIPPluginJar : add spi
2025-06-30 17:46:52,334 [INFO] IPUIPlugin:80 - create IPUIPlugin
2025-06-30 17:46:52,334 [INFO] PluginManager:220 - loadIPPluginJar : add dma3
2025-06-30 17:46:52,334 [INFO] IPUIPlugin:80 - create IPUIPlugin
2025-06-30 17:46:52,335 [INFO] PluginManager:220 - loadIPPluginJar : add ltdc
2025-06-30 17:46:52,336 [INFO] IPUIPlugin:80 - create IPUIPlugin
2025-06-30 17:46:52,336 [INFO] PluginManager:220 - loadIPPluginJar : add extmemmanager
2025-06-30 17:46:52,337 [INFO] IPUIPlugin:80 - create IPUIPlugin
2025-06-30 17:46:52,337 [INFO] PluginManager:220 - loadIPPluginJar : add ucpd
2025-06-30 17:46:52,340 [INFO] IPUIPlugin:80 - create IPUIPlugin
2025-06-30 17:46:52,340 [INFO] PluginManager:220 - loadIPPluginJar : add dma
2025-06-30 17:46:52,341 [INFO] IPUIPlugin:80 - create IPUIPlugin
2025-06-30 17:46:52,341 [INFO] PluginManager:220 - loadIPPluginJar : add ts
2025-06-30 17:46:52,345 [INFO] IPUIPlugin:80 - create IPUIPlugin
2025-06-30 17:46:52,345 [INFO] PluginManager:220 - loadIPPluginJar : add adc
2025-06-30 17:46:52,347 [INFO] IPUIPlugin:80 - create IPUIPlugin
2025-06-30 17:46:52,347 [INFO] PluginManager:220 - loadIPPluginJar : add i3c
2025-06-30 17:46:52,349 [INFO] IPUIPlugin:80 - create IPUIPlugin
2025-06-30 17:46:52,349 [INFO] PluginManager:220 - loadIPPluginJar : add sai
2025-06-30 17:46:52,350 [INFO] IPUIPlugin:80 - create IPUIPlugin
2025-06-30 17:46:52,350 [INFO] PluginManager:220 - loadIPPluginJar : add cryp
2025-06-30 17:46:52,352 [INFO] IPUIPlugin:80 - create IPUIPlugin
2025-06-30 17:46:52,352 [INFO] PluginManager:220 - loadIPPluginJar : add nvic
2025-06-30 17:46:52,446 [FATAL] Updater:351 - Updater called before beeing initialized
2025-06-30 17:46:52,471 [INFO] RulesReader:64 - Compatibility file has been processed (302 Rules)
2025-06-30 17:46:52,483 [INFO] RulesReader:64 - Compatibility file has been processed (302 Rules)
2025-06-30 17:46:52,488 [INFO] CADModel:165 - CPN selected for project level
2025-06-30 17:46:52,489 [INFO] CADModel:114 - Register for checkConnection events
2025-06-30 17:46:52,489 [FATAL] Updater:351 - Updater called before beeing initialized
2025-06-30 17:46:52,489 [ERROR] CADModel:125 - Updater not yet initialized, retry later 
2025-06-30 17:46:52,599 [FATAL] Updater:351 - Updater called before beeing initialized
2025-06-30 17:46:52,601 [INFO] CADModel:165 - CPN selected for project level
2025-06-30 17:46:52,601 [INFO] CADModel:114 - Register for checkConnection events
2025-06-30 17:46:52,601 [FATAL] Updater:351 - Updater called before beeing initialized
2025-06-30 17:46:52,601 [ERROR] CADModel:125 - Updater not yet initialized, retry later 
2025-06-30 17:46:52,604 [FATAL] Updater:351 - Updater called before beeing initialized
2025-06-30 17:46:52,688 [FATAL] Updater:351 - Updater called before beeing initialized
2025-06-30 17:46:52,691 [INFO] DbMcusAds:53 - JSON generation date=Thu Sep 30 01:55:09 CDT 2021 (1632984909247)
2025-06-30 17:46:52,691 [FATAL] Updater:351 - Updater called before beeing initialized
2025-06-30 17:46:52,715 [WARN] DetailPanel:346 - Failed to get advertising image, set to default
2025-06-30 17:46:52,928 [FATAL] Updater:351 - Updater called before beeing initialized
2025-06-30 17:46:52,930 [FATAL] Updater:351 - Updater called before beeing initialized
2025-06-30 17:46:52,930 [FATAL] Updater:351 - Updater called before beeing initialized
2025-06-30 17:46:52,930 [WARN] DetailPanel:346 - Failed to get advertising image, set to default
2025-06-30 17:46:52,931 [FATAL] Updater:351 - Updater called before beeing initialized
2025-06-30 17:46:52,956 [ERROR] Updater:1198 - MainUpdater not yet initialized. External WinMGr cannot be set.
2025-06-30 17:46:52,957 [INFO] Updater:1134 - Updater Version found : 6.14.1
2025-06-30 17:46:52,978 [INFO] ApplicationProperties:184 - Using Application install path: /home/adrian/st/stm32cubeide_1.18.1/plugins/com.st.stm32cube.common.mx_6.14.1.202504091515
2025-06-30 17:46:53,267 [INFO] MainUpdater:2872 - connection check result : 10
2025-06-30 17:46:53,268 [INFO] MainUpdater:289 - Updater Check For Update Now.
2025-06-30 17:46:53,268 [INFO] MicroXplorer:498 - Change Database Version : DB.6.0.141
2025-06-30 17:46:53,272 [INFO] McuFinderGlobals:63 - Set McuFinder mode to 2 (CubeIDE integrated)
2025-06-30 17:46:53,272 [INFO] UserAuth:171 - activating auth plugin
2025-06-30 17:46:53,274 [INFO] UserAuth:484 - Internet connection configuration mode: 1
2025-06-30 17:46:54,991 [WARN] PackLoader:240 - Cannot read IP mode file for STMicroelectronics.FP-SNS-MOTENVWB1.1.4.0
2025-06-30 17:46:53,416 [INFO] CheckServerUpdateThread:120 - End of CheckServer Thread
2025-06-30 17:46:56,262 [WARN] PackLoader:240 - Cannot read IP mode file for STMicroelectronics.FP-ATR-ASTRA1.2.0.2
2025-06-30 17:46:56,267 [INFO] JxBrowserEngine:152 - Initiate JxBrowser Engine with user profile folder
2025-06-30 17:46:56,267 [WARN] PackLoader:240 - Cannot read IP mode file for STMicroelectronics.X-CUBE-SMBUS.2.1.0
2025-06-30 17:46:56,270 [WARN] PackLoader:240 - Cannot read IP mode file for STMicroelectronics.X-CUBE-ST60.1.0.0
2025-06-30 17:46:56,290 [WARN] PackLoader:240 - Cannot read IP mode file for STMicroelectronics.X-CUBE-AZRTOS-F7.1.1.0
2025-06-30 17:46:56,318 [WARN] PackLoader:240 - Cannot read IP mode file for Infineon.AIROC-Wi-Fi-Bluetooth-STM32.1.7.0
2025-06-30 17:46:56,332 [WARN] PackLoader:240 - Cannot read IP mode file for STMicroelectronics.X-CUBE-DISPLAY.3.0.0
2025-06-30 17:46:56,344 [WARN] PackLoader:240 - Cannot read IP mode file for STMicroelectronics.X-CUBE-NFC10.1.0.0
2025-06-30 17:46:56,372 [WARN] PackLoader:240 - Cannot read IP mode file for STMicroelectronics.X-CUBE-BLEMGR.4.0.0
2025-06-30 17:46:56,381 [WARN] PackLoader:240 - Cannot read IP mode file for emotas.I-CUBE-CANOPEN.1.3.0
2025-06-30 17:46:56,384 [WARN] ConditionMgr:438 - getConditionDescription Invalid condition id : Cortex-A Device cause : null
2025-06-30 17:46:56,394 [WARN] ConditionMgr:1044 - genDependencies : Invalid condition id : Cortex-A Device cause : null
2025-06-30 17:46:56,394 [WARN] ConditionMgr:1044 - genDependencies : Invalid condition id : Cortex-A Device cause : null
2025-06-30 17:46:56,394 [WARN] ConditionMgr:1044 - genDependencies : Invalid condition id : Cortex-A Device cause : null
2025-06-30 17:46:56,397 [WARN] PackLoader:240 - Cannot read IP mode file for STMicroelectronics.FP-SNS-SMARTAG2.1.2.0
2025-06-30 17:46:56,400 [WARN] PackLoader:240 - Cannot read IP mode file for STMicroelectronics.FP-SNS-FLIGHT1.5.1.0
2025-06-30 17:46:56,407 [INFO] LogOutputStream:77 - [STDOUT_REDIRECT] 1 : Invalid condition id : UX_CORESTACK_Condition cause : null
2025-06-30 17:46:56,408 [INFO] LogOutputStream:77 - [STDOUT_REDIRECT] 1 : Invalid condition id : UX_CORESTACK_Condition cause : null
2025-06-30 17:46:56,408 [INFO] LogOutputStream:77 - [STDOUT_REDIRECT] 1 : Invalid condition id : UX_CORESTACK_Condition cause : null
2025-06-30 17:46:56,408 [INFO] LogOutputStream:77 - [STDOUT_REDIRECT] 1 : Invalid condition id : UX_CORESTACK_Condition cause : null
2025-06-30 17:46:56,409 [INFO] LogOutputStream:77 - [STDOUT_REDIRECT] 1 : Invalid condition id : UX_CORESTACK_Condition cause : null
2025-06-30 17:46:56,412 [WARN] PackLoader:240 - Cannot read IP mode file for STMicroelectronics.X-CUBE-AZRTOS-WL.2.0.0
2025-06-30 17:46:56,416 [WARN] PackLoader:240 - Cannot read IP mode file for STMicroelectronics.FP-SNS-MOTENV1.5.0.0
2025-06-30 17:46:56,423 [WARN] PackLoader:240 - Cannot read IP mode file for WES.I-CUBE-Cesium.1.3.0
2025-06-30 17:46:56,427 [WARN] PackLoader:240 - Cannot read IP mode file for STMicroelectronics.X-CUBE-BLE2.3.3.0
2025-06-30 17:46:56,432 [WARN] PackLoader:240 - Cannot read IP mode file for STMicroelectronics.X-CUBE-NFC9.1.0.0
2025-06-30 17:46:56,436 [WARN] PackLoader:240 - Cannot read IP mode file for wolfSSL.I-CUBE-wolfSSL.5.8.0
2025-06-30 17:46:56,439 [WARN] PackLoader:240 - Cannot read IP mode file for STMicroelectronics.X-CUBE-BLE1.7.1.0
2025-06-30 17:46:56,441 [WARN] PackLoader:240 - Cannot read IP mode file for wolfSSL.I-CUBE-wolfMQTT.1.19.2
2025-06-30 17:46:56,444 [WARN] PackLoader:240 - Cannot read IP mode file for STMicroelectronics.X-CUBE-AI.10.1.0
2025-06-30 17:46:56,454 [WARN] PackLoader:240 - Cannot read IP mode file for STMicroelectronics.X-CUBE-AZRTOS-G0.1.1.0
2025-06-30 17:46:56,459 [WARN] PackLoader:240 - Cannot read IP mode file for STMicroelectronics.X-CUBE-SAFEA1.1.2.2
2025-06-30 17:46:56,462 [WARN] PackLoader:240 - Cannot read IP mode file for STMicroelectronics.X-CUBE-NFC4.3.0.0
2025-06-30 17:46:56,467 [WARN] PackLoader:240 - Cannot read IP mode file for EmbeddedOffice.I-CUBE-FS-RTOS.1.0.1
2025-06-30 17:46:56,470 [WARN] PackLoader:240 - Cannot read IP mode file for STMicroelectronics.X-CUBE-WB05N.2.0.0
2025-06-30 17:46:56,472 [WARN] PackLoader:240 - Cannot read IP mode file for wolfSSL.I-CUBE-wolfTPM.3.8.0
2025-06-30 17:46:56,474 [WARN] PackLoader:240 - Cannot read IP mode file for STMicroelectronics.X-CUBE-TCPP.4.2.0
2025-06-30 17:46:56,477 [WARN] PackLoader:240 - Cannot read IP mode file for RealThread.X-CUBE-RT-Thread_Nano.4.1.1
2025-06-30 17:46:56,479 [WARN] PackLoader:240 - Cannot read IP mode file for STMicroelectronics.FP-ATR-SIGFOX1.3.2.0
2025-06-30 17:46:56,482 [WARN] PackLoader:240 - Cannot read IP mode file for STMicroelectronics.X-CUBE-EEPRMA1.5.1.0
2025-06-30 17:46:56,485 [WARN] PackLoader:240 - Cannot read IP mode file for ITTIA_DB.I-CUBE-ITTIADB.8.9.0
2025-06-30 17:46:56,488 [WARN] PackLoader:240 - Cannot read IP mode file for STMicroelectronics.X-CUBE-ST67W61.1.0.0
2025-06-30 17:46:56,509 [WARN] PackLoader:240 - Cannot read IP mode file for SEGGER.I-CUBE-embOS.1.3.1
2025-06-30 17:46:56,535 [WARN] PackLoader:240 - Cannot read IP mode file for STMicroelectronics.X-CUBE-ALGOBUILD.1.4.0
2025-06-30 17:46:56,559 [WARN] PackLoader:240 - Cannot read IP mode file for STMicroelectronics.X-CUBE-MEMS1.11.3.0
2025-06-30 17:46:56,661 [WARN] PackLoader:240 - Cannot read IP mode file for STMicroelectronics.X-CUBE-PM33A1.1.0.0
2025-06-30 17:46:56,670 [WARN] PackLoader:240 - Cannot read IP mode file for STMicroelectronics.X-CUBE-AZRTOS-F4.1.1.0
2025-06-30 17:46:56,674 [WARN] PackLoader:240 - Cannot read IP mode file for Avnet-IotConnect.X-CUBE-IoTC-DA16k-PMOD.1.0.0
2025-06-30 17:46:56,678 [WARN] PackLoader:240 - Cannot read IP mode file for STMicroelectronics.X-CUBE-ISPU.2.1.0
2025-06-30 17:46:56,691 [WARN] PackLoader:240 - Cannot read IP mode file for STMicroelectronics.X-CUBE-AZRTOS-L5.2.0.0
2025-06-30 17:46:56,699 [WARN] PackLoader:240 - Cannot read IP mode file for STMicroelectronics.X-CUBE-NFC6.3.1.0
2025-06-30 17:46:56,703 [WARN] PackLoader:240 - Cannot read IP mode file for STMicroelectronics.X-CUBE-FREERTOS.1.3.1
2025-06-30 17:46:56,706 [WARN] PackLoader:240 - Cannot read IP mode file for STMicroelectronics.FP-SNS-STAIOTCFT.1.0.0
2025-06-30 17:46:56,709 [WARN] PackLoader:240 - Cannot read IP mode file for STMicroelectronics.X-CUBE-DPower.1.3.0
2025-06-30 17:46:56,718 [WARN] ConditionMgr:438 - getConditionDescription Invalid condition id : LAN8742 Phy interface Condition cause : null
2025-06-30 17:46:56,719 [WARN] PackLoader:240 - Cannot read IP mode file for STMicroelectronics.X-CUBE-AZRTOS-L4.2.0.0
2025-06-30 17:46:56,720 [WARN] ConditionMgr:1044 - genDependencies : Invalid condition id : LAN8742 Phy interface Condition cause : null
2025-06-30 17:46:56,720 [WARN] ConditionMgr:1044 - genDependencies : Invalid condition id : LAN8742 Phy interface Condition cause : null
2025-06-30 17:46:56,720 [WARN] ConditionMgr:1044 - genDependencies : Invalid condition id : LAN8742 Phy interface Condition cause : null
2025-06-30 17:46:56,724 [WARN] PackLoader:240 - Cannot read IP mode file for STMicroelectronics.X-CUBE-SFXS2LP1.4.0.0
2025-06-30 17:46:56,734 [WARN] PackLoader:240 - Cannot read IP mode file for STMicroelectronics.X-CUBE-AZRTOS-H7.3.3.0
2025-06-30 17:46:56,742 [WARN] ConditionMgr:438 - getConditionDescription Invalid condition id : UX DEVICE CLASS RTOS Condition cause : null
2025-06-30 17:46:56,742 [WARN] ConditionMgr:438 - getConditionDescription Invalid condition id : UX DEVICE CLASS RTOS Condition cause : null
2025-06-30 17:46:56,743 [WARN] PackLoader:240 - Cannot read IP mode file for STMicroelectronics.X-CUBE-AZRTOS-WB.2.0.0
2025-06-30 17:46:56,743 [WARN] ConditionMgr:1044 - genDependencies : Invalid condition id : UX DEVICE CLASS RTOS Condition cause : null
2025-06-30 17:46:56,743 [WARN] ConditionMgr:1044 - genDependencies : Invalid condition id : UX DEVICE CLASS RTOS Condition cause : null
2025-06-30 17:46:56,744 [WARN] ConditionMgr:1044 - genDependencies : Invalid condition id : UX DEVICE CLASS RTOS Condition cause : null
2025-06-30 17:46:56,744 [WARN] ConditionMgr:1044 - genDependencies : Invalid condition id : UX DEVICE CLASS RTOS Condition cause : null
2025-06-30 17:46:56,744 [WARN] ConditionMgr:1044 - genDependencies : Invalid condition id : UX DEVICE CLASS RTOS Condition cause : null
2025-06-30 17:46:56,747 [WARN] PackLoader:240 - Cannot read IP mode file for STMicroelectronics.X-CUBE-GNSS1.7.0.1
2025-06-30 17:46:56,749 [WARN] PackLoader:240 - Cannot read IP mode file for STMicroelectronics.X-CUBE-TOUCHGFX.4.25.0
2025-06-30 17:46:56,752 [WARN] PackLoader:240 - Cannot read IP mode file for STMicroelectronics.FP-SNS-STBOX1.2.0.0
2025-06-30 17:46:56,758 [WARN] PackLoader:240 - Cannot read IP mode file for STMicroelectronics.X-CUBE-SUBG2.5.0.0
2025-06-30 17:46:56,768 [WARN] PackLoader:240 - Cannot read IP mode file for STMicroelectronics.X-CUBE-AZRTOS-H7RS.1.1.0
2025-06-30 17:46:56,771 [WARN] PackLoader:240 - Cannot read IP mode file for Cesanta.I-CUBE-Mongoose.7.13.0
2025-06-30 17:46:56,773 [INFO] WebApp:169 - Instantiating new browser for Auth
2025-06-30 17:46:56,785 [WARN] PackLoader:240 - Cannot read IP mode file for STMicroelectronics.X-CUBE-AZRTOS-G4.2.0.0
2025-06-30 17:46:56,792 [WARN] PackLoader:240 - Cannot read IP mode file for wolfSSL.I-CUBE-wolfSSH.1.4.20
2025-06-30 17:46:56,795 [WARN] PackLoader:240 - Cannot read IP mode file for STMicroelectronics.X-CUBE-NFC7.2.0.0
2025-06-30 17:46:56,808 [WARN] PackLoader:240 - Cannot read IP mode file for STMicroelectronics.X-CUBE-IPS.3.1.0
2025-06-30 17:46:56,815 [WARN] PackLoader:240 - Cannot read IP mode file for STMicroelectronics.X-CUBE-ALS.1.0.2
2025-06-30 17:46:56,818 [WARN] PackLoader:240 - Cannot read IP mode file for portGmbH.I-Cube-SoM-uGOAL.1.1.0
2025-06-30 17:46:56,824 [WARN] PackLoader:240 - Cannot read IP mode file for STMicroelectronics.X-CUBE-TOF1.3.4.3
2025-06-30 17:46:56,835 [INFO] ThirdParty:978 - Integrity check success = true
2025-06-30 17:46:56,835 [INFO] IntegrityCheckThread:100 - exiting critical section [integrity check]
2025-06-30 17:46:56,835 [INFO] IntegrityCheckThread:103 - End integrity checks thread
2025-06-30 17:46:57,300 [INFO] WebApp:463 - Apply proxy settings
2025-06-30 17:46:57,301 [INFO] WebApp:548 - Chromium requires no authentication
2025-06-30 17:46:57,305 [INFO] WebApp:491 - Direct internet connection detected
2025-06-30 17:46:57,316 [INFO] WebApp:894 - Register for checkConnection events
2025-06-30 17:46:57,316 [INFO] WebApp:463 - Apply proxy settings
2025-06-30 17:46:57,316 [INFO] WebApp:548 - Chromium requires no authentication
2025-06-30 17:46:57,316 [INFO] WebApp:491 - Direct internet connection detected
2025-06-30 17:46:57,396 [INFO] WebApp:225 - Starting web application
2025-06-30 17:46:57,397 [INFO] WebApp:593 - Web application path used /home/adrian/st/stm32cubeide_1.18.1/plugins/com.st.stm32cube.common.mx_6.14.1.202504091515/db/plugins/mcufinder/reactClient1/index.html
2025-06-30 17:46:57,558 [INFO] WebApp:191 - Connection restablished
2025-06-30 18:07:44,701 [ERROR] LogOutputStream:75 - [STDERR_REDIRECT] 
2025-06-30 18:07:50,353 [INFO] Activator:176 - 


2025-06-30 18:07:50,354 [INFO] Activator:177 - !SESSION log4j initialized
2025-06-30 18:07:53,580 [INFO] LogOutputStream:77 - [STDOUT_REDIRECT] 
2025-06-30 18:07:54,684 [INFO] ApplicationProperties:184 - Using Application install path: /home/adrian/st/stm32cubeide_1.18.1/plugins/com.st.stm32cube.common.mx_6.14.1.202504091515
2025-06-30 18:07:54,697 [INFO] DbMcusXml:78 - Set database path to: /home/adrian/st/stm32cubeide_1.18.1/plugins/com.st.stm32cube.common.mx_6.14.1.202504091515//db//mcu/
2025-06-30 18:07:54,697 [INFO] ApiDb:274 - Set plugin database path to: /home/adrian/st/stm32cubeide_1.18.1/plugins/com.st.stm32cube.common.mx_6.14.1.202504091515//db//plugins/boardmanager/
2025-06-30 18:07:54,697 [WARN] ApiDb:259 - Overriding images path with different value:  => /home/adrian/st/stm32cubeide_1.18.1/plugins/com.st.stm32cube.common.mx_6.14.1.202504091515//db//plugins/mcufinder/images/
2025-06-30 18:07:54,699 [INFO] ApiDb:250 - Set database path to: /home/adrian/.stmcufinder/plugins/mcufinder//mcu/
2025-06-30 18:07:54,700 [INFO] DbMcusAds:125 - Set database path to: /home/adrian/.stmcufinder/plugins/mcufinder//mcu/
2025-06-30 18:07:54,701 [INFO] CrossReferenceDbSqlite:203 - Set database path to: /home/adrian/.stmcufinder/plugins/mcufinder//mcu/cs/
2025-06-30 18:07:54,774 [INFO] RulesReader:64 - Compatibility file has been processed (302 Rules)
2025-06-30 18:07:54,813 [INFO] DbMcusXml:78 - Set database path to: /home/adrian/st/stm32cubeide_1.18.1/plugins/com.st.stm32cube.common.mx_6.14.1.202504091515//db//mcu/
2025-06-30 18:07:54,813 [INFO] ApiDb:274 - Set plugin database path to: /home/adrian/st/stm32cubeide_1.18.1/plugins/com.st.stm32cube.common.mx_6.14.1.202504091515//db//plugins/boardmanager/
2025-06-30 18:07:54,813 [INFO] ApiDb:261 - Set plugin images path to: /home/adrian/st/stm32cubeide_1.18.1/plugins/com.st.stm32cube.common.mx_6.14.1.202504091515//db//plugins/mcufinder/images/
2025-06-30 18:07:54,814 [WARN] DbFile:41 - Overriding database path with different value: /home/adrian/.stmcufinder/plugins/mcufinder/ => /home/adrian/.stmcufinder/plugins/mcufinder
2025-06-30 18:07:54,814 [INFO] ApiDb:250 - Set database path to: /home/adrian/.stmcufinder/plugins/mcufinder//mcu/
2025-06-30 18:07:54,814 [WARN] DbFile:41 - Overriding database path with different value: /home/adrian/.stmcufinder/plugins/mcufinder/ => /home/adrian/.stmcufinder/plugins/mcufinder
2025-06-30 18:07:54,814 [INFO] DbMcusAds:125 - Set database path to: /home/adrian/.stmcufinder/plugins/mcufinder//mcu/
2025-06-30 18:07:54,814 [WARN] DbFile:41 - Overriding database path with different value: /home/adrian/.stmcufinder/plugins/mcufinder/ => /home/adrian/.stmcufinder/plugins/mcufinder
2025-06-30 18:07:54,814 [WARN] DbFile:41 - Overriding database path with different value: /home/adrian/.stmcufinder/plugins/mcufinder/ => /home/adrian/.stmcufinder/plugins/mcufinder
2025-06-30 18:07:54,814 [INFO] CrossReferenceDbSqlite:203 - Set database path to: /home/adrian/.stmcufinder/plugins/mcufinder//mcu/cs/
2025-06-30 18:07:54,855 [INFO] MainPanel:272 - HeapMemory: 268435456
2025-06-30 18:07:54,920 [INFO] DbMcusXml:78 - Set database path to: /home/adrian/st/stm32cubeide_1.18.1/plugins/com.st.stm32cube.common.mx_6.14.1.202504091515//db//mcu/
2025-06-30 18:07:54,921 [INFO] ApiDb:274 - Set plugin database path to: /home/adrian/st/stm32cubeide_1.18.1/plugins/com.st.stm32cube.common.mx_6.14.1.202504091515//db//plugins/boardmanager/
2025-06-30 18:07:54,921 [INFO] ApiDb:261 - Set plugin images path to: /home/adrian/st/stm32cubeide_1.18.1/plugins/com.st.stm32cube.common.mx_6.14.1.202504091515//db//plugins/mcufinder/images/
2025-06-30 18:07:54,921 [WARN] DbFile:41 - Overriding database path with different value: /home/adrian/.stmcufinder/plugins/mcufinder/ => /home/adrian/.stmcufinder/plugins/mcufinder
2025-06-30 18:07:54,921 [INFO] ApiDb:250 - Set database path to: /home/adrian/.stmcufinder/plugins/mcufinder//mcu/
2025-06-30 18:07:54,921 [WARN] DbFile:41 - Overriding database path with different value: /home/adrian/.stmcufinder/plugins/mcufinder/ => /home/adrian/.stmcufinder/plugins/mcufinder
2025-06-30 18:07:54,921 [INFO] DbMcusAds:125 - Set database path to: /home/adrian/.stmcufinder/plugins/mcufinder//mcu/
2025-06-30 18:07:54,921 [WARN] DbFile:41 - Overriding database path with different value: /home/adrian/.stmcufinder/plugins/mcufinder/ => /home/adrian/.stmcufinder/plugins/mcufinder
2025-06-30 18:07:54,921 [WARN] DbFile:41 - Overriding database path with different value: /home/adrian/.stmcufinder/plugins/mcufinder/ => /home/adrian/.stmcufinder/plugins/mcufinder
2025-06-30 18:07:54,921 [INFO] CrossReferenceDbSqlite:203 - Set database path to: /home/adrian/.stmcufinder/plugins/mcufinder//mcu/cs/
2025-06-30 18:07:54,932 [INFO] ApplicationProperties:184 - Using Application install path: /home/adrian/st/stm32cubeide_1.18.1/plugins/com.st.stm32cube.common.mx_6.14.1.202504091515
2025-06-30 18:07:54,933 [INFO] PluginManage:196 - Search for loadable plugins [exclusion list=, ]
2025-06-30 18:07:54,934 [INFO] PluginManage:310 - Check plugin analytics
2025-06-30 18:07:55,032 [INFO] AnalyticsPlugin:253 - Accepted Software Licenses: 
2025-06-30 18:07:55,032 [INFO] AnalyticsPlugin:255 - Accepted CMSIS Pack Licenses: 
2025-06-30 18:07:55,032 [INFO] AnalyticsPlugin:257 - Accepted Firmware Licenses: 
2025-06-30 18:07:55,034 [INFO] PluginManage:359 - Loaded plugin analytics (category:tool,tabindex:-1)
2025-06-30 18:07:55,034 [INFO] PluginManage:310 - Check plugin cadmodel
2025-06-30 18:07:55,036 [INFO] CADModel:105 - Init CAD model plugin
2025-06-30 18:07:55,037 [INFO] PluginManage:359 - Loaded plugin cadmodel (category:power,tabindex:5)
2025-06-30 18:07:55,037 [INFO] PluginManage:310 - Check plugin clock
2025-06-30 18:07:55,042 [INFO] PluginManage:359 - Loaded plugin clock (category:base,tabindex:2)
2025-06-30 18:07:55,042 [INFO] PluginManage:310 - Check plugin ddr
2025-06-30 18:07:55,043 [INFO] PluginManage:359 - Loaded plugin ddr (category:tool,tabindex:6)
2025-06-30 18:07:55,043 [INFO] PluginManage:310 - Check plugin filemanager
2025-06-30 18:07:55,138 [INFO] PluginManage:359 - Loaded plugin filemanager (category:base,tabindex:10)
2025-06-30 18:07:55,138 [INFO] PluginManage:310 - Check plugin ipmanager
2025-06-30 18:07:55,141 [INFO] PluginManage:359 - Loaded plugin ipmanager (category:base,tabindex:5)
2025-06-30 18:07:55,141 [INFO] PluginManage:310 - Check plugin lpbam
2025-06-30 18:07:55,146 [INFO] PluginManage:359 - Loaded plugin lpbam (category:base,tabindex:0)
2025-06-30 18:07:55,146 [INFO] PluginManage:310 - Check plugin memorymap
2025-06-30 18:07:55,153 [INFO] PluginManage:359 - Loaded plugin memorymap (category:base,tabindex:4)
2025-06-30 18:07:55,153 [INFO] PluginManage:310 - Check plugin pinoutandconfiguration
2025-06-30 18:07:55,157 [INFO] PluginManage:359 - Loaded plugin pinoutandconfiguration (category:base,tabindex:1)
2025-06-30 18:07:55,157 [INFO] PluginManage:310 - Check plugin pinoutconfig
2025-06-30 18:07:55,210 [WARN] SupportedApi:132 - Cannot load RTOS API schema: s4s-elt-must-match.1: The content of 'definitions' must match (annotation?, (simpleType | complexType)?, (unique | key | keyref)*)). A problem was found starting at: attribute.
2025-06-30 18:07:55,287 [INFO] PluginManage:359 - Loaded plugin pinoutconfig (category:base,tabindex:0)
2025-06-30 18:07:55,287 [INFO] PluginManage:310 - Check plugin power
2025-06-30 18:07:55,292 [INFO] PluginManage:359 - Loaded plugin power (category:power,tabindex:4)
2025-06-30 18:07:55,292 [INFO] PluginManage:310 - Check plugin projectmanager
2025-06-30 18:07:55,302 [INFO] PluginManage:359 - Loaded plugin projectmanager (category:projectmanager,tabindex:4)
2025-06-30 18:07:55,302 [INFO] PluginManage:310 - Check plugin rif
2025-06-30 18:07:55,306 [INFO] PluginManage:359 - Loaded plugin rif (category:base,tabindex:3)
2025-06-30 18:07:55,306 [INFO] PluginManage:310 - Check plugin thirdparty
2025-06-30 18:07:55,376 [INFO] PluginManage:359 - Loaded plugin thirdparty (category:base,tabindex:-1)
2025-06-30 18:07:55,376 [INFO] PluginManage:310 - Check plugin tools
2025-06-30 18:07:55,376 [WARN] IntegrityCheckThread:84 - waiting for thirdparty lock release [integrity check]
2025-06-30 18:07:55,376 [INFO] IntegrityCheckThread:86 - entering critical section [integrity check]
2025-06-30 18:07:55,376 [INFO] ThirdPartyUpdaterWithRetryManager:70 - Updater plugin not ready yet. [1/15]
2025-06-30 18:07:55,377 [INFO] PluginManage:359 - Loaded plugin tools (category:base,tabindex:7)
2025-06-30 18:07:55,378 [INFO] PluginManage:310 - Check plugin tutovideos
2025-06-30 18:07:55,487 [INFO] PluginManage:359 - Loaded plugin tutovideos (category:base,tabindex:-1)
2025-06-30 18:07:55,487 [INFO] PluginManage:310 - Check plugin updater
2025-06-30 18:07:55,502 [INFO] PluginManage:359 - Loaded plugin updater (category:base,tabindex:12)
2025-06-30 18:07:55,502 [INFO] PluginManage:310 - Check plugin userauth
2025-06-30 18:07:55,505 [INFO] UserAuth:118 - Init User Auth plugin
2025-06-30 18:07:55,506 [INFO] PluginManage:359 - Loaded plugin userauth (category:base,tabindex:14)
2025-06-30 18:07:55,506 [INFO] PluginManage:283 - PluginManage : Loaded plugins [18]
2025-06-30 18:07:55,616 [INFO] PinOutPanel:1589 - setPackage(No Configuration,No Configuration)
2025-06-30 18:07:55,662 [INFO] CADModel:165 - CPN selected for project level
2025-06-30 18:07:55,662 [INFO] CADModel:114 - Register for checkConnection events
2025-06-30 18:07:55,670 [INFO] IPUIPlugin:80 - create IPUIPlugin
2025-06-30 18:07:55,670 [INFO] PluginManager:220 - loadIPPluginJar : add lorawan
2025-06-30 18:07:55,673 [INFO] IPUIPlugin:80 - create IPUIPlugin
2025-06-30 18:07:55,674 [INFO] PluginManager:220 - loadIPPluginJar : add freertos
2025-06-30 18:07:55,675 [INFO] IPUIPlugin:80 - create IPUIPlugin
2025-06-30 18:07:55,675 [INFO] PluginManager:220 - loadIPPluginJar : add gtzc
2025-06-30 18:07:55,677 [INFO] IPUIPlugin:80 - create IPUIPlugin
2025-06-30 18:07:55,677 [INFO] PluginManager:220 - loadIPPluginJar : add dfsdm
2025-06-30 18:07:55,677 [INFO] IPUIPlugin:80 - create IPUIPlugin
2025-06-30 18:07:55,677 [INFO] PluginManager:220 - loadIPPluginJar : add tim
2025-06-30 18:07:55,679 [INFO] IPUIPlugin:80 - create IPUIPlugin
2025-06-30 18:07:55,679 [INFO] PluginManager:220 - loadIPPluginJar : add openamp
2025-06-30 18:07:55,679 [INFO] IPUIPlugin:80 - create IPUIPlugin
2025-06-30 18:07:55,679 [INFO] PluginManager:220 - loadIPPluginJar : add tsc
2025-06-30 18:07:55,681 [INFO] IPUIPlugin:80 - create IPUIPlugin
2025-06-30 18:07:55,681 [INFO] PluginManager:220 - loadIPPluginJar : add i2c
2025-06-30 18:07:55,682 [INFO] IPUIPlugin:80 - create IPUIPlugin
2025-06-30 18:07:55,682 [INFO] PluginManager:220 - loadIPPluginJar : add i2s
2025-06-30 18:07:55,683 [INFO] IPUIPlugin:80 - create IPUIPlugin
2025-06-30 18:07:55,683 [INFO] PluginManager:220 - loadIPPluginJar : add can
2025-06-30 18:07:55,687 [INFO] IPUIPlugin:80 - create IPUIPlugin
2025-06-30 18:07:55,687 [INFO] PluginManager:220 - loadIPPluginJar : add linkedlist
2025-06-30 18:07:55,689 [INFO] IPUIPlugin:80 - create IPUIPlugin
2025-06-30 18:07:55,689 [INFO] PluginManager:220 - loadIPPluginJar : add touchsensing
2025-06-30 18:07:55,691 [INFO] IPUIPlugin:80 - create IPUIPlugin
2025-06-30 18:07:55,691 [INFO] PluginManager:220 - loadIPPluginJar : add pdm2pcm
2025-06-30 18:07:55,694 [INFO] IPUIPlugin:80 - create IPUIPlugin
2025-06-30 18:07:55,694 [INFO] PluginManager:220 - loadIPPluginJar : add gpio
2025-06-30 18:07:55,699 [INFO] IPUIPlugin:80 - create IPUIPlugin
2025-06-30 18:07:55,699 [INFO] PluginManager:220 - loadIPPluginJar : add stm32_wpan
2025-06-30 18:07:55,700 [INFO] IPUIPlugin:80 - create IPUIPlugin
2025-06-30 18:07:55,700 [INFO] PluginManager:220 - loadIPPluginJar : add fatfs
2025-06-30 18:07:55,701 [INFO] IPUIPlugin:80 - create IPUIPlugin
2025-06-30 18:07:55,701 [INFO] PluginManager:220 - loadIPPluginJar : add aes
2025-06-30 18:07:55,703 [INFO] IPUIPlugin:80 - create IPUIPlugin
2025-06-30 18:07:55,703 [INFO] PluginManager:220 - loadIPPluginJar : add opamp
2025-06-30 18:07:55,703 [INFO] IPUIPlugin:80 - create IPUIPlugin
2025-06-30 18:07:55,703 [INFO] PluginManager:220 - loadIPPluginJar : add comp
2025-06-30 18:07:55,704 [INFO] IPUIPlugin:80 - create IPUIPlugin
2025-06-30 18:07:55,704 [INFO] PluginManager:220 - loadIPPluginJar : add genericplugin
2025-06-30 18:07:55,705 [INFO] IPUIPlugin:80 - create IPUIPlugin
2025-06-30 18:07:55,705 [INFO] PluginManager:220 - loadIPPluginJar : add ddr_ctrl_phy
2025-06-30 18:07:55,707 [INFO] IPUIPlugin:80 - create IPUIPlugin
2025-06-30 18:07:55,707 [INFO] PluginManager:220 - loadIPPluginJar : add usart
2025-06-30 18:07:55,711 [INFO] IPUIPlugin:80 - create IPUIPlugin
2025-06-30 18:07:55,711 [INFO] PluginManager:220 - loadIPPluginJar : add mdma
2025-06-30 18:07:55,712 [INFO] IPUIPlugin:80 - create IPUIPlugin
2025-06-30 18:07:55,712 [INFO] PluginManager:220 - loadIPPluginJar : add tracer_emb
2025-06-30 18:07:55,715 [INFO] IPUIPlugin:80 - create IPUIPlugin
2025-06-30 18:07:55,715 [INFO] PluginManager:220 - loadIPPluginJar : add usbx
2025-06-30 18:07:55,719 [INFO] IPUIPlugin:80 - create IPUIPlugin
2025-06-30 18:07:55,721 [INFO] PluginManager:220 - loadIPPluginJar : add plateformsettings
2025-06-30 18:07:55,722 [INFO] IPUIPlugin:80 - create IPUIPlugin
2025-06-30 18:07:55,722 [INFO] PluginManager:220 - loadIPPluginJar : add quadspi
2025-06-30 18:07:55,724 [INFO] IPUIPlugin:80 - create IPUIPlugin
2025-06-30 18:07:55,724 [INFO] PluginManager:220 - loadIPPluginJar : add resmgrutility
2025-06-30 18:07:55,728 [INFO] IPUIPlugin:80 - create IPUIPlugin
2025-06-30 18:07:55,728 [INFO] PluginManager:220 - loadIPPluginJar : add gic
2025-06-30 18:07:55,729 [INFO] IPUIPlugin:80 - create IPUIPlugin
2025-06-30 18:07:55,729 [INFO] PluginManager:220 - loadIPPluginJar : add radio
2025-06-30 18:07:55,732 [INFO] IPUIPlugin:80 - create IPUIPlugin
2025-06-30 18:07:55,732 [INFO] PluginManager:220 - loadIPPluginJar : add ipddr
2025-06-30 18:07:55,733 [INFO] IPUIPlugin:80 - create IPUIPlugin
2025-06-30 18:07:55,733 [INFO] PluginManager:220 - loadIPPluginJar : add hash
2025-06-30 18:07:55,734 [INFO] IPUIPlugin:80 - create IPUIPlugin
2025-06-30 18:07:55,734 [INFO] PluginManager:220 - loadIPPluginJar : add gfxmmu
2025-06-30 18:07:55,737 [INFO] IPUIPlugin:80 - create IPUIPlugin
2025-06-30 18:07:55,737 [INFO] PluginManager:220 - loadIPPluginJar : add fmc
2025-06-30 18:07:55,738 [INFO] IPUIPlugin:80 - create IPUIPlugin
2025-06-30 18:07:55,738 [INFO] PluginManager:220 - loadIPPluginJar : add spi
2025-06-30 18:07:55,740 [INFO] IPUIPlugin:80 - create IPUIPlugin
2025-06-30 18:07:55,740 [INFO] PluginManager:220 - loadIPPluginJar : add dma3
2025-06-30 18:07:55,741 [INFO] IPUIPlugin:80 - create IPUIPlugin
2025-06-30 18:07:55,741 [INFO] PluginManager:220 - loadIPPluginJar : add ltdc
2025-06-30 18:07:55,743 [INFO] IPUIPlugin:80 - create IPUIPlugin
2025-06-30 18:07:55,743 [INFO] PluginManager:220 - loadIPPluginJar : add extmemmanager
2025-06-30 18:07:55,744 [INFO] IPUIPlugin:80 - create IPUIPlugin
2025-06-30 18:07:55,744 [INFO] PluginManager:220 - loadIPPluginJar : add ucpd
2025-06-30 18:07:55,747 [INFO] IPUIPlugin:80 - create IPUIPlugin
2025-06-30 18:07:55,748 [INFO] PluginManager:220 - loadIPPluginJar : add dma
2025-06-30 18:07:55,749 [INFO] IPUIPlugin:80 - create IPUIPlugin
2025-06-30 18:07:55,749 [INFO] PluginManager:220 - loadIPPluginJar : add ts
2025-06-30 18:07:55,752 [INFO] IPUIPlugin:80 - create IPUIPlugin
2025-06-30 18:07:55,752 [INFO] PluginManager:220 - loadIPPluginJar : add adc
2025-06-30 18:07:55,754 [INFO] IPUIPlugin:80 - create IPUIPlugin
2025-06-30 18:07:55,754 [INFO] PluginManager:220 - loadIPPluginJar : add i3c
2025-06-30 18:07:55,755 [INFO] IPUIPlugin:80 - create IPUIPlugin
2025-06-30 18:07:55,756 [INFO] PluginManager:220 - loadIPPluginJar : add sai
2025-06-30 18:07:55,757 [INFO] IPUIPlugin:80 - create IPUIPlugin
2025-06-30 18:07:55,757 [INFO] PluginManager:220 - loadIPPluginJar : add cryp
2025-06-30 18:07:55,759 [INFO] IPUIPlugin:80 - create IPUIPlugin
2025-06-30 18:07:55,759 [INFO] PluginManager:220 - loadIPPluginJar : add nvic
2025-06-30 18:07:55,850 [FATAL] Updater:351 - Updater called before beeing initialized
2025-06-30 18:07:55,871 [INFO] RulesReader:64 - Compatibility file has been processed (302 Rules)
2025-06-30 18:07:55,879 [INFO] RulesReader:64 - Compatibility file has been processed (302 Rules)
2025-06-30 18:07:55,883 [INFO] CADModel:165 - CPN selected for project level
2025-06-30 18:07:55,884 [INFO] CADModel:114 - Register for checkConnection events
2025-06-30 18:07:55,884 [FATAL] Updater:351 - Updater called before beeing initialized
2025-06-30 18:07:55,884 [ERROR] CADModel:125 - Updater not yet initialized, retry later 
2025-06-30 18:07:55,970 [FATAL] Updater:351 - Updater called before beeing initialized
2025-06-30 18:07:55,971 [INFO] CADModel:165 - CPN selected for project level
2025-06-30 18:07:55,971 [INFO] CADModel:114 - Register for checkConnection events
2025-06-30 18:07:55,971 [FATAL] Updater:351 - Updater called before beeing initialized
2025-06-30 18:07:55,971 [ERROR] CADModel:125 - Updater not yet initialized, retry later 
2025-06-30 18:07:55,975 [FATAL] Updater:351 - Updater called before beeing initialized
2025-06-30 18:07:56,047 [FATAL] Updater:351 - Updater called before beeing initialized
2025-06-30 18:07:56,050 [INFO] DbMcusAds:53 - JSON generation date=Thu Sep 30 01:55:09 CDT 2021 (1632984909247)
2025-06-30 18:07:56,050 [FATAL] Updater:351 - Updater called before beeing initialized
2025-06-30 18:07:56,073 [WARN] DetailPanel:346 - Failed to get advertising image, set to default
2025-06-30 18:07:56,263 [FATAL] Updater:351 - Updater called before beeing initialized
2025-06-30 18:07:56,264 [FATAL] Updater:351 - Updater called before beeing initialized
2025-06-30 18:07:56,264 [FATAL] Updater:351 - Updater called before beeing initialized
2025-06-30 18:07:56,264 [WARN] DetailPanel:346 - Failed to get advertising image, set to default
2025-06-30 18:07:56,265 [FATAL] Updater:351 - Updater called before beeing initialized
2025-06-30 18:07:56,287 [ERROR] Updater:1198 - MainUpdater not yet initialized. External WinMGr cannot be set.
2025-06-30 18:07:56,288 [INFO] Updater:1134 - Updater Version found : 6.14.1
2025-06-30 18:07:56,299 [INFO] ApplicationProperties:184 - Using Application install path: /home/adrian/st/stm32cubeide_1.18.1/plugins/com.st.stm32cube.common.mx_6.14.1.202504091515
2025-06-30 18:07:56,606 [INFO] MainUpdater:2872 - connection check result : 10
2025-06-30 18:07:56,606 [INFO] MainUpdater:289 - Updater Check For Update Now.
2025-06-30 18:07:56,606 [INFO] MicroXplorer:498 - Change Database Version : DB.6.0.141
2025-06-30 18:07:56,611 [INFO] McuFinderGlobals:63 - Set McuFinder mode to 2 (CubeIDE integrated)
2025-06-30 18:07:56,611 [INFO] UserAuth:171 - activating auth plugin
2025-06-30 18:07:56,614 [INFO] UserAuth:484 - Internet connection configuration mode: 1
2025-06-30 18:07:56,624 [INFO] JxBrowserEngine:152 - Initiate JxBrowser Engine with user profile folder
2025-06-30 18:07:56,758 [INFO] CheckServerUpdateThread:120 - End of CheckServer Thread
2025-06-30 18:07:57,036 [INFO] WebApp:169 - Instantiating new browser for Auth
2025-06-30 18:07:57,534 [INFO] WebApp:463 - Apply proxy settings
2025-06-30 18:07:57,534 [INFO] WebApp:548 - Chromium requires no authentication
2025-06-30 18:07:57,538 [INFO] WebApp:491 - Direct internet connection detected
2025-06-30 18:07:57,548 [INFO] WebApp:894 - Register for checkConnection events
2025-06-30 18:07:57,549 [INFO] WebApp:463 - Apply proxy settings
2025-06-30 18:07:57,549 [INFO] WebApp:548 - Chromium requires no authentication
2025-06-30 18:07:57,549 [INFO] WebApp:491 - Direct internet connection detected
2025-06-30 18:07:57,640 [INFO] WebApp:225 - Starting web application
2025-06-30 18:07:57,641 [INFO] WebApp:593 - Web application path used /home/adrian/st/stm32cubeide_1.18.1/plugins/com.st.stm32cube.common.mx_6.14.1.202504091515/db/plugins/mcufinder/reactClient1/index.html
2025-06-30 18:07:57,785 [INFO] WebApp:191 - Connection restablished
2025-06-30 18:07:58,468 [WARN] PackLoader:240 - Cannot read IP mode file for STMicroelectronics.FP-SNS-MOTENVWB1.1.4.0
2025-06-30 18:07:58,479 [WARN] PackLoader:240 - Cannot read IP mode file for STMicroelectronics.FP-ATR-ASTRA1.2.0.2
2025-06-30 18:07:58,487 [WARN] PackLoader:240 - Cannot read IP mode file for STMicroelectronics.X-CUBE-SMBUS.2.1.0
2025-06-30 18:07:58,493 [WARN] PackLoader:240 - Cannot read IP mode file for STMicroelectronics.X-CUBE-ST60.1.0.0
2025-06-30 18:07:58,547 [WARN] PackLoader:240 - Cannot read IP mode file for STMicroelectronics.X-CUBE-AZRTOS-F7.1.1.0
2025-06-30 18:07:58,577 [WARN] PackLoader:240 - Cannot read IP mode file for Infineon.AIROC-Wi-Fi-Bluetooth-STM32.1.7.0
2025-06-30 18:07:58,589 [WARN] PackLoader:240 - Cannot read IP mode file for STMicroelectronics.X-CUBE-DISPLAY.3.0.0
2025-06-30 18:07:58,600 [WARN] PackLoader:240 - Cannot read IP mode file for STMicroelectronics.X-CUBE-NFC10.1.0.0
2025-06-30 18:07:58,610 [WARN] PackLoader:240 - Cannot read IP mode file for STMicroelectronics.X-CUBE-BLEMGR.4.0.0
2025-06-30 18:07:58,617 [WARN] PackLoader:240 - Cannot read IP mode file for emotas.I-CUBE-CANOPEN.1.3.0
2025-06-30 18:07:58,620 [WARN] ConditionMgr:438 - getConditionDescription Invalid condition id : Cortex-A Device cause : null
2025-06-30 18:07:58,630 [WARN] ConditionMgr:1044 - genDependencies : Invalid condition id : Cortex-A Device cause : null
2025-06-30 18:07:58,630 [WARN] ConditionMgr:1044 - genDependencies : Invalid condition id : Cortex-A Device cause : null
2025-06-30 18:07:58,630 [WARN] ConditionMgr:1044 - genDependencies : Invalid condition id : Cortex-A Device cause : null
2025-06-30 18:07:58,634 [WARN] PackLoader:240 - Cannot read IP mode file for STMicroelectronics.FP-SNS-SMARTAG2.1.2.0
2025-06-30 18:07:58,637 [WARN] PackLoader:240 - Cannot read IP mode file for STMicroelectronics.FP-SNS-FLIGHT1.5.1.0
2025-06-30 18:07:58,647 [INFO] LogOutputStream:77 - [STDOUT_REDIRECT] 1 : Invalid condition id : UX_CORESTACK_Condition cause : null
2025-06-30 18:07:58,648 [INFO] LogOutputStream:77 - [STDOUT_REDIRECT] 1 : Invalid condition id : UX_CORESTACK_Condition cause : null
2025-06-30 18:07:58,648 [INFO] LogOutputStream:77 - [STDOUT_REDIRECT] 1 : Invalid condition id : UX_CORESTACK_Condition cause : null
2025-06-30 18:07:58,648 [INFO] LogOutputStream:77 - [STDOUT_REDIRECT] 1 : Invalid condition id : UX_CORESTACK_Condition cause : null
2025-06-30 18:07:58,648 [INFO] LogOutputStream:77 - [STDOUT_REDIRECT] 1 : Invalid condition id : UX_CORESTACK_Condition cause : null
2025-06-30 18:07:58,651 [WARN] PackLoader:240 - Cannot read IP mode file for STMicroelectronics.X-CUBE-AZRTOS-WL.2.0.0
2025-06-30 18:07:58,655 [WARN] PackLoader:240 - Cannot read IP mode file for STMicroelectronics.FP-SNS-MOTENV1.5.0.0
2025-06-30 18:07:58,661 [WARN] PackLoader:240 - Cannot read IP mode file for WES.I-CUBE-Cesium.1.3.0
2025-06-30 18:07:58,664 [WARN] PackLoader:240 - Cannot read IP mode file for STMicroelectronics.X-CUBE-BLE2.3.3.0
2025-06-30 18:07:58,668 [WARN] PackLoader:240 - Cannot read IP mode file for STMicroelectronics.X-CUBE-NFC9.1.0.0
2025-06-30 18:07:58,671 [WARN] PackLoader:240 - Cannot read IP mode file for wolfSSL.I-CUBE-wolfSSL.5.8.0
2025-06-30 18:07:58,675 [WARN] PackLoader:240 - Cannot read IP mode file for STMicroelectronics.X-CUBE-BLE1.7.1.0
2025-06-30 18:07:58,676 [WARN] PackLoader:240 - Cannot read IP mode file for wolfSSL.I-CUBE-wolfMQTT.1.19.2
2025-06-30 18:07:58,679 [WARN] PackLoader:240 - Cannot read IP mode file for STMicroelectronics.X-CUBE-AI.10.1.0
2025-06-30 18:07:58,687 [WARN] PackLoader:240 - Cannot read IP mode file for STMicroelectronics.X-CUBE-AZRTOS-G0.1.1.0
2025-06-30 18:07:58,691 [WARN] PackLoader:240 - Cannot read IP mode file for STMicroelectronics.X-CUBE-SAFEA1.1.2.2
2025-06-30 18:07:58,694 [WARN] PackLoader:240 - Cannot read IP mode file for STMicroelectronics.X-CUBE-NFC4.3.0.0
2025-06-30 18:07:58,705 [WARN] PackLoader:240 - Cannot read IP mode file for EmbeddedOffice.I-CUBE-FS-RTOS.1.0.1
2025-06-30 18:07:58,708 [WARN] PackLoader:240 - Cannot read IP mode file for STMicroelectronics.X-CUBE-WB05N.2.0.0
2025-06-30 18:07:58,711 [WARN] PackLoader:240 - Cannot read IP mode file for wolfSSL.I-CUBE-wolfTPM.3.8.0
2025-06-30 18:07:58,713 [WARN] PackLoader:240 - Cannot read IP mode file for STMicroelectronics.X-CUBE-TCPP.4.2.0
2025-06-30 18:07:58,716 [WARN] PackLoader:240 - Cannot read IP mode file for RealThread.X-CUBE-RT-Thread_Nano.4.1.1
2025-06-30 18:07:58,718 [WARN] PackLoader:240 - Cannot read IP mode file for STMicroelectronics.FP-ATR-SIGFOX1.3.2.0
2025-06-30 18:07:58,720 [WARN] PackLoader:240 - Cannot read IP mode file for STMicroelectronics.X-CUBE-EEPRMA1.5.1.0
2025-06-30 18:07:58,723 [WARN] PackLoader:240 - Cannot read IP mode file for ITTIA_DB.I-CUBE-ITTIADB.8.9.0
2025-06-30 18:07:58,726 [WARN] PackLoader:240 - Cannot read IP mode file for STMicroelectronics.X-CUBE-ST67W61.1.0.0
2025-06-30 18:07:58,741 [WARN] PackLoader:240 - Cannot read IP mode file for SEGGER.I-CUBE-embOS.1.3.1
2025-06-30 18:07:58,765 [WARN] PackLoader:240 - Cannot read IP mode file for STMicroelectronics.X-CUBE-ALGOBUILD.1.4.0
2025-06-30 18:07:58,799 [WARN] PackLoader:240 - Cannot read IP mode file for STMicroelectronics.X-CUBE-MEMS1.11.3.0
2025-06-30 18:07:58,927 [WARN] PackLoader:240 - Cannot read IP mode file for STMicroelectronics.X-CUBE-PM33A1.1.0.0
2025-06-30 18:07:58,938 [WARN] PackLoader:240 - Cannot read IP mode file for STMicroelectronics.X-CUBE-AZRTOS-F4.1.1.0
2025-06-30 18:07:58,943 [WARN] PackLoader:240 - Cannot read IP mode file for Avnet-IotConnect.X-CUBE-IoTC-DA16k-PMOD.1.0.0
2025-06-30 18:07:58,945 [WARN] PackLoader:240 - Cannot read IP mode file for STMicroelectronics.X-CUBE-ISPU.2.1.0
2025-06-30 18:07:58,957 [WARN] PackLoader:240 - Cannot read IP mode file for STMicroelectronics.X-CUBE-AZRTOS-L5.2.0.0
2025-06-30 18:07:58,964 [WARN] PackLoader:240 - Cannot read IP mode file for STMicroelectronics.X-CUBE-NFC6.3.1.0
2025-06-30 18:07:58,979 [WARN] PackLoader:240 - Cannot read IP mode file for STMicroelectronics.X-CUBE-FREERTOS.1.3.1
2025-06-30 18:07:58,984 [WARN] PackLoader:240 - Cannot read IP mode file for STMicroelectronics.FP-SNS-STAIOTCFT.1.0.0
2025-06-30 18:07:58,988 [WARN] PackLoader:240 - Cannot read IP mode file for STMicroelectronics.X-CUBE-DPower.1.3.0
2025-06-30 18:07:59,004 [WARN] ConditionMgr:438 - getConditionDescription Invalid condition id : LAN8742 Phy interface Condition cause : null
2025-06-30 18:07:59,004 [WARN] PackLoader:240 - Cannot read IP mode file for STMicroelectronics.X-CUBE-AZRTOS-L4.2.0.0
2025-06-30 18:07:59,006 [WARN] ConditionMgr:1044 - genDependencies : Invalid condition id : LAN8742 Phy interface Condition cause : null
2025-06-30 18:07:59,006 [WARN] ConditionMgr:1044 - genDependencies : Invalid condition id : LAN8742 Phy interface Condition cause : null
2025-06-30 18:07:59,006 [WARN] ConditionMgr:1044 - genDependencies : Invalid condition id : LAN8742 Phy interface Condition cause : null
2025-06-30 18:07:59,013 [WARN] PackLoader:240 - Cannot read IP mode file for STMicroelectronics.X-CUBE-SFXS2LP1.4.0.0
2025-06-30 18:07:59,033 [WARN] PackLoader:240 - Cannot read IP mode file for STMicroelectronics.X-CUBE-AZRTOS-H7.3.3.0
2025-06-30 18:07:59,055 [WARN] ConditionMgr:438 - getConditionDescription Invalid condition id : UX DEVICE CLASS RTOS Condition cause : null
2025-06-30 18:07:59,055 [WARN] ConditionMgr:438 - getConditionDescription Invalid condition id : UX DEVICE CLASS RTOS Condition cause : null
2025-06-30 18:07:59,057 [WARN] PackLoader:240 - Cannot read IP mode file for STMicroelectronics.X-CUBE-AZRTOS-WB.2.0.0
2025-06-30 18:07:59,058 [WARN] ConditionMgr:1044 - genDependencies : Invalid condition id : UX DEVICE CLASS RTOS Condition cause : null
2025-06-30 18:07:59,058 [WARN] ConditionMgr:1044 - genDependencies : Invalid condition id : UX DEVICE CLASS RTOS Condition cause : null
2025-06-30 18:07:59,058 [WARN] ConditionMgr:1044 - genDependencies : Invalid condition id : UX DEVICE CLASS RTOS Condition cause : null
2025-06-30 18:07:59,059 [WARN] ConditionMgr:1044 - genDependencies : Invalid condition id : UX DEVICE CLASS RTOS Condition cause : null
2025-06-30 18:07:59,059 [WARN] ConditionMgr:1044 - genDependencies : Invalid condition id : UX DEVICE CLASS RTOS Condition cause : null
2025-06-30 18:07:59,065 [WARN] PackLoader:240 - Cannot read IP mode file for STMicroelectronics.X-CUBE-GNSS1.7.0.1
2025-06-30 18:07:59,069 [WARN] PackLoader:240 - Cannot read IP mode file for STMicroelectronics.X-CUBE-TOUCHGFX.4.25.0
2025-06-30 18:07:59,075 [WARN] PackLoader:240 - Cannot read IP mode file for STMicroelectronics.FP-SNS-STBOX1.2.0.0
2025-06-30 18:07:59,085 [WARN] PackLoader:240 - Cannot read IP mode file for STMicroelectronics.X-CUBE-SUBG2.5.0.0
2025-06-30 18:07:59,105 [WARN] PackLoader:240 - Cannot read IP mode file for STMicroelectronics.X-CUBE-AZRTOS-H7RS.1.1.0
2025-06-30 18:07:59,110 [WARN] PackLoader:240 - Cannot read IP mode file for Cesanta.I-CUBE-Mongoose.7.13.0
2025-06-30 18:07:59,119 [WARN] PackLoader:240 - Cannot read IP mode file for STMicroelectronics.X-CUBE-AZRTOS-G4.2.0.0
2025-06-30 18:07:59,122 [WARN] PackLoader:240 - Cannot read IP mode file for wolfSSL.I-CUBE-wolfSSH.1.4.20
2025-06-30 18:07:59,124 [WARN] PackLoader:240 - Cannot read IP mode file for STMicroelectronics.X-CUBE-NFC7.2.0.0
2025-06-30 18:07:59,131 [WARN] PackLoader:240 - Cannot read IP mode file for STMicroelectronics.X-CUBE-IPS.3.1.0
2025-06-30 18:07:59,137 [WARN] PackLoader:240 - Cannot read IP mode file for STMicroelectronics.X-CUBE-ALS.1.0.2
2025-06-30 18:07:59,139 [WARN] PackLoader:240 - Cannot read IP mode file for portGmbH.I-Cube-SoM-uGOAL.1.1.0
2025-06-30 18:07:59,144 [WARN] PackLoader:240 - Cannot read IP mode file for STMicroelectronics.X-CUBE-TOF1.3.4.3
2025-06-30 18:07:59,150 [INFO] ThirdParty:978 - Integrity check success = true
2025-06-30 18:07:59,150 [INFO] IntegrityCheckThread:100 - exiting critical section [integrity check]
2025-06-30 18:07:59,150 [INFO] IntegrityCheckThread:103 - End integrity checks thread
2025-06-30 18:45:27,588 [ERROR] LogOutputStream:75 - [STDERR_REDIRECT] 
