2025-07-10 01:49:42,464 [ERROR] LogOutputStream:75 - [STDERR_REDIRECT] 
2025-07-10 14:02:51,733 [INFO] Activator:176 - 


2025-07-10 14:02:51,735 [INFO] Activator:177 - !SESSION log4j initialized
2025-07-10 14:02:54,815 [INFO] LogOutputStream:77 - [STDOUT_REDIRECT] 
2025-07-10 14:03:03,577 [INFO] ApplicationProperties:184 - Using Application install path: /home/adrian/st/stm32cubeide_1.18.1/plugins/com.st.stm32cube.common.mx_6.14.1.202504091515
2025-07-10 14:03:03,593 [INFO] DbMcusXml:78 - Set database path to: /home/adrian/st/stm32cubeide_1.18.1/plugins/com.st.stm32cube.common.mx_6.14.1.202504091515//db//mcu/
2025-07-10 14:03:03,593 [INFO] ApiDb:274 - Set plugin database path to: /home/adrian/st/stm32cubeide_1.18.1/plugins/com.st.stm32cube.common.mx_6.14.1.202504091515//db//plugins/boardmanager/
2025-07-10 14:03:03,593 [WARN] ApiDb:259 - Overriding images path with different value:  => /home/adrian/st/stm32cubeide_1.18.1/plugins/com.st.stm32cube.common.mx_6.14.1.202504091515//db//plugins/mcufinder/images/
2025-07-10 14:03:03,599 [INFO] ApiDb:250 - Set database path to: /home/adrian/.stmcufinder/plugins/mcufinder//mcu/
2025-07-10 14:03:03,600 [INFO] DbMcusAds:125 - Set database path to: /home/adrian/.stmcufinder/plugins/mcufinder//mcu/
2025-07-10 14:03:03,602 [INFO] CrossReferenceDbSqlite:203 - Set database path to: /home/adrian/.stmcufinder/plugins/mcufinder//mcu/cs/
2025-07-10 14:03:03,709 [INFO] RulesReader:64 - Compatibility file has been processed (302 Rules)
2025-07-10 14:03:03,757 [INFO] DbMcusXml:78 - Set database path to: /home/adrian/st/stm32cubeide_1.18.1/plugins/com.st.stm32cube.common.mx_6.14.1.202504091515//db//mcu/
2025-07-10 14:03:03,757 [INFO] ApiDb:274 - Set plugin database path to: /home/adrian/st/stm32cubeide_1.18.1/plugins/com.st.stm32cube.common.mx_6.14.1.202504091515//db//plugins/boardmanager/
2025-07-10 14:03:03,757 [INFO] ApiDb:261 - Set plugin images path to: /home/adrian/st/stm32cubeide_1.18.1/plugins/com.st.stm32cube.common.mx_6.14.1.202504091515//db//plugins/mcufinder/images/
2025-07-10 14:03:03,758 [WARN] DbFile:41 - Overriding database path with different value: /home/adrian/.stmcufinder/plugins/mcufinder/ => /home/adrian/.stmcufinder/plugins/mcufinder
2025-07-10 14:03:03,758 [INFO] ApiDb:250 - Set database path to: /home/adrian/.stmcufinder/plugins/mcufinder//mcu/
2025-07-10 14:03:03,758 [WARN] DbFile:41 - Overriding database path with different value: /home/adrian/.stmcufinder/plugins/mcufinder/ => /home/adrian/.stmcufinder/plugins/mcufinder
2025-07-10 14:03:03,758 [INFO] DbMcusAds:125 - Set database path to: /home/adrian/.stmcufinder/plugins/mcufinder//mcu/
2025-07-10 14:03:03,758 [WARN] DbFile:41 - Overriding database path with different value: /home/adrian/.stmcufinder/plugins/mcufinder/ => /home/adrian/.stmcufinder/plugins/mcufinder
2025-07-10 14:03:03,758 [WARN] DbFile:41 - Overriding database path with different value: /home/adrian/.stmcufinder/plugins/mcufinder/ => /home/adrian/.stmcufinder/plugins/mcufinder
2025-07-10 14:03:03,758 [INFO] CrossReferenceDbSqlite:203 - Set database path to: /home/adrian/.stmcufinder/plugins/mcufinder//mcu/cs/
2025-07-10 14:03:03,806 [INFO] MainPanel:272 - HeapMemory: 268435456
2025-07-10 14:03:03,893 [INFO] DbMcusXml:78 - Set database path to: /home/adrian/st/stm32cubeide_1.18.1/plugins/com.st.stm32cube.common.mx_6.14.1.202504091515//db//mcu/
2025-07-10 14:03:03,893 [INFO] ApiDb:274 - Set plugin database path to: /home/adrian/st/stm32cubeide_1.18.1/plugins/com.st.stm32cube.common.mx_6.14.1.202504091515//db//plugins/boardmanager/
2025-07-10 14:03:03,893 [INFO] ApiDb:261 - Set plugin images path to: /home/adrian/st/stm32cubeide_1.18.1/plugins/com.st.stm32cube.common.mx_6.14.1.202504091515//db//plugins/mcufinder/images/
2025-07-10 14:03:03,894 [WARN] DbFile:41 - Overriding database path with different value: /home/adrian/.stmcufinder/plugins/mcufinder/ => /home/adrian/.stmcufinder/plugins/mcufinder
2025-07-10 14:03:03,894 [INFO] ApiDb:250 - Set database path to: /home/adrian/.stmcufinder/plugins/mcufinder//mcu/
2025-07-10 14:03:03,894 [WARN] DbFile:41 - Overriding database path with different value: /home/adrian/.stmcufinder/plugins/mcufinder/ => /home/adrian/.stmcufinder/plugins/mcufinder
2025-07-10 14:03:03,894 [INFO] DbMcusAds:125 - Set database path to: /home/adrian/.stmcufinder/plugins/mcufinder//mcu/
2025-07-10 14:03:03,894 [WARN] DbFile:41 - Overriding database path with different value: /home/adrian/.stmcufinder/plugins/mcufinder/ => /home/adrian/.stmcufinder/plugins/mcufinder
2025-07-10 14:03:03,894 [WARN] DbFile:41 - Overriding database path with different value: /home/adrian/.stmcufinder/plugins/mcufinder/ => /home/adrian/.stmcufinder/plugins/mcufinder
2025-07-10 14:03:03,894 [INFO] CrossReferenceDbSqlite:203 - Set database path to: /home/adrian/.stmcufinder/plugins/mcufinder//mcu/cs/
2025-07-10 14:03:03,905 [INFO] ApplicationProperties:184 - Using Application install path: /home/adrian/st/stm32cubeide_1.18.1/plugins/com.st.stm32cube.common.mx_6.14.1.202504091515
2025-07-10 14:03:03,906 [INFO] PluginManage:196 - Search for loadable plugins [exclusion list=, ]
2025-07-10 14:03:03,906 [INFO] PluginManage:310 - Check plugin analytics
2025-07-10 14:03:04,015 [INFO] AnalyticsPlugin:253 - Accepted Software Licenses: 
2025-07-10 14:03:04,015 [INFO] AnalyticsPlugin:255 - Accepted CMSIS Pack Licenses: 
2025-07-10 14:03:04,015 [INFO] AnalyticsPlugin:257 - Accepted Firmware Licenses: FW.F4.1.28.0
2025-07-10 14:03:04,017 [INFO] PluginManage:359 - Loaded plugin analytics (category:tool,tabindex:-1)
2025-07-10 14:03:04,017 [INFO] PluginManage:310 - Check plugin cadmodel
2025-07-10 14:03:04,020 [INFO] CADModel:105 - Init CAD model plugin
2025-07-10 14:03:04,020 [INFO] PluginManage:359 - Loaded plugin cadmodel (category:power,tabindex:5)
2025-07-10 14:03:04,020 [INFO] PluginManage:310 - Check plugin clock
2025-07-10 14:03:04,027 [INFO] PluginManage:359 - Loaded plugin clock (category:base,tabindex:2)
2025-07-10 14:03:04,027 [INFO] PluginManage:310 - Check plugin ddr
2025-07-10 14:03:04,029 [INFO] PluginManage:359 - Loaded plugin ddr (category:tool,tabindex:6)
2025-07-10 14:03:04,029 [INFO] PluginManage:310 - Check plugin filemanager
2025-07-10 14:03:04,129 [INFO] PluginManage:359 - Loaded plugin filemanager (category:base,tabindex:10)
2025-07-10 14:03:04,129 [INFO] PluginManage:310 - Check plugin ipmanager
2025-07-10 14:03:04,133 [INFO] PluginManage:359 - Loaded plugin ipmanager (category:base,tabindex:5)
2025-07-10 14:03:04,133 [INFO] PluginManage:310 - Check plugin lpbam
2025-07-10 14:03:04,140 [INFO] PluginManage:359 - Loaded plugin lpbam (category:base,tabindex:0)
2025-07-10 14:03:04,140 [INFO] PluginManage:310 - Check plugin memorymap
2025-07-10 14:03:04,148 [INFO] PluginManage:359 - Loaded plugin memorymap (category:base,tabindex:4)
2025-07-10 14:03:04,148 [INFO] PluginManage:310 - Check plugin pinoutandconfiguration
2025-07-10 14:03:04,154 [INFO] PluginManage:359 - Loaded plugin pinoutandconfiguration (category:base,tabindex:1)
2025-07-10 14:03:04,155 [INFO] PluginManage:310 - Check plugin pinoutconfig
2025-07-10 14:03:04,212 [WARN] SupportedApi:132 - Cannot load RTOS API schema: s4s-elt-must-match.1: The content of 'definitions' must match (annotation?, (simpleType | complexType)?, (unique | key | keyref)*)). A problem was found starting at: attribute.
2025-07-10 14:03:04,295 [INFO] PluginManage:359 - Loaded plugin pinoutconfig (category:base,tabindex:0)
2025-07-10 14:03:04,296 [INFO] PluginManage:310 - Check plugin power
2025-07-10 14:03:04,302 [INFO] PluginManage:359 - Loaded plugin power (category:power,tabindex:4)
2025-07-10 14:03:04,302 [INFO] PluginManage:310 - Check plugin projectmanager
2025-07-10 14:03:04,313 [INFO] PluginManage:359 - Loaded plugin projectmanager (category:projectmanager,tabindex:4)
2025-07-10 14:03:04,313 [INFO] PluginManage:310 - Check plugin rif
2025-07-10 14:03:04,318 [INFO] PluginManage:359 - Loaded plugin rif (category:base,tabindex:3)
2025-07-10 14:03:04,318 [INFO] PluginManage:310 - Check plugin thirdparty
2025-07-10 14:03:04,397 [INFO] PluginManage:359 - Loaded plugin thirdparty (category:base,tabindex:-1)
2025-07-10 14:03:04,397 [WARN] IntegrityCheckThread:84 - waiting for thirdparty lock release [integrity check]
2025-07-10 14:03:04,397 [INFO] PluginManage:310 - Check plugin tools
2025-07-10 14:03:04,397 [INFO] IntegrityCheckThread:86 - entering critical section [integrity check]
2025-07-10 14:03:04,398 [INFO] ThirdPartyUpdaterWithRetryManager:70 - Updater plugin not ready yet. [1/15]
2025-07-10 14:03:04,399 [INFO] PluginManage:359 - Loaded plugin tools (category:base,tabindex:7)
2025-07-10 14:03:04,399 [INFO] PluginManage:310 - Check plugin tutovideos
2025-07-10 14:03:04,514 [INFO] PluginManage:359 - Loaded plugin tutovideos (category:base,tabindex:-1)
2025-07-10 14:03:04,514 [INFO] PluginManage:310 - Check plugin updater
2025-07-10 14:03:04,530 [INFO] PluginManage:359 - Loaded plugin updater (category:base,tabindex:12)
2025-07-10 14:03:04,530 [INFO] PluginManage:310 - Check plugin userauth
2025-07-10 14:03:04,533 [INFO] UserAuth:118 - Init User Auth plugin
2025-07-10 14:03:04,534 [INFO] PluginManage:359 - Loaded plugin userauth (category:base,tabindex:14)
2025-07-10 14:03:04,534 [INFO] PluginManage:283 - PluginManage : Loaded plugins [18]
2025-07-10 14:03:04,657 [INFO] PinOutPanel:1589 - setPackage(No Configuration,No Configuration)
2025-07-10 14:03:04,711 [INFO] CADModel:165 - CPN selected for project level
2025-07-10 14:03:04,712 [INFO] CADModel:114 - Register for checkConnection events
2025-07-10 14:03:04,722 [INFO] IPUIPlugin:80 - create IPUIPlugin
2025-07-10 14:03:04,722 [INFO] PluginManager:220 - loadIPPluginJar : add lorawan
2025-07-10 14:03:04,726 [INFO] IPUIPlugin:80 - create IPUIPlugin
2025-07-10 14:03:04,726 [INFO] PluginManager:220 - loadIPPluginJar : add freertos
2025-07-10 14:03:04,727 [INFO] IPUIPlugin:80 - create IPUIPlugin
2025-07-10 14:03:04,727 [INFO] PluginManager:220 - loadIPPluginJar : add gtzc
2025-07-10 14:03:04,729 [INFO] IPUIPlugin:80 - create IPUIPlugin
2025-07-10 14:03:04,729 [INFO] PluginManager:220 - loadIPPluginJar : add dfsdm
2025-07-10 14:03:04,730 [INFO] IPUIPlugin:80 - create IPUIPlugin
2025-07-10 14:03:04,730 [INFO] PluginManager:220 - loadIPPluginJar : add tim
2025-07-10 14:03:04,732 [INFO] IPUIPlugin:80 - create IPUIPlugin
2025-07-10 14:03:04,732 [INFO] PluginManager:220 - loadIPPluginJar : add openamp
2025-07-10 14:03:04,733 [INFO] IPUIPlugin:80 - create IPUIPlugin
2025-07-10 14:03:04,733 [INFO] PluginManager:220 - loadIPPluginJar : add tsc
2025-07-10 14:03:04,734 [INFO] IPUIPlugin:80 - create IPUIPlugin
2025-07-10 14:03:04,734 [INFO] PluginManager:220 - loadIPPluginJar : add i2c
2025-07-10 14:03:04,735 [INFO] IPUIPlugin:80 - create IPUIPlugin
2025-07-10 14:03:04,736 [INFO] PluginManager:220 - loadIPPluginJar : add i2s
2025-07-10 14:03:04,737 [INFO] IPUIPlugin:80 - create IPUIPlugin
2025-07-10 14:03:04,737 [INFO] PluginManager:220 - loadIPPluginJar : add can
2025-07-10 14:03:04,743 [INFO] IPUIPlugin:80 - create IPUIPlugin
2025-07-10 14:03:04,743 [INFO] PluginManager:220 - loadIPPluginJar : add linkedlist
2025-07-10 14:03:04,746 [INFO] IPUIPlugin:80 - create IPUIPlugin
2025-07-10 14:03:04,746 [INFO] PluginManager:220 - loadIPPluginJar : add touchsensing
2025-07-10 14:03:04,748 [INFO] IPUIPlugin:80 - create IPUIPlugin
2025-07-10 14:03:04,748 [INFO] PluginManager:220 - loadIPPluginJar : add pdm2pcm
2025-07-10 14:03:04,751 [INFO] IPUIPlugin:80 - create IPUIPlugin
2025-07-10 14:03:04,751 [INFO] PluginManager:220 - loadIPPluginJar : add gpio
2025-07-10 14:03:04,757 [INFO] IPUIPlugin:80 - create IPUIPlugin
2025-07-10 14:03:04,757 [INFO] PluginManager:220 - loadIPPluginJar : add stm32_wpan
2025-07-10 14:03:04,758 [INFO] IPUIPlugin:80 - create IPUIPlugin
2025-07-10 14:03:04,758 [INFO] PluginManager:220 - loadIPPluginJar : add fatfs
2025-07-10 14:03:04,760 [INFO] IPUIPlugin:80 - create IPUIPlugin
2025-07-10 14:03:04,760 [INFO] PluginManager:220 - loadIPPluginJar : add aes
2025-07-10 14:03:04,761 [INFO] IPUIPlugin:80 - create IPUIPlugin
2025-07-10 14:03:04,762 [INFO] PluginManager:220 - loadIPPluginJar : add opamp
2025-07-10 14:03:04,762 [INFO] IPUIPlugin:80 - create IPUIPlugin
2025-07-10 14:03:04,762 [INFO] PluginManager:220 - loadIPPluginJar : add comp
2025-07-10 14:03:04,763 [INFO] IPUIPlugin:80 - create IPUIPlugin
2025-07-10 14:03:04,763 [INFO] PluginManager:220 - loadIPPluginJar : add genericplugin
2025-07-10 14:03:04,765 [INFO] IPUIPlugin:80 - create IPUIPlugin
2025-07-10 14:03:04,765 [INFO] PluginManager:220 - loadIPPluginJar : add ddr_ctrl_phy
2025-07-10 14:03:04,767 [INFO] IPUIPlugin:80 - create IPUIPlugin
2025-07-10 14:03:04,767 [INFO] PluginManager:220 - loadIPPluginJar : add usart
2025-07-10 14:03:04,772 [INFO] IPUIPlugin:80 - create IPUIPlugin
2025-07-10 14:03:04,773 [INFO] PluginManager:220 - loadIPPluginJar : add mdma
2025-07-10 14:03:04,774 [INFO] IPUIPlugin:80 - create IPUIPlugin
2025-07-10 14:03:04,774 [INFO] PluginManager:220 - loadIPPluginJar : add tracer_emb
2025-07-10 14:03:04,776 [INFO] IPUIPlugin:80 - create IPUIPlugin
2025-07-10 14:03:04,777 [INFO] PluginManager:220 - loadIPPluginJar : add usbx
2025-07-10 14:03:04,781 [INFO] IPUIPlugin:80 - create IPUIPlugin
2025-07-10 14:03:04,783 [INFO] PluginManager:220 - loadIPPluginJar : add plateformsettings
2025-07-10 14:03:04,784 [INFO] IPUIPlugin:80 - create IPUIPlugin
2025-07-10 14:03:04,784 [INFO] PluginManager:220 - loadIPPluginJar : add quadspi
2025-07-10 14:03:04,787 [INFO] IPUIPlugin:80 - create IPUIPlugin
2025-07-10 14:03:04,787 [INFO] PluginManager:220 - loadIPPluginJar : add resmgrutility
2025-07-10 14:03:04,791 [INFO] IPUIPlugin:80 - create IPUIPlugin
2025-07-10 14:03:04,791 [INFO] PluginManager:220 - loadIPPluginJar : add gic
2025-07-10 14:03:04,792 [INFO] IPUIPlugin:80 - create IPUIPlugin
2025-07-10 14:03:04,792 [INFO] PluginManager:220 - loadIPPluginJar : add radio
2025-07-10 14:03:04,795 [INFO] IPUIPlugin:80 - create IPUIPlugin
2025-07-10 14:03:04,795 [INFO] PluginManager:220 - loadIPPluginJar : add ipddr
2025-07-10 14:03:04,796 [INFO] IPUIPlugin:80 - create IPUIPlugin
2025-07-10 14:03:04,797 [INFO] PluginManager:220 - loadIPPluginJar : add hash
2025-07-10 14:03:04,798 [INFO] IPUIPlugin:80 - create IPUIPlugin
2025-07-10 14:03:04,798 [INFO] PluginManager:220 - loadIPPluginJar : add gfxmmu
2025-07-10 14:03:04,801 [INFO] IPUIPlugin:80 - create IPUIPlugin
2025-07-10 14:03:04,801 [INFO] PluginManager:220 - loadIPPluginJar : add fmc
2025-07-10 14:03:04,802 [INFO] IPUIPlugin:80 - create IPUIPlugin
2025-07-10 14:03:04,802 [INFO] PluginManager:220 - loadIPPluginJar : add spi
2025-07-10 14:03:04,804 [INFO] IPUIPlugin:80 - create IPUIPlugin
2025-07-10 14:03:04,804 [INFO] PluginManager:220 - loadIPPluginJar : add dma3
2025-07-10 14:03:04,805 [INFO] IPUIPlugin:80 - create IPUIPlugin
2025-07-10 14:03:04,805 [INFO] PluginManager:220 - loadIPPluginJar : add ltdc
2025-07-10 14:03:04,807 [INFO] IPUIPlugin:80 - create IPUIPlugin
2025-07-10 14:03:04,807 [INFO] PluginManager:220 - loadIPPluginJar : add extmemmanager
2025-07-10 14:03:04,808 [INFO] IPUIPlugin:80 - create IPUIPlugin
2025-07-10 14:03:04,808 [INFO] PluginManager:220 - loadIPPluginJar : add ucpd
2025-07-10 14:03:04,812 [INFO] IPUIPlugin:80 - create IPUIPlugin
2025-07-10 14:03:04,812 [INFO] PluginManager:220 - loadIPPluginJar : add dma
2025-07-10 14:03:04,814 [INFO] IPUIPlugin:80 - create IPUIPlugin
2025-07-10 14:03:04,814 [INFO] PluginManager:220 - loadIPPluginJar : add ts
2025-07-10 14:03:04,818 [INFO] IPUIPlugin:80 - create IPUIPlugin
2025-07-10 14:03:04,818 [INFO] PluginManager:220 - loadIPPluginJar : add adc
2025-07-10 14:03:04,820 [INFO] IPUIPlugin:80 - create IPUIPlugin
2025-07-10 14:03:04,820 [INFO] PluginManager:220 - loadIPPluginJar : add i3c
2025-07-10 14:03:04,822 [INFO] IPUIPlugin:80 - create IPUIPlugin
2025-07-10 14:03:04,822 [INFO] PluginManager:220 - loadIPPluginJar : add sai
2025-07-10 14:03:04,824 [INFO] IPUIPlugin:80 - create IPUIPlugin
2025-07-10 14:03:04,824 [INFO] PluginManager:220 - loadIPPluginJar : add cryp
2025-07-10 14:03:04,827 [INFO] IPUIPlugin:80 - create IPUIPlugin
2025-07-10 14:03:04,827 [INFO] PluginManager:220 - loadIPPluginJar : add nvic
2025-07-10 14:03:04,919 [FATAL] Updater:351 - Updater called before beeing initialized
2025-07-10 14:03:04,938 [INFO] RulesReader:64 - Compatibility file has been processed (302 Rules)
2025-07-10 14:03:04,946 [INFO] RulesReader:64 - Compatibility file has been processed (302 Rules)
2025-07-10 14:03:04,950 [INFO] CADModel:165 - CPN selected for project level
2025-07-10 14:03:04,950 [INFO] CADModel:114 - Register for checkConnection events
2025-07-10 14:03:04,950 [FATAL] Updater:351 - Updater called before beeing initialized
2025-07-10 14:03:04,951 [ERROR] CADModel:125 - Updater not yet initialized, retry later 
2025-07-10 14:03:05,041 [FATAL] Updater:351 - Updater called before beeing initialized
2025-07-10 14:03:05,042 [INFO] CADModel:165 - CPN selected for project level
2025-07-10 14:03:05,042 [INFO] CADModel:114 - Register for checkConnection events
2025-07-10 14:03:05,042 [FATAL] Updater:351 - Updater called before beeing initialized
2025-07-10 14:03:05,042 [ERROR] CADModel:125 - Updater not yet initialized, retry later 
2025-07-10 14:03:05,044 [FATAL] Updater:351 - Updater called before beeing initialized
2025-07-10 14:03:05,105 [FATAL] Updater:351 - Updater called before beeing initialized
2025-07-10 14:03:05,109 [INFO] DbMcusAds:53 - JSON generation date=Tue Jul 08 02:14:23 CST 2025 (1751962463582)
2025-07-10 14:03:05,109 [FATAL] Updater:351 - Updater called before beeing initialized
2025-07-10 14:03:05,136 [WARN] DetailPanel:346 - Failed to get advertising image, set to default
2025-07-10 14:03:05,336 [FATAL] Updater:351 - Updater called before beeing initialized
2025-07-10 14:03:05,337 [FATAL] Updater:351 - Updater called before beeing initialized
2025-07-10 14:03:05,337 [FATAL] Updater:351 - Updater called before beeing initialized
2025-07-10 14:03:05,337 [WARN] DetailPanel:346 - Failed to get advertising image, set to default
2025-07-10 14:03:05,338 [FATAL] Updater:351 - Updater called before beeing initialized
2025-07-10 14:03:05,370 [ERROR] Updater:1198 - MainUpdater not yet initialized. External WinMGr cannot be set.
2025-07-10 14:03:05,371 [INFO] Updater:1134 - Updater Version found : 6.14.1
2025-07-10 14:03:05,385 [INFO] ApplicationProperties:184 - Using Application install path: /home/adrian/st/stm32cubeide_1.18.1/plugins/com.st.stm32cube.common.mx_6.14.1.202504091515
2025-07-10 14:03:05,744 [INFO] MainUpdater:2872 - connection check result : 10
2025-07-10 14:03:05,745 [INFO] MainUpdater:289 - Updater Check For Update Now.
2025-07-10 14:03:05,745 [INFO] MicroXplorer:498 - Change Database Version : DB.6.0.141
2025-07-10 14:03:05,754 [INFO] McuFinderGlobals:63 - Set McuFinder mode to 2 (CubeIDE integrated)
2025-07-10 14:03:05,755 [INFO] UserAuth:484 - Internet connection configuration mode: 1
2025-07-10 14:03:05,771 [INFO] JxBrowserEngine:152 - Initiate JxBrowser Engine with user profile folder
2025-07-10 14:03:05,895 [INFO] CheckServerUpdateThread:120 - End of CheckServer Thread
2025-07-10 14:03:06,577 [INFO] WebApp:169 - Instantiating new browser for Auth
2025-07-10 14:03:07,147 [INFO] WebApp:463 - Apply proxy settings
2025-07-10 14:03:07,147 [INFO] WebApp:548 - Chromium requires no authentication
2025-07-10 14:03:07,152 [INFO] WebApp:491 - Direct internet connection detected
2025-07-10 14:03:07,163 [INFO] WebApp:894 - Register for checkConnection events
2025-07-10 14:03:07,163 [INFO] WebApp:463 - Apply proxy settings
2025-07-10 14:03:07,163 [INFO] WebApp:548 - Chromium requires no authentication
2025-07-10 14:03:07,163 [INFO] WebApp:491 - Direct internet connection detected
2025-07-10 14:03:07,246 [INFO] WebApp:225 - Starting web application
2025-07-10 14:03:07,246 [INFO] WebApp:593 - Web application path used /home/adrian/st/stm32cubeide_1.18.1/plugins/com.st.stm32cube.common.mx_6.14.1.202504091515/db/plugins/mcufinder/reactClient1/index.html
2025-07-10 14:03:07,467 [INFO] WebApp:191 - Connection restablished
2025-07-10 14:03:07,525 [WARN] PackLoader:240 - Cannot read IP mode file for STMicroelectronics.FP-SNS-MOTENVWB1.1.4.0
2025-07-10 14:03:07,530 [WARN] PackLoader:240 - Cannot read IP mode file for STMicroelectronics.FP-ATR-ASTRA1.2.0.2
2025-07-10 14:03:07,534 [WARN] PackLoader:240 - Cannot read IP mode file for STMicroelectronics.X-CUBE-SMBUS.2.1.0
2025-07-10 14:03:07,537 [WARN] PackLoader:240 - Cannot read IP mode file for STMicroelectronics.X-CUBE-ST60.1.0.0
2025-07-10 14:03:07,570 [WARN] PackLoader:240 - Cannot read IP mode file for STMicroelectronics.X-CUBE-AZRTOS-F7.1.1.0
2025-07-10 14:03:07,602 [WARN] PackLoader:240 - Cannot read IP mode file for Infineon.AIROC-Wi-Fi-Bluetooth-STM32.1.7.0
2025-07-10 14:03:07,648 [WARN] PackLoader:240 - Cannot read IP mode file for STMicroelectronics.X-CUBE-AZRTOS-H7.3.4.0
2025-07-10 14:03:07,675 [WARN] PackLoader:240 - Cannot read IP mode file for STMicroelectronics.X-CUBE-DISPLAY.3.0.0
2025-07-10 14:03:07,690 [WARN] PackLoader:240 - Cannot read IP mode file for STMicroelectronics.X-CUBE-NFC10.1.0.0
2025-07-10 14:03:07,705 [WARN] PackLoader:240 - Cannot read IP mode file for STMicroelectronics.X-CUBE-BLEMGR.4.0.0
2025-07-10 14:03:07,713 [WARN] PackLoader:240 - Cannot read IP mode file for emotas.I-CUBE-CANOPEN.1.3.0
2025-07-10 14:03:07,716 [WARN] ConditionMgr:438 - getConditionDescription Invalid condition id : Cortex-A Device cause : null
2025-07-10 14:03:07,726 [WARN] ConditionMgr:1044 - genDependencies : Invalid condition id : Cortex-A Device cause : null
2025-07-10 14:03:07,726 [WARN] ConditionMgr:1044 - genDependencies : Invalid condition id : Cortex-A Device cause : null
2025-07-10 14:03:07,726 [WARN] ConditionMgr:1044 - genDependencies : Invalid condition id : Cortex-A Device cause : null
2025-07-10 14:03:07,728 [WARN] PackLoader:240 - Cannot read IP mode file for STMicroelectronics.FP-SNS-SMARTAG2.1.2.0
2025-07-10 14:03:07,731 [WARN] PackLoader:240 - Cannot read IP mode file for STMicroelectronics.FP-SNS-FLIGHT1.5.1.0
2025-07-10 14:03:07,736 [INFO] LogOutputStream:77 - [STDOUT_REDIRECT] 1 : Invalid condition id : UX_CORESTACK_Condition cause : null
2025-07-10 14:03:07,737 [INFO] LogOutputStream:77 - [STDOUT_REDIRECT] 1 : Invalid condition id : UX_CORESTACK_Condition cause : null
2025-07-10 14:03:07,737 [INFO] LogOutputStream:77 - [STDOUT_REDIRECT] 1 : Invalid condition id : UX_CORESTACK_Condition cause : null
2025-07-10 14:03:07,737 [INFO] LogOutputStream:77 - [STDOUT_REDIRECT] 1 : Invalid condition id : UX_CORESTACK_Condition cause : null
2025-07-10 14:03:07,737 [INFO] LogOutputStream:77 - [STDOUT_REDIRECT] 1 : Invalid condition id : UX_CORESTACK_Condition cause : null
2025-07-10 14:03:07,740 [WARN] PackLoader:240 - Cannot read IP mode file for STMicroelectronics.X-CUBE-AZRTOS-WL.2.0.0
2025-07-10 14:03:07,743 [WARN] PackLoader:240 - Cannot read IP mode file for STMicroelectronics.FP-SNS-MOTENV1.5.0.0
2025-07-10 14:03:07,748 [WARN] PackLoader:240 - Cannot read IP mode file for WES.I-CUBE-Cesium.1.3.0
2025-07-10 14:03:07,751 [WARN] PackLoader:240 - Cannot read IP mode file for STMicroelectronics.X-CUBE-BLE2.3.3.0
2025-07-10 14:03:07,755 [WARN] PackLoader:240 - Cannot read IP mode file for STMicroelectronics.X-CUBE-NFC9.1.0.0
2025-07-10 14:03:07,758 [WARN] PackLoader:240 - Cannot read IP mode file for wolfSSL.I-CUBE-wolfSSL.5.8.0
2025-07-10 14:03:07,761 [WARN] PackLoader:240 - Cannot read IP mode file for STMicroelectronics.X-CUBE-BLE1.7.1.0
2025-07-10 14:03:07,762 [WARN] PackLoader:240 - Cannot read IP mode file for wolfSSL.I-CUBE-wolfMQTT.1.19.2
2025-07-10 14:03:07,764 [WARN] PackLoader:240 - Cannot read IP mode file for STMicroelectronics.X-CUBE-AI.10.1.0
2025-07-10 14:03:07,773 [WARN] PackLoader:240 - Cannot read IP mode file for STMicroelectronics.X-CUBE-AZRTOS-G0.1.1.0
2025-07-10 14:03:07,778 [WARN] PackLoader:240 - Cannot read IP mode file for STMicroelectronics.X-CUBE-SAFEA1.1.2.2
2025-07-10 14:03:07,782 [WARN] PackLoader:240 - Cannot read IP mode file for STMicroelectronics.X-CUBE-NFC4.3.0.0
2025-07-10 14:03:07,788 [WARN] PackLoader:240 - Cannot read IP mode file for EmbeddedOffice.I-CUBE-FS-RTOS.1.0.1
2025-07-10 14:03:07,792 [WARN] PackLoader:240 - Cannot read IP mode file for STMicroelectronics.X-CUBE-WB05N.2.0.0
2025-07-10 14:03:07,794 [WARN] PackLoader:240 - Cannot read IP mode file for wolfSSL.I-CUBE-wolfTPM.3.8.0
2025-07-10 14:03:07,797 [WARN] PackLoader:240 - Cannot read IP mode file for STMicroelectronics.X-CUBE-TCPP.4.2.0
2025-07-10 14:03:07,800 [WARN] PackLoader:240 - Cannot read IP mode file for RealThread.X-CUBE-RT-Thread_Nano.4.1.1
2025-07-10 14:03:07,802 [WARN] PackLoader:240 - Cannot read IP mode file for STMicroelectronics.FP-ATR-SIGFOX1.3.2.0
2025-07-10 14:03:07,806 [WARN] PackLoader:240 - Cannot read IP mode file for STMicroelectronics.X-CUBE-EEPRMA1.5.1.0
2025-07-10 14:03:07,810 [WARN] PackLoader:240 - Cannot read IP mode file for ITTIA_DB.I-CUBE-ITTIADB.8.9.0
2025-07-10 14:03:07,813 [WARN] PackLoader:240 - Cannot read IP mode file for STMicroelectronics.X-CUBE-ST67W61.1.0.0
2025-07-10 14:03:07,827 [WARN] PackLoader:240 - Cannot read IP mode file for SEGGER.I-CUBE-embOS.1.3.1
2025-07-10 14:03:07,867 [WARN] PackLoader:240 - Cannot read IP mode file for STMicroelectronics.X-CUBE-ALGOBUILD.1.4.0
2025-07-10 14:03:07,894 [WARN] PackLoader:240 - Cannot read IP mode file for STMicroelectronics.X-CUBE-MEMS1.11.3.0
2025-07-10 14:03:07,994 [WARN] PackLoader:240 - Cannot read IP mode file for STMicroelectronics.X-CUBE-PM33A1.1.0.0
2025-07-10 14:03:08,002 [WARN] PackLoader:240 - Cannot read IP mode file for STMicroelectronics.X-CUBE-AZRTOS-F4.1.1.0
2025-07-10 14:03:08,007 [WARN] PackLoader:240 - Cannot read IP mode file for Avnet-IotConnect.X-CUBE-IoTC-DA16k-PMOD.1.0.0
2025-07-10 14:03:08,009 [WARN] PackLoader:240 - Cannot read IP mode file for STMicroelectronics.X-CUBE-ISPU.2.1.0
2025-07-10 14:03:08,017 [WARN] PackLoader:240 - Cannot read IP mode file for STMicroelectronics.X-CUBE-AZRTOS-L5.2.0.0
2025-07-10 14:03:08,023 [WARN] PackLoader:240 - Cannot read IP mode file for STMicroelectronics.X-CUBE-NFC6.3.1.0
2025-07-10 14:03:08,027 [WARN] PackLoader:240 - Cannot read IP mode file for STMicroelectronics.X-CUBE-FREERTOS.1.3.1
2025-07-10 14:03:08,030 [WARN] PackLoader:240 - Cannot read IP mode file for STMicroelectronics.FP-SNS-STAIOTCFT.1.0.0
2025-07-10 14:03:08,033 [WARN] PackLoader:240 - Cannot read IP mode file for STMicroelectronics.X-CUBE-DPower.1.3.0
2025-07-10 14:03:08,042 [WARN] ConditionMgr:438 - getConditionDescription Invalid condition id : LAN8742 Phy interface Condition cause : null
2025-07-10 14:03:08,042 [WARN] PackLoader:240 - Cannot read IP mode file for STMicroelectronics.X-CUBE-AZRTOS-L4.2.0.0
2025-07-10 14:03:08,043 [WARN] ConditionMgr:1044 - genDependencies : Invalid condition id : LAN8742 Phy interface Condition cause : null
2025-07-10 14:03:08,043 [WARN] ConditionMgr:1044 - genDependencies : Invalid condition id : LAN8742 Phy interface Condition cause : null
2025-07-10 14:03:08,043 [WARN] ConditionMgr:1044 - genDependencies : Invalid condition id : LAN8742 Phy interface Condition cause : null
2025-07-10 14:03:08,048 [WARN] PackLoader:240 - Cannot read IP mode file for STMicroelectronics.X-CUBE-SFXS2LP1.4.0.0
2025-07-10 14:03:08,058 [WARN] PackLoader:240 - Cannot read IP mode file for STMicroelectronics.X-CUBE-AZRTOS-H7.3.3.0
2025-07-10 14:03:08,066 [WARN] ConditionMgr:438 - getConditionDescription Invalid condition id : UX DEVICE CLASS RTOS Condition cause : null
2025-07-10 14:03:08,066 [WARN] ConditionMgr:438 - getConditionDescription Invalid condition id : UX DEVICE CLASS RTOS Condition cause : null
2025-07-10 14:03:08,067 [WARN] PackLoader:240 - Cannot read IP mode file for STMicroelectronics.X-CUBE-AZRTOS-WB.2.0.0
2025-07-10 14:03:08,068 [WARN] ConditionMgr:1044 - genDependencies : Invalid condition id : UX DEVICE CLASS RTOS Condition cause : null
2025-07-10 14:03:08,068 [WARN] ConditionMgr:1044 - genDependencies : Invalid condition id : UX DEVICE CLASS RTOS Condition cause : null
2025-07-10 14:03:08,068 [WARN] ConditionMgr:1044 - genDependencies : Invalid condition id : UX DEVICE CLASS RTOS Condition cause : null
2025-07-10 14:03:08,068 [WARN] ConditionMgr:1044 - genDependencies : Invalid condition id : UX DEVICE CLASS RTOS Condition cause : null
2025-07-10 14:03:08,068 [WARN] ConditionMgr:1044 - genDependencies : Invalid condition id : UX DEVICE CLASS RTOS Condition cause : null
2025-07-10 14:03:08,072 [WARN] PackLoader:240 - Cannot read IP mode file for STMicroelectronics.X-CUBE-GNSS1.7.0.1
2025-07-10 14:03:08,076 [WARN] PackLoader:240 - Cannot read IP mode file for STMicroelectronics.X-CUBE-TOUCHGFX.4.25.0
2025-07-10 14:03:08,079 [WARN] PackLoader:240 - Cannot read IP mode file for STMicroelectronics.FP-SNS-STBOX1.2.0.0
2025-07-10 14:03:08,086 [WARN] PackLoader:240 - Cannot read IP mode file for STMicroelectronics.X-CUBE-SUBG2.5.0.0
2025-07-10 14:03:08,106 [WARN] PackLoader:240 - Cannot read IP mode file for STMicroelectronics.X-CUBE-AZRTOS-H7RS.1.1.0
2025-07-10 14:03:08,110 [WARN] PackLoader:240 - Cannot read IP mode file for Cesanta.I-CUBE-Mongoose.7.13.0
2025-07-10 14:03:08,123 [WARN] PackLoader:240 - Cannot read IP mode file for STMicroelectronics.X-CUBE-AZRTOS-G4.2.0.0
2025-07-10 14:03:08,128 [WARN] PackLoader:240 - Cannot read IP mode file for wolfSSL.I-CUBE-wolfSSH.1.4.20
2025-07-10 14:03:08,131 [WARN] PackLoader:240 - Cannot read IP mode file for STMicroelectronics.X-CUBE-NFC7.2.0.0
2025-07-10 14:03:08,162 [WARN] PackLoader:240 - Cannot read IP mode file for STMicroelectronics.X-CUBE-IPS.3.1.0
2025-07-10 14:03:08,173 [WARN] PackLoader:240 - Cannot read IP mode file for STMicroelectronics.X-CUBE-ALS.1.0.2
2025-07-10 14:03:08,177 [WARN] PackLoader:240 - Cannot read IP mode file for portGmbH.I-Cube-SoM-uGOAL.1.1.0
2025-07-10 14:03:08,183 [WARN] PackLoader:240 - Cannot read IP mode file for STMicroelectronics.X-CUBE-TOF1.3.4.3
2025-07-10 14:03:08,192 [INFO] ThirdParty:978 - Integrity check success = true
2025-07-10 14:03:08,192 [INFO] IntegrityCheckThread:100 - exiting critical section [integrity check]
2025-07-10 14:03:08,192 [INFO] IntegrityCheckThread:103 - End integrity checks thread
2025-07-10 14:03:08,296 [INFO] UserAuth:484 - Internet connection configuration mode: 1
2025-07-10 14:04:21,347 [INFO] WebApp:194 - Connection lost
2025-07-10 16:43:14,967 [INFO] WebApp:191 - Connection restablished
2025-07-10 17:29:55,484 [INFO] WebApp:194 - Connection lost
2025-07-10 17:31:57,951 [INFO] WebApp:191 - Connection restablished
2025-07-10 17:33:39,455 [INFO] WebApp:194 - Connection lost
2025-07-10 17:33:43,273 [INFO] WebApp:191 - Connection restablished
2025-07-10 17:39:46,843 [INFO] WebApp:194 - Connection lost
2025-07-10 17:39:49,948 [INFO] WebApp:191 - Connection restablished
2025-07-10 17:41:31,704 [INFO] WebApp:194 - Connection lost
2025-07-10 17:41:35,898 [INFO] WebApp:191 - Connection restablished
2025-07-10 17:42:24,271 [INFO] WebApp:194 - Connection lost
2025-07-10 17:42:27,564 [INFO] WebApp:191 - Connection restablished
2025-07-10 17:43:16,697 [INFO] WebApp:194 - Connection lost
2025-07-10 17:43:20,787 [INFO] WebApp:191 - Connection restablished
2025-07-10 17:44:09,128 [INFO] WebApp:194 - Connection lost
2025-07-10 17:44:13,320 [INFO] WebApp:191 - Connection restablished
2025-07-10 17:45:01,527 [INFO] WebApp:194 - Connection lost
2025-07-10 17:45:05,774 [INFO] WebApp:191 - Connection restablished
2025-07-10 17:45:53,975 [INFO] WebApp:194 - Connection lost
2025-07-10 17:45:58,159 [INFO] WebApp:191 - Connection restablished
2025-07-10 17:47:38,756 [INFO] WebApp:194 - Connection lost
2025-07-10 17:47:42,063 [INFO] WebApp:191 - Connection restablished
2025-07-10 17:48:31,280 [INFO] WebApp:194 - Connection lost
2025-07-10 17:48:34,620 [INFO] WebApp:191 - Connection restablished
2025-07-10 17:52:00,995 [INFO] WebApp:194 - Connection lost
2025-07-10 17:52:04,528 [INFO] WebApp:191 - Connection restablished
2025-07-10 17:56:23,523 [INFO] WebApp:194 - Connection lost
2025-07-10 17:56:27,245 [INFO] WebApp:191 - Connection restablished
2025-07-10 17:58:08,446 [INFO] WebApp:194 - Connection lost
2025-07-10 17:58:11,613 [INFO] WebApp:191 - Connection restablished
2025-07-10 17:59:00,316 [INFO] WebApp:194 - Connection lost
2025-07-10 17:59:04,601 [INFO] WebApp:191 - Connection restablished
2025-07-10 18:01:38,209 [INFO] WebApp:194 - Connection lost
2025-07-10 18:01:41,521 [INFO] WebApp:191 - Connection restablished
2025-07-10 18:03:23,045 [INFO] WebApp:194 - Connection lost
2025-07-10 18:03:28,150 [INFO] WebApp:191 - Connection restablished
2025-07-10 18:06:00,436 [INFO] WebApp:194 - Connection lost
2025-07-10 18:06:04,353 [INFO] WebApp:191 - Connection restablished
2025-07-10 18:08:37,854 [INFO] WebApp:194 - Connection lost
2025-07-10 18:08:41,917 [INFO] WebApp:191 - Connection restablished
2025-07-10 18:10:22,688 [INFO] WebApp:194 - Connection lost
2025-07-10 18:10:26,099 [INFO] WebApp:191 - Connection restablished
2025-07-10 18:13:00,178 [INFO] WebApp:194 - Connection lost
2025-07-10 18:13:07,542 [INFO] WebApp:191 - Connection restablished
2025-07-10 18:13:52,621 [INFO] WebApp:194 - Connection lost
2025-07-10 18:13:56,876 [INFO] WebApp:191 - Connection restablished
2025-07-10 18:14:45,035 [INFO] WebApp:194 - Connection lost
2025-07-10 18:14:48,247 [INFO] WebApp:191 - Connection restablished
2025-07-10 18:19:07,394 [INFO] WebApp:194 - Connection lost
2025-07-10 18:19:11,003 [INFO] WebApp:191 - Connection restablished
2025-07-10 18:22:37,209 [INFO] WebApp:194 - Connection lost
2025-07-10 18:22:40,452 [INFO] WebApp:191 - Connection restablished
2025-07-10 18:23:29,651 [INFO] WebApp:194 - Connection lost
2025-07-10 18:23:33,828 [INFO] WebApp:191 - Connection restablished
2025-07-10 18:25:13,885 [INFO] WebApp:194 - Connection lost
2025-07-10 18:25:17,121 [INFO] WebApp:191 - Connection restablished
2025-07-10 18:26:59,382 [INFO] WebApp:194 - Connection lost
2025-07-10 18:27:03,541 [INFO] WebApp:191 - Connection restablished
2025-07-10 18:27:51,910 [INFO] WebApp:194 - Connection lost
2025-07-10 18:27:56,202 [INFO] WebApp:191 - Connection restablished
2025-07-10 18:28:44,248 [INFO] WebApp:194 - Connection lost
2025-07-10 18:28:47,785 [INFO] WebApp:191 - Connection restablished
2025-07-10 18:31:21,644 [INFO] WebApp:194 - Connection lost
2025-07-10 18:31:24,832 [INFO] WebApp:191 - Connection restablished
2025-07-10 18:32:14,073 [INFO] WebApp:194 - Connection lost
2025-07-10 18:32:18,230 [INFO] WebApp:191 - Connection restablished
2025-07-10 18:35:44,000 [INFO] WebApp:194 - Connection lost
2025-07-10 18:35:47,625 [INFO] WebApp:191 - Connection restablished
2025-07-10 18:40:05,729 [INFO] WebApp:194 - Connection lost
2025-07-10 18:40:09,157 [INFO] WebApp:191 - Connection restablished
2025-07-10 18:40:58,683 [INFO] WebApp:194 - Connection lost
2025-07-10 18:41:08,974 [INFO] WebApp:191 - Connection restablished
2025-07-10 18:41:09,091 [INFO] WebApp:194 - Connection lost
2025-07-10 18:41:09,102 [INFO] WebApp:191 - Connection restablished
2025-07-10 18:41:51,225 [INFO] WebApp:194 - Connection lost
2025-07-10 18:41:55,261 [INFO] WebApp:191 - Connection restablished
2025-07-10 18:42:01,424 [INFO] WebApp:194 - Connection lost
2025-07-10 18:42:11,933 [INFO] WebApp:191 - Connection restablished
2025-07-10 18:42:16,379 [INFO] WebApp:194 - Connection lost
2025-07-10 18:42:16,654 [INFO] WebApp:191 - Connection restablished
2025-07-10 19:00:29,331 [INFO] WebApp:194 - Connection lost
2025-07-10 19:02:39,193 [INFO] WebApp:191 - Connection restablished
2025-07-10 19:04:35,099 [INFO] WebApp:194 - Connection lost
2025-07-10 19:04:39,274 [INFO] WebApp:191 - Connection restablished
2025-07-10 19:11:34,733 [INFO] WebApp:194 - Connection lost
2025-07-10 19:11:37,761 [INFO] WebApp:191 - Connection restablished
2025-07-10 19:14:11,815 [INFO] WebApp:194 - Connection lost
2025-07-10 19:14:15,987 [INFO] WebApp:191 - Connection restablished
2025-07-10 19:18:34,367 [INFO] WebApp:194 - Connection lost
2025-07-10 19:18:42,619 [INFO] WebApp:191 - Connection restablished
2025-07-10 19:19:26,805 [INFO] WebApp:194 - Connection lost
2025-07-10 19:19:30,877 [INFO] WebApp:191 - Connection restablished
2025-07-10 19:25:33,810 [INFO] WebApp:194 - Connection lost
2025-07-10 19:25:37,062 [INFO] WebApp:191 - Connection restablished
2025-07-10 19:26:26,352 [INFO] WebApp:194 - Connection lost
2025-07-10 19:26:30,269 [INFO] WebApp:191 - Connection restablished
2025-07-10 19:27:18,785 [INFO] WebApp:194 - Connection lost
2025-07-10 19:27:23,622 [INFO] WebApp:191 - Connection restablished
2025-07-10 19:28:11,210 [INFO] WebApp:194 - Connection lost
2025-07-10 19:28:15,384 [INFO] WebApp:191 - Connection restablished
2025-07-10 19:29:56,075 [INFO] WebApp:194 - Connection lost
2025-07-10 19:29:59,400 [INFO] WebApp:191 - Connection restablished
2025-07-10 19:37:48,343 [INFO] WebApp:194 - Connection lost
2025-07-10 19:37:51,713 [INFO] WebApp:191 - Connection restablished
2025-07-10 19:38:40,775 [INFO] WebApp:194 - Connection lost
2025-07-10 19:38:44,488 [INFO] WebApp:191 - Connection restablished
2025-07-10 19:42:09,986 [INFO] WebApp:194 - Connection lost
2025-07-10 19:42:13,272 [INFO] WebApp:191 - Connection restablished
2025-07-10 19:43:03,066 [INFO] WebApp:194 - Connection lost
2025-07-10 19:43:21,041 [INFO] WebApp:191 - Connection restablished
2025-07-10 19:43:26,014 [INFO] WebApp:194 - Connection lost
2025-07-10 19:43:26,259 [INFO] WebApp:191 - Connection restablished
2025-07-10 20:03:42,382 [ERROR] LogOutputStream:75 - [STDERR_REDIRECT] 
