2025-07-20 00:21:37,233 [INFO] MainUpdater:2872 - connection check result : 10
2025-07-20 00:21:37,238 [INFO] MainUpdater:2872 - connection check result : 10
2025-07-20 00:21:37,309 [INFO] MicroXplorer:468 - Change Database Path : 
2025-07-20 00:21:37,309 [INFO] MicroXplorer:498 - Change Database Version : DB.6.0.141
2025-07-20 00:21:37,362 [ERROR] ProjectManagerView:395 - 
java.lang.NullPointerException: Cannot invoke "javax.swing.JTextField.getText()" because the return value of "java.util.List.get(int)" is null
	at com.st.microxplorer.plugins.projectmanager.gui.ProjectChoiceTab$9.caretUpdate(ProjectChoiceTab.java:2678) ~[filemanager.jar:?]
	at javax.swing.text.JTextComponent.fireCaretUpdate(JTextComponent.java:408) ~[?:?]
	at javax.swing.text.JTextComponent$MutableCaretEvent.fire(JTextComponent.java:4484) ~[?:?]
	at javax.swing.text.JTextComponent$MutableCaretEvent.stateChanged(JTextComponent.java:4506) ~[?:?]
	at javax.swing.text.DefaultCaret.fireStateChanged(DefaultCaret.java:857) ~[?:?]
	at javax.swing.text.DefaultCaret.changeCaretPosition(DefaultCaret.java:1343) ~[?:?]
	at javax.swing.text.DefaultCaret.handleSetDot(DefaultCaret.java:1242) ~[?:?]
	at javax.swing.text.DefaultCaret.setDot(DefaultCaret.java:1223) ~[?:?]
	at javax.swing.text.DefaultCaret$Handler.insertUpdate(DefaultCaret.java:1819) ~[?:?]
	at javax.swing.text.AbstractDocument.fireInsertUpdate(AbstractDocument.java:227) ~[?:?]
	at javax.swing.text.AbstractDocument.handleInsertString(AbstractDocument.java:781) ~[?:?]
	at javax.swing.text.AbstractDocument.insertString(AbstractDocument.java:740) ~[?:?]
	at javax.swing.text.PlainDocument.insertString(PlainDocument.java:131) ~[?:?]
	at javax.swing.text.AbstractDocument.replace(AbstractDocument.java:699) ~[?:?]
	at javax.swing.text.JTextComponent.setText(JTextComponent.java:1725) ~[?:?]
	at com.st.microxplorer.plugins.projectmanager.gui.ProjectChoiceTab.createHeapStackFields(ProjectChoiceTab.java:979) ~[filemanager.jar:?]
	at com.st.microxplorer.plugins.projectmanager.gui.ProjectChoiceTab.buildLinkSettingsPanel(ProjectChoiceTab.java:3766) ~[filemanager.jar:?]
	at com.st.microxplorer.plugins.projectmanager.gui.ProjectChoiceTab.defineWindowsFields(ProjectChoiceTab.java:1962) ~[filemanager.jar:?]
	at com.st.microxplorer.plugins.projectmanager.gui.ProjectChoiceTab.updateSettings(ProjectChoiceTab.java:555) ~[filemanager.jar:?]
	at com.st.microxplorer.plugins.projectmanager.gui.ProjectSettingsPanel.UpdateDialog(ProjectSettingsPanel.java:245) ~[filemanager.jar:?]
	at com.st.microxplorer.plugins.projectmanager.ProjectManagerView.propertyChange(ProjectManagerView.java:392) ~[filemanager.jar:?]
	at java.beans.PropertyChangeSupport.fire(PropertyChangeSupport.java:343) ~[?:?]
	at java.beans.PropertyChangeSupport.firePropertyChange(PropertyChangeSupport.java:335) ~[?:?]
	at java.beans.PropertyChangeSupport.firePropertyChange(PropertyChangeSupport.java:268) ~[?:?]
	at com.st.microxplorer.util.MXPropertyChangeSupport.firePropertyChange(MXPropertyChangeSupport.java:54) ~[STM32CubeMX.jar:?]
	at com.st.microxplorer.mxsystem.MxSystem.closeConfig(MxSystem.java:899) ~[STM32CubeMX.jar:?]
	at com.st.microxplorer.maingui.MainPanel.closeConfig(MainPanel.java:789) ~[STM32CubeMX.jar:?]
	at com.st.microxplorer.plugins.filemanager.engine.OpenFileManager.loadConfigurationFile(OpenFileManager.java:287) ~[filemanager.jar:?]
	at com.st.microxplorer.plugins.filemanager.engine.MainFileManager.userLoadConfig(MainFileManager.java:341) ~[filemanager.jar:?]
	at com.st.microxplorer.plugins.filemanager.engine.MainFileManager.userLoadConfig(MainFileManager.java:319) ~[filemanager.jar:?]
	at com.st.microxplorer.plugins.filemanager.FileManagerView.getSpecificTask(FileManagerView.java:246) ~[filemanager.jar:?]
	at com.st.stm32cube.common.mx.editor.CubeMxEditor.getMxTabbedPaneInstance(CubeMxEditor.java:1198) ~[com.st.stm32cube.common.mx_6.14.1.202504091515/:?]
	at com.st.stm32cube.common.mx.editor.CubeMxEditor$12$1.createSwingComponent(CubeMxEditor.java:1068) ~[com.st.stm32cube.common.mx_6.14.1.202504091515/:?]
	at com.st.stm32cube.common.mx.oss.core.awtswtbridge.EmbeddedSwingComposite.doComponentCreation(EmbeddedSwingComposite.java:492) ~[com.st.stm32cube.common.mx.oss_6.14.1.202504091515/:?]
	at com.st.stm32cube.common.mx.oss.core.awtswtbridge.EmbeddedSwingComposite$4.run(EmbeddedSwingComposite.java:291) ~[com.st.stm32cube.common.mx.oss_6.14.1.202504091515/:?]
	at com.st.stm32cube.common.mx.oss.core.awtswtbridge.AwtEnvironment$2.run(AwtEnvironment.java:166) ~[com.st.stm32cube.common.mx.oss_6.14.1.202504091515/:?]
	at java.awt.event.InvocationEvent.dispatch(InvocationEvent.java:318) ~[?:?]
	at java.awt.EventQueue.dispatchEventImpl(EventQueue.java:773) ~[?:?]
	at java.awt.EventQueue$4.run(EventQueue.java:720) ~[?:?]
	at java.awt.EventQueue$4.run(EventQueue.java:714) ~[?:?]
	at java.security.AccessController.doPrivileged(AccessController.java:400) ~[?:?]
	at java.security.ProtectionDomain$JavaSecurityAccessImpl.doIntersectionPrivilege(ProtectionDomain.java:87) ~[?:?]
	at java.awt.EventQueue.dispatchEvent(EventQueue.java:742) ~[?:?]
	at java.awt.EventDispatchThread.pumpOneEventForFilters(EventDispatchThread.java:203) ~[?:?]
	at java.awt.EventDispatchThread.pumpEventsForFilter(EventDispatchThread.java:124) ~[?:?]
	at java.awt.EventDispatchThread.pumpEventsForHierarchy(EventDispatchThread.java:113) ~[?:?]
	at java.awt.EventDispatchThread.pumpEvents(EventDispatchThread.java:109) ~[?:?]
	at java.awt.EventDispatchThread.pumpEvents(EventDispatchThread.java:101) ~[?:?]
	at java.awt.EventDispatchThread.run(EventDispatchThread.java:90) ~[?:?]
2025-07-20 00:21:37,370 [WARN] ThirdParty:871 - waiting for thirdparty lock release [close project]
2025-07-20 00:21:37,370 [INFO] ThirdParty:873 - entering critical section [close project]
2025-07-20 00:21:37,370 [INFO] ThirdParty:883 - exiting critical section [close project]
2025-07-20 00:21:37,375 [INFO] PinOutPanel:1589 - setPackage(No Configuration,No Configuration)
2025-07-20 00:21:37,401 [WARN] IpParametersView:155 - Warning: This peripheral hasn't parameters
2025-07-20 00:21:37,426 [WARN] MainPanel:289 - <html><b><center>Warning: This peripheral has no parameters to be configured<br></b></html>
2025-07-20 00:21:37,440 [INFO] UtilMem:75 - Begin LoadConfig() Used Memory: 366221952 Bytes (463470592)
2025-07-20 00:21:37,441 [INFO] MicroXplorer:468 - Change Database Path : 
2025-07-20 00:21:37,441 [INFO] MicroXplorer:498 - Change Database Version : DB.6.0.141
2025-07-20 00:21:37,441 [INFO] OpenFileManager:354 - Change cursor
2025-07-20 00:21:37,491 [INFO] RulesReader:64 - Compatibility file has been processed (302 Rules)
2025-07-20 00:21:37,497 [INFO] Mcu:2011 - Initializing MCU STM32F411C(C-E)Ux STM32F411CEUx STM32F411CEU6
2025-07-20 00:21:38,692 [INFO] Context:756 - Trying to add GPIOservice into a context  which must be forbidden
2025-07-20 00:21:39,238 [INFO] ImportTextPane:218 - (OptionalMessage_ERROR) Pin25 (VP_RIF_VS_RIF1) cannot be retrieved for this MCU
2025-07-20 00:21:39,290 [INFO] RtosManager:558 - Registered RTOS mode: class=CMSIS, group=RTOS, mode=CMSIS_V1, owner=FREERTOS
2025-07-20 00:21:39,290 [INFO] RtosManager:558 - Registered RTOS mode: class=CMSIS, group=RTOS2, mode=CMSIS_V2, owner=FREERTOS
2025-07-20 00:21:39,290 [INFO] RtosManager:558 - Registered RTOS mode: class=RTOS, group=Core, mode=CMSIS_V1, owner=FREERTOS
2025-07-20 00:21:39,290 [INFO] RtosManager:558 - Registered RTOS mode: class=RTOS, group=Core, mode=CMSIS_V2, owner=FREERTOS
2025-07-20 00:21:39,290 [WARN] ModelIntegratedComponent:184 - Missing modes for component STMicroelectronics:FreeRTOS:0.0.1:STMicroelectronics:RTOS:FreeRTOS:Core:::10.2.0:
2025-07-20 00:21:39,303 [WARN] ModelIntegratedComponent:182 - Modes not found for component STMicroelectronics:USB_HOST:1.0.0:STMicroelectronics:USB::USB Host:Audio HS::1.0:USB_HOST_1_0_RESTRICTED_HS
2025-07-20 00:21:39,303 [WARN] ModelIntegratedComponent:188 - Modes not found for component STMicroelectronics:USB_HOST:1.0.0:STMicroelectronics:USB::USB Host:Audio HS::1.0:USB_HOST_1_0_RESTRICTED_HS
2025-07-20 00:21:39,303 [WARN] ModelIntegratedComponent:182 - Modes not found for component STMicroelectronics:USB_HOST:1.0.0:STMicroelectronics:USB::USB Host:CDC HS::1.0:USB_HOST_1_0_RESTRICTED_HS
2025-07-20 00:21:39,303 [WARN] ModelIntegratedComponent:188 - Modes not found for component STMicroelectronics:USB_HOST:1.0.0:STMicroelectronics:USB::USB Host:CDC HS::1.0:USB_HOST_1_0_RESTRICTED_HS
2025-07-20 00:21:39,303 [WARN] ModelIntegratedComponent:182 - Modes not found for component STMicroelectronics:USB_HOST:1.0.0:STMicroelectronics:USB::USB Host:MSC HS::1.0:USB_HOST_1_0_RESTRICTED_HS
2025-07-20 00:21:39,303 [WARN] ModelIntegratedComponent:188 - Modes not found for component STMicroelectronics:USB_HOST:1.0.0:STMicroelectronics:USB::USB Host:MSC HS::1.0:USB_HOST_1_0_RESTRICTED_HS
2025-07-20 00:21:39,304 [WARN] ModelIntegratedComponent:182 - Modes not found for component STMicroelectronics:USB_HOST:1.0.0:STMicroelectronics:USB::USB Host:HID HS::1.0:USB_HOST_1_0_RESTRICTED_HS
2025-07-20 00:21:39,304 [WARN] ModelIntegratedComponent:188 - Modes not found for component STMicroelectronics:USB_HOST:1.0.0:STMicroelectronics:USB::USB Host:HID HS::1.0:USB_HOST_1_0_RESTRICTED_HS
2025-07-20 00:21:39,304 [WARN] ModelIntegratedComponent:182 - Modes not found for component STMicroelectronics:USB_HOST:1.0.0:STMicroelectronics:USB::USB Host:MTP HS::1.0:USB_HOST_1_0_RESTRICTED_HS
2025-07-20 00:21:39,304 [WARN] ModelIntegratedComponent:188 - Modes not found for component STMicroelectronics:USB_HOST:1.0.0:STMicroelectronics:USB::USB Host:MTP HS::1.0:USB_HOST_1_0_RESTRICTED_HS
2025-07-20 00:21:39,320 [WARN] ModelIntegratedComponent:63 - No mode defined for component null
2025-07-20 00:21:39,321 [WARN] ModelIntegratedComponent:63 - No mode defined for component null
2025-07-20 00:21:39,321 [WARN] ModelIntegratedComponent:63 - No mode defined for component null
2025-07-20 00:21:39,321 [WARN] ModelIntegratedComponent:63 - No mode defined for component null
2025-07-20 00:21:39,321 [WARN] ModelIntegratedComponent:63 - No mode defined for component null
2025-07-20 00:21:39,321 [WARN] ModelIntegratedComponent:63 - No mode defined for component null
2025-07-20 00:21:39,321 [WARN] ModelIntegratedComponent:63 - No mode defined for component null
2025-07-20 00:21:39,321 [WARN] ModelIntegratedComponent:63 - No mode defined for component null
2025-07-20 00:21:39,321 [WARN] ModelIntegratedComponent:63 - No mode defined for component null
2025-07-20 00:21:39,321 [WARN] ModelIntegratedComponent:63 - No mode defined for component null
2025-07-20 00:21:39,321 [WARN] ModelIntegratedComponent:63 - No mode defined for component null
2025-07-20 00:21:39,322 [WARN] ModelIntegratedComponent:63 - No mode defined for component null
2025-07-20 00:21:39,322 [WARN] ModelIntegratedComponent:63 - No mode defined for component null
2025-07-20 00:21:39,322 [WARN] ModelIntegratedComponent:63 - No mode defined for component null
2025-07-20 00:21:39,322 [WARN] ModelIntegratedComponent:63 - No mode defined for component null
2025-07-20 00:21:39,322 [WARN] ModelIntegratedComponent:63 - No mode defined for component null
2025-07-20 00:21:39,322 [WARN] ModelIntegratedComponent:63 - No mode defined for component null
2025-07-20 00:21:39,322 [WARN] ModelIntegratedComponent:63 - No mode defined for component null
2025-07-20 00:21:39,322 [WARN] ModelIntegratedComponent:63 - No mode defined for component null
2025-07-20 00:21:39,322 [WARN] ModelIntegratedComponent:63 - No mode defined for component null
2025-07-20 00:21:39,322 [WARN] ModelIntegratedComponent:63 - No mode defined for component null
2025-07-20 00:21:39,322 [WARN] ModelIntegratedComponent:63 - No mode defined for component null
2025-07-20 00:21:39,323 [WARN] ModelIntegratedComponent:63 - No mode defined for component null
2025-07-20 00:21:39,323 [WARN] ModelIntegratedComponent:63 - No mode defined for component null
2025-07-20 00:21:39,323 [WARN] ModelIntegratedComponent:63 - No mode defined for component null
2025-07-20 00:21:39,323 [WARN] ModelIntegratedComponent:63 - No mode defined for component null
2025-07-20 00:21:39,323 [WARN] ModelIntegratedComponent:63 - No mode defined for component null
2025-07-20 00:21:39,323 [WARN] ModelIntegratedComponent:63 - No mode defined for component null
2025-07-20 00:21:39,323 [WARN] ModelIntegratedComponent:63 - No mode defined for component null
2025-07-20 00:21:39,323 [WARN] ModelIntegratedComponent:63 - No mode defined for component null
2025-07-20 00:21:39,323 [WARN] ModelIntegratedComponent:63 - No mode defined for component null
2025-07-20 00:21:39,324 [WARN] ModelIntegratedComponent:63 - No mode defined for component null
2025-07-20 00:21:39,324 [WARN] ModelIntegratedComponent:63 - No mode defined for component null
2025-07-20 00:21:39,324 [WARN] ModelIntegratedComponent:63 - No mode defined for component null
2025-07-20 00:21:39,324 [WARN] ModelIntegratedComponent:63 - No mode defined for component null
2025-07-20 00:21:39,324 [WARN] ModelPack:524 - Component already loaded: STMicroelectronics:HAL Drivers:0.0.0:STMicroelectronics:Device:STMicro_Driver:XSPI:HAL::0.0.1:HAL_XSPI
2025-07-20 00:21:39,540 [WARN] ModelIntegratedComponent:182 - Modes not found for component STMicroelectronics:USB_DEVICE:1.0.0:STMicroelectronics:USB::USB Device:Audio HS::1.0:USB_DEVICE_1_0_RESTRICTED_HS
2025-07-20 00:21:39,540 [WARN] ModelIntegratedComponent:188 - Modes not found for component STMicroelectronics:USB_DEVICE:1.0.0:STMicroelectronics:USB::USB Device:Audio HS::1.0:USB_DEVICE_1_0_RESTRICTED_HS
2025-07-20 00:21:39,540 [WARN] ModelIntegratedComponent:182 - Modes not found for component STMicroelectronics:USB_DEVICE:1.0.0:STMicroelectronics:USB::USB Device:CDC HS::1.0:USB_DEVICE_1_0_RESTRICTED_HS
2025-07-20 00:21:39,540 [WARN] ModelIntegratedComponent:188 - Modes not found for component STMicroelectronics:USB_DEVICE:1.0.0:STMicroelectronics:USB::USB Device:CDC HS::1.0:USB_DEVICE_1_0_RESTRICTED_HS
2025-07-20 00:21:39,540 [WARN] ModelIntegratedComponent:182 - Modes not found for component STMicroelectronics:USB_DEVICE:1.0.0:STMicroelectronics:USB::USB Device:DFU HS::1.0:USB_DEVICE_1_0_RESTRICTED_HS
2025-07-20 00:21:39,540 [WARN] ModelIntegratedComponent:188 - Modes not found for component STMicroelectronics:USB_DEVICE:1.0.0:STMicroelectronics:USB::USB Device:DFU HS::1.0:USB_DEVICE_1_0_RESTRICTED_HS
2025-07-20 00:21:39,540 [WARN] ModelIntegratedComponent:182 - Modes not found for component STMicroelectronics:USB_DEVICE:1.0.0:STMicroelectronics:USB::USB Device:HID HS::1.0:USB_DEVICE_1_0_RESTRICTED_HS
2025-07-20 00:21:39,540 [WARN] ModelIntegratedComponent:188 - Modes not found for component STMicroelectronics:USB_DEVICE:1.0.0:STMicroelectronics:USB::USB Device:HID HS::1.0:USB_DEVICE_1_0_RESTRICTED_HS
2025-07-20 00:21:39,540 [WARN] ModelIntegratedComponent:182 - Modes not found for component STMicroelectronics:USB_DEVICE:1.0.0:STMicroelectronics:USB::USB Device:Custom HID HS::1.0:USB_DEVICE_1_0_RESTRICTED_HS
2025-07-20 00:21:39,541 [WARN] ModelIntegratedComponent:188 - Modes not found for component STMicroelectronics:USB_DEVICE:1.0.0:STMicroelectronics:USB::USB Device:Custom HID HS::1.0:USB_DEVICE_1_0_RESTRICTED_HS
2025-07-20 00:21:39,541 [WARN] ModelIntegratedComponent:182 - Modes not found for component STMicroelectronics:USB_DEVICE:1.0.0:STMicroelectronics:USB::USB Device:MSC HS::1.0:USB_DEVICE_1_0_RESTRICTED_HS
2025-07-20 00:21:39,541 [WARN] ModelIntegratedComponent:188 - Modes not found for component STMicroelectronics:USB_DEVICE:1.0.0:STMicroelectronics:USB::USB Device:MSC HS::1.0:USB_DEVICE_1_0_RESTRICTED_HS
2025-07-20 00:21:39,558 [INFO] ThirdPartyModel:298 - Start build external matchings
2025-07-20 00:21:40,108 [INFO] ThirdPartyModel:316 - End build external matchings
2025-07-20 00:21:40,132 [INFO] ImportTextPane:218 - (OptionalMessage_ERROR) IP (DMA) : Parameter (Instance) has Id (I2C1_TX) currently not set
2025-07-20 00:21:40,132 [INFO] ImportTextPane:218 - (OptionalMessage_ERROR) IP (DMA) : Parameter (Channel) has Id (I2C1_TX) currently not set
2025-07-20 00:21:40,132 [INFO] ImportTextPane:218 - (OptionalMessage_ERROR) IP (DMA) : Parameter (Direction) has Id (I2C1_TX) currently not set
2025-07-20 00:21:40,133 [INFO] ImportTextPane:218 - (OptionalMessage_ERROR) IP (DMA) : Parameter (PeriphInc) has Id (I2C1_TX) currently not set
2025-07-20 00:21:40,133 [INFO] ImportTextPane:218 - (OptionalMessage_ERROR) IP (DMA) : Parameter (MemInc) has Id (I2C1_TX) currently not set
2025-07-20 00:21:40,133 [INFO] ImportTextPane:218 - (OptionalMessage_ERROR) IP (DMA) : Parameter (PeriphDataAlignment) has Id (I2C1_TX) currently not set
2025-07-20 00:21:40,133 [INFO] ImportTextPane:218 - (OptionalMessage_ERROR) IP (DMA) : Parameter (MemDataAlignment) has Id (I2C1_TX) currently not set
2025-07-20 00:21:40,133 [INFO] ImportTextPane:218 - (OptionalMessage_ERROR) IP (DMA) : Parameter (Mode) has Id (I2C1_TX) currently not set
2025-07-20 00:21:40,133 [INFO] ImportTextPane:218 - (OptionalMessage_ERROR) IP (DMA) : Parameter (Priority) has Id (I2C1_TX) currently not set
2025-07-20 00:21:40,134 [INFO] ImportTextPane:218 - (OptionalMessage_ERROR) IP (DMA) : Parameter (FIFOMode) has Id (I2C1_TX) currently not set
2025-07-20 00:21:40,134 [INFO] ImportTextPane:218 - (OptionalMessage_ERROR) IP (DMA) : Parameter (Instance) has Id (USART1_RX) currently not set
2025-07-20 00:21:40,134 [INFO] ImportTextPane:218 - (OptionalMessage_ERROR) IP (DMA) : Parameter (Channel) has Id (USART1_RX) currently not set
2025-07-20 00:21:40,134 [INFO] ImportTextPane:218 - (OptionalMessage_ERROR) IP (DMA) : Parameter (Direction) has Id (USART1_RX) currently not set
2025-07-20 00:21:40,134 [INFO] ImportTextPane:218 - (OptionalMessage_ERROR) IP (DMA) : Parameter (PeriphInc) has Id (USART1_RX) currently not set
2025-07-20 00:21:40,134 [INFO] ImportTextPane:218 - (OptionalMessage_ERROR) IP (DMA) : Parameter (MemInc) has Id (USART1_RX) currently not set
2025-07-20 00:21:40,134 [INFO] ImportTextPane:218 - (OptionalMessage_ERROR) IP (DMA) : Parameter (PeriphDataAlignment) has Id (USART1_RX) currently not set
2025-07-20 00:21:40,134 [INFO] ImportTextPane:218 - (OptionalMessage_ERROR) IP (DMA) : Parameter (MemDataAlignment) has Id (USART1_RX) currently not set
2025-07-20 00:21:40,134 [INFO] ImportTextPane:218 - (OptionalMessage_ERROR) IP (DMA) : Parameter (Mode) has Id (USART1_RX) currently not set
2025-07-20 00:21:40,134 [INFO] ImportTextPane:218 - (OptionalMessage_ERROR) IP (DMA) : Parameter (Priority) has Id (USART1_RX) currently not set
2025-07-20 00:21:40,135 [INFO] ImportTextPane:218 - (OptionalMessage_ERROR) IP (DMA) : Parameter (FIFOMode) has Id (USART1_RX) currently not set
2025-07-20 00:21:40,135 [INFO] ImportTextPane:218 - (OptionalMessage_ERROR) IP (DMA) : Parameter (Instance) has Id (USART1_TX) currently not set
2025-07-20 00:21:40,135 [INFO] ImportTextPane:218 - (OptionalMessage_ERROR) IP (DMA) : Parameter (Channel) has Id (USART1_TX) currently not set
2025-07-20 00:21:40,135 [INFO] ImportTextPane:218 - (OptionalMessage_ERROR) IP (DMA) : Parameter (Direction) has Id (USART1_TX) currently not set
2025-07-20 00:21:40,135 [INFO] ImportTextPane:218 - (OptionalMessage_ERROR) IP (DMA) : Parameter (PeriphInc) has Id (USART1_TX) currently not set
2025-07-20 00:21:40,135 [INFO] ImportTextPane:218 - (OptionalMessage_ERROR) IP (DMA) : Parameter (MemInc) has Id (USART1_TX) currently not set
2025-07-20 00:21:40,135 [INFO] ImportTextPane:218 - (OptionalMessage_ERROR) IP (DMA) : Parameter (PeriphDataAlignment) has Id (USART1_TX) currently not set
2025-07-20 00:21:40,135 [INFO] ImportTextPane:218 - (OptionalMessage_ERROR) IP (DMA) : Parameter (MemDataAlignment) has Id (USART1_TX) currently not set
2025-07-20 00:21:40,135 [INFO] ImportTextPane:218 - (OptionalMessage_ERROR) IP (DMA) : Parameter (Mode) has Id (USART1_TX) currently not set
2025-07-20 00:21:40,136 [INFO] ImportTextPane:218 - (OptionalMessage_ERROR) IP (DMA) : Parameter (Priority) has Id (USART1_TX) currently not set
2025-07-20 00:21:40,136 [INFO] ImportTextPane:218 - (OptionalMessage_ERROR) IP (DMA) : Parameter (FIFOMode) has Id (USART1_TX) currently not set
2025-07-20 00:21:40,137 [WARN] IP:2250 - I2C_Coeff_DF not found: check if there is a RefParameter without a condition.
2025-07-20 00:21:40,138 [WARN] IP:2250 - Analog_Filter not found: check if there is a RefParameter without a condition.
2025-07-20 00:21:40,139 [INFO] ImportTextPane:218 - (OptionalMessage_ERROR) IP (RCC) : Parameter (48MHZClocksFreq_Value) has invalid value (50000000)
2025-07-20 00:21:40,139 [INFO] ImportTextPane:218 - (OptionalMessage_ERROR) IP (RCC) : Parameter (RTCHSEDivFreq_Value) has invalid value (12500000)
2025-07-20 00:21:40,381 [INFO] UtilMem:75 - End LoadConfig() Used Memory: 419540728 Bytes (528482304)
2025-07-20 00:21:40,406 [WARN] ThirdParty:833 - waiting for thirdparty lock release [change project]
2025-07-20 00:21:40,407 [INFO] ThirdParty:835 - entering critical section [change project]
2025-07-20 00:21:40,407 [INFO] ThirdParty:1030 - CMSIS Pack Vendor :STMicroelectronics X-CUBE-PM33A1 1.0.0
2025-07-20 00:21:40,407 [INFO] ThirdParty:1030 - CMSIS Pack Vendor :STMicroelectronics USBPD 4.1
2025-07-20 00:21:40,407 [INFO] ThirdParty:1030 - CMSIS Pack Vendor :STMicroelectronics X-CUBE-AZRTOS-H7 3.3.0
2025-07-20 00:21:40,407 [INFO] ThirdParty:1030 - CMSIS Pack Vendor :STMicroelectronics X-CUBE-NFC9 1.0.0
2025-07-20 00:21:40,407 [INFO] ThirdParty:1030 - CMSIS Pack Vendor :wolfSSL I-CUBE-wolfSSL 5.8.0
2025-07-20 00:21:40,407 [INFO] ThirdParty:1030 - CMSIS Pack Vendor :STMicroelectronics USB_HOST 2.0.0
2025-07-20 00:21:40,407 [INFO] ThirdParty:1030 - CMSIS Pack Vendor :STMicroelectronics FP-SNS-MOTENVWB1 1.4.0
2025-07-20 00:21:40,407 [INFO] ThirdParty:1030 - CMSIS Pack Vendor :STMicroelectronics X-CUBE-AZRTOS-F4 1.1.0
2025-07-20 00:21:40,408 [INFO] ThirdParty:1030 - CMSIS Pack Vendor :STMicroelectronics LIBJPEG 8.0.0
2025-07-20 00:21:40,408 [INFO] ThirdParty:1030 - CMSIS Pack Vendor :STMicroelectronics FP-ATR-ASTRA1 2.0.2
2025-07-20 00:21:40,408 [INFO] ThirdParty:1030 - CMSIS Pack Vendor :STMicroelectronics X-CUBE-BLE1 7.1.0
2025-07-20 00:21:40,408 [INFO] ThirdParty:1030 - CMSIS Pack Vendor :Avnet-IotConnect X-CUBE-IoTC-DA16k-PMOD 1.0.0
2025-07-20 00:21:40,408 [INFO] ThirdParty:1030 - CMSIS Pack Vendor :STMicroelectronics X-CUBE-SMBUS 2.1.0
2025-07-20 00:21:40,408 [INFO] ThirdParty:1030 - CMSIS Pack Vendor :wolfSSL I-CUBE-wolfMQTT 1.19.2
2025-07-20 00:21:40,408 [INFO] ThirdParty:1030 - CMSIS Pack Vendor :STMicroelectronics USB_DEVICE 3.0.0
2025-07-20 00:21:40,408 [INFO] ThirdParty:1030 - CMSIS Pack Vendor :STMicroelectronics X-CUBE-ISPU 2.1.0
2025-07-20 00:21:40,408 [INFO] ThirdParty:1030 - CMSIS Pack Vendor :STMicroelectronics X-CUBE-EEPRMA1 5.2.0
2025-07-20 00:21:40,408 [INFO] ThirdParty:1030 - CMSIS Pack Vendor :STMicroelectronics X-CUBE-BLEMGR 4.1.0
2025-07-20 00:21:40,408 [INFO] ThirdParty:1030 - CMSIS Pack Vendor :STMicroelectronics X-CUBE-AZRTOS-WB 2.0.0
2025-07-20 00:21:40,408 [INFO] ThirdParty:1030 - CMSIS Pack Vendor :STMicroelectronics X-CUBE-ST60 1.0.0
2025-07-20 00:21:40,408 [INFO] ThirdParty:1030 - CMSIS Pack Vendor :STMicroelectronics X-CUBE-GNSS1 7.0.1
2025-07-20 00:21:40,408 [INFO] ThirdParty:1030 - CMSIS Pack Vendor :STMicroelectronics X-CUBE-NFC12 1.0.0
2025-07-20 00:21:40,408 [INFO] ThirdParty:1030 - CMSIS Pack Vendor :STMicroelectronics X-CUBE-AZRTOS-F7 1.1.0
2025-07-20 00:21:40,408 [INFO] ThirdParty:1030 - CMSIS Pack Vendor :STMicroelectronics X-CUBE-AZRTOS-L5 2.0.0
2025-07-20 00:21:40,409 [INFO] ThirdParty:1030 - CMSIS Pack Vendor :STMicroelectronics X-CUBE-TOUCHGFX 4.25.0
2025-07-20 00:21:40,409 [INFO] ThirdParty:1030 - CMSIS Pack Vendor :STMicroelectronics USB_DEVICE 2.0.0
2025-07-20 00:21:40,409 [INFO] ThirdParty:1030 - CMSIS Pack Vendor :STMicroelectronics X-CUBE-NFC6 3.1.0
2025-07-20 00:21:40,409 [INFO] ThirdParty:1030 - CMSIS Pack Vendor :STMicroelectronics X-CUBE-AI 10.1.0
2025-07-20 00:21:40,409 [INFO] ThirdParty:1030 - CMSIS Pack Vendor :STMicroelectronics FP-SNS-STBOX1 2.0.0
2025-07-20 00:21:40,409 [INFO] ThirdParty:1030 - CMSIS Pack Vendor :STMicroelectronics FreeRTOS 0.0.1
2025-07-20 00:21:40,409 [INFO] ThirdParty:1030 - CMSIS Pack Vendor :STMicroelectronics X-CUBE-AZRTOS-G0 1.1.0
2025-07-20 00:21:40,409 [INFO] ThirdParty:1030 - CMSIS Pack Vendor :STMicroelectronics X-CUBE-SAFEA1 1.2.2
2025-07-20 00:21:40,409 [INFO] ThirdParty:1030 - CMSIS Pack Vendor :STMicroelectronics X-CUBE-NFC4 3.0.0
2025-07-20 00:21:40,409 [INFO] ThirdParty:1030 - CMSIS Pack Vendor :STMicroelectronics X-CUBE-SUBG2 5.0.0
2025-07-20 00:21:40,409 [INFO] ThirdParty:1030 - CMSIS Pack Vendor :STMicroelectronics X-CUBE-AZRTOS-H7RS 1.1.0
2025-07-20 00:21:40,409 [INFO] ThirdParty:1030 - CMSIS Pack Vendor :STMicroelectronics STM32_WPAN 1.0.0
2025-07-20 00:21:40,409 [INFO] ThirdParty:1030 - CMSIS Pack Vendor :EmbeddedOffice I-CUBE-FS-RTOS 1.0.1
2025-07-20 00:21:40,409 [INFO] ThirdParty:1030 - CMSIS Pack Vendor :STMicroelectronics lwIP 2.0.3
2025-07-20 00:21:40,409 [INFO] ThirdParty:1030 - CMSIS Pack Vendor :Cesanta I-CUBE-Mongoose 7.13.0
2025-07-20 00:21:40,410 [INFO] ThirdParty:1030 - CMSIS Pack Vendor :STMicroelectronics USB_HOST 1.0.0
2025-07-20 00:21:40,410 [INFO] ThirdParty:1030 - CMSIS Pack Vendor :Infineon AIROC-Wi-Fi-Bluetooth-STM32 1.7.0
2025-07-20 00:21:40,410 [INFO] ThirdParty:1030 - CMSIS Pack Vendor :STMicroelectronics X-CUBE-AZRTOS-G4 2.0.0
2025-07-20 00:21:40,410 [INFO] ThirdParty:1030 - CMSIS Pack Vendor :STMicroelectronics X-CUBE-WB05N 2.0.0
2025-07-20 00:21:40,410 [INFO] ThirdParty:1030 - CMSIS Pack Vendor :STMicroelectronics PDM2PCM 3.1.0
2025-07-20 00:21:40,410 [INFO] ThirdParty:1030 - CMSIS Pack Vendor :STMicroelectronics PDM2PCM 3.3.0
2025-07-20 00:21:40,410 [INFO] ThirdParty:1030 - CMSIS Pack Vendor :wolfSSL I-CUBE-wolfTPM 3.8.0
2025-07-20 00:21:40,410 [INFO] ThirdParty:1030 - CMSIS Pack Vendor :STMicroelectronics X-CUBE-AZRTOS-H7 3.4.0
2025-07-20 00:21:40,410 [INFO] ThirdParty:1030 - CMSIS Pack Vendor :STMicroelectronics X-CUBE-DISPLAY 3.0.0
2025-07-20 00:21:40,410 [INFO] ThirdParty:1030 - CMSIS Pack Vendor :wolfSSL I-CUBE-wolfSSH 1.4.20
2025-07-20 00:21:40,411 [INFO] ThirdParty:1030 - CMSIS Pack Vendor :STMicroelectronics X-CUBE-NFC7 2.0.0
2025-07-20 00:21:40,411 [INFO] ThirdParty:1030 - CMSIS Pack Vendor :STMicroelectronics X-CUBE-TCPP 4.2.0
2025-07-20 00:21:40,411 [INFO] ThirdParty:1030 - CMSIS Pack Vendor :RealThread X-CUBE-RT-Thread_Nano 4.1.1
2025-07-20 00:21:40,411 [INFO] ThirdParty:1030 - CMSIS Pack Vendor :STMicroelectronics FP-ATR-SIGFOX1 3.2.0
2025-07-20 00:21:40,411 [INFO] ThirdParty:1030 - CMSIS Pack Vendor :STMicroelectronics X-CUBE-NFC10 1.0.0
2025-07-20 00:21:40,411 [INFO] ThirdParty:1030 - CMSIS Pack Vendor :STMicroelectronics X-CUBE-BLEMGR 4.0.0
2025-07-20 00:21:40,411 [INFO] ThirdParty:1030 - CMSIS Pack Vendor :STMicroelectronics X-CUBE-EEPRMA1 5.1.0
2025-07-20 00:21:40,411 [INFO] ThirdParty:1030 - CMSIS Pack Vendor :STMicroelectronics X-CUBE-FREERTOS 1.3.1
2025-07-20 00:21:40,411 [INFO] ThirdParty:1030 - CMSIS Pack Vendor :STMicroelectronics HAL Drivers 0.0.0
2025-07-20 00:21:40,411 [INFO] ThirdParty:1030 - CMSIS Pack Vendor :STMicroelectronics MBEDTLS 2.16.2
2025-07-20 00:21:40,411 [INFO] ThirdParty:1030 - CMSIS Pack Vendor :STMicroelectronics X-CUBE-IPS 3.1.0
2025-07-20 00:21:40,411 [INFO] ThirdParty:1030 - CMSIS Pack Vendor :STMicroelectronics X-CUBE-ALS 1.0.2
2025-07-20 00:21:40,411 [INFO] ThirdParty:1030 - CMSIS Pack Vendor :emotas I-CUBE-CANOPEN 1.3.0
2025-07-20 00:21:40,411 [INFO] ThirdParty:1030 - CMSIS Pack Vendor :STMicroelectronics MBEDTLS 2.14.1
2025-07-20 00:21:40,412 [INFO] ThirdParty:1030 - CMSIS Pack Vendor :ITTIA_DB I-CUBE-ITTIADB 8.9.0
2025-07-20 00:21:40,412 [INFO] ThirdParty:1030 - CMSIS Pack Vendor :portGmbH I-Cube-SoM-uGOAL 1.1.0
2025-07-20 00:21:40,412 [INFO] ThirdParty:1030 - CMSIS Pack Vendor :quantropi X-CUBE-qispace-sdk-base 2.0.0
2025-07-20 00:21:40,412 [INFO] ThirdParty:1030 - CMSIS Pack Vendor :STMicroelectronics X-CUBE-ST67W61 1.0.0
2025-07-20 00:21:40,412 [INFO] ThirdParty:1030 - CMSIS Pack Vendor :STMicroelectronics FP-SNS-STAIOTCFT 1.0.0
2025-07-20 00:21:40,412 [INFO] ThirdParty:1030 - CMSIS Pack Vendor :STMicroelectronics ThreadX 1.0.0
2025-07-20 00:21:40,412 [INFO] ThirdParty:1030 - CMSIS Pack Vendor :STMicroelectronics FP-SNS-SMARTAG2 1.2.0
2025-07-20 00:21:40,412 [INFO] ThirdParty:1030 - CMSIS Pack Vendor :STMicroelectronics FP-SNS-FLIGHT1 5.1.0
2025-07-20 00:21:40,412 [INFO] ThirdParty:1030 - CMSIS Pack Vendor :STMicroelectronics X-CUBE-AZRTOS-WL 2.0.0
2025-07-20 00:21:40,412 [INFO] ThirdParty:1030 - CMSIS Pack Vendor :SEGGER I-CUBE-embOS 1.3.1
2025-07-20 00:21:40,412 [INFO] ThirdParty:1030 - CMSIS Pack Vendor :STMicroelectronics X-CUBE-ALGOBUILD 1.4.0
2025-07-20 00:21:40,412 [INFO] ThirdParty:1030 - CMSIS Pack Vendor :STMicroelectronics X-CUBE-DPower 1.3.0
2025-07-20 00:21:40,412 [INFO] ThirdParty:1030 - CMSIS Pack Vendor :STMicroelectronics X-CUBE-MEMS1 11.3.0
2025-07-20 00:21:40,412 [INFO] ThirdParty:1030 - CMSIS Pack Vendor :STMicroelectronics FP-SNS-MOTENV1 5.0.0
2025-07-20 00:21:40,412 [INFO] ThirdParty:1030 - CMSIS Pack Vendor :STMicroelectronics USB_DEVICE 1.0.0
2025-07-20 00:21:40,412 [INFO] ThirdParty:1030 - CMSIS Pack Vendor :STMicroelectronics X-CUBE-AZRTOS-L4 2.0.0
2025-07-20 00:21:40,412 [INFO] ThirdParty:1030 - CMSIS Pack Vendor :STMicroelectronics ThreadX 0.0.2
2025-07-20 00:21:40,413 [INFO] ThirdParty:1030 - CMSIS Pack Vendor :WES I-CUBE-Cesium 1.3.0
2025-07-20 00:21:40,413 [INFO] ThirdParty:1030 - CMSIS Pack Vendor :STMicroelectronics lwIP 2.1.2
2025-07-20 00:21:40,413 [INFO] ThirdParty:1030 - CMSIS Pack Vendor :STMicroelectronics X-CUBE-SFXS2LP1 4.0.0
2025-07-20 00:21:40,413 [INFO] ThirdParty:1030 - CMSIS Pack Vendor :STMicroelectronics X-CUBE-BLE2 3.3.0
2025-07-20 00:21:40,413 [INFO] ThirdParty:1030 - CMSIS Pack Vendor :STMicroelectronics X-CUBE-TOF1 3.4.3
2025-07-20 00:21:40,413 [INFO] ThirdParty:1030 - CMSIS Pack Vendor :STMicroelectronics PDM2PCM 3.2.0
2025-07-20 00:21:40,413 [INFO] ThirdParty:841 - exiting critical section [change project]
2025-07-20 00:21:40,871 [INFO] PinOutPanel:1589 - setPackage(No Configuration,No Configuration)
2025-07-20 00:21:40,871 [INFO] PinOutPanel:1589 - setPackage(STM32F411CEUx,UFQFPN48)
2025-07-20 00:21:41,255 [INFO] UtilMem:75 - Before build in PCC Used Memory: 385300800 Bytes (528482304)
2025-07-20 00:21:41,550 [INFO] UtilMem:75 - After build in PCC Used Memory: 430911808 Bytes (528482304)
2025-07-20 00:21:41,574 [INFO] IPUIPlugin:80 - create IPUIPlugin
2025-07-20 00:21:41,574 [INFO] IPUIPlugin:80 - create IPUIPlugin
2025-07-20 00:21:41,574 [INFO] IPUIPlugin:80 - create IPUIPlugin
2025-07-20 00:21:41,575 [INFO] IPUIPlugin:80 - create IPUIPlugin
2025-07-20 00:21:41,575 [INFO] IPUIPlugin:80 - create IPUIPlugin
2025-07-20 00:21:41,575 [INFO] IPUIPlugin:80 - create IPUIPlugin
2025-07-20 00:21:41,575 [INFO] IPUIPlugin:80 - create IPUIPlugin
2025-07-20 00:21:41,575 [INFO] IPUIPlugin:80 - create IPUIPlugin
2025-07-20 00:21:41,575 [INFO] IPUIPlugin:80 - create IPUIPlugin
2025-07-20 00:21:41,575 [INFO] IPUIPlugin:80 - create IPUIPlugin
2025-07-20 00:21:41,575 [INFO] IPUIPlugin:80 - create IPUIPlugin
2025-07-20 00:21:41,575 [INFO] IPUIPlugin:80 - create IPUIPlugin
2025-07-20 00:21:41,576 [INFO] IPUIPlugin:80 - create IPUIPlugin
2025-07-20 00:21:41,576 [INFO] IPUIPlugin:80 - create IPUIPlugin
2025-07-20 00:21:41,576 [INFO] IPUIPlugin:80 - create IPUIPlugin
2025-07-20 00:21:41,576 [INFO] IPUIPlugin:80 - create IPUIPlugin
2025-07-20 00:21:41,576 [INFO] IPUIPlugin:80 - create IPUIPlugin
2025-07-20 00:21:41,577 [INFO] IPUIPlugin:80 - create IPUIPlugin
2025-07-20 00:21:41,577 [INFO] IPUIPlugin:80 - create IPUIPlugin
2025-07-20 00:21:41,577 [INFO] IPUIPlugin:80 - create IPUIPlugin
2025-07-20 00:21:41,577 [INFO] IPUIPlugin:80 - create IPUIPlugin
2025-07-20 00:21:41,578 [INFO] IPUIPlugin:80 - create IPUIPlugin
2025-07-20 00:21:41,578 [INFO] IPUIPlugin:80 - create IPUIPlugin
2025-07-20 00:21:41,578 [INFO] IPUIPlugin:80 - create IPUIPlugin
2025-07-20 00:21:41,578 [INFO] IPUIPlugin:80 - create IPUIPlugin
2025-07-20 00:21:41,578 [INFO] IPUIPlugin:80 - create IPUIPlugin
2025-07-20 00:21:41,579 [INFO] IPUIPlugin:80 - create IPUIPlugin
2025-07-20 00:21:41,579 [INFO] IPUIPlugin:80 - create IPUIPlugin
2025-07-20 00:21:41,579 [INFO] IPUIPlugin:80 - create IPUIPlugin
2025-07-20 00:21:41,579 [INFO] IPUIPlugin:80 - create IPUIPlugin
2025-07-20 00:21:41,579 [INFO] IPUIPlugin:80 - create IPUIPlugin
2025-07-20 00:21:41,579 [INFO] IPUIPlugin:80 - create IPUIPlugin
2025-07-20 00:21:41,579 [INFO] IPUIPlugin:80 - create IPUIPlugin
2025-07-20 00:21:41,580 [INFO] IPUIPlugin:80 - create IPUIPlugin
2025-07-20 00:21:41,580 [INFO] IPUIPlugin:80 - create IPUIPlugin
2025-07-20 00:21:41,580 [INFO] IPUIPlugin:80 - create IPUIPlugin
2025-07-20 00:21:41,580 [INFO] IPUIPlugin:80 - create IPUIPlugin
2025-07-20 00:21:41,580 [INFO] IPUIPlugin:80 - create IPUIPlugin
2025-07-20 00:21:41,580 [INFO] IPUIPlugin:80 - create IPUIPlugin
2025-07-20 00:21:41,581 [INFO] IPUIPlugin:80 - create IPUIPlugin
2025-07-20 00:21:41,581 [INFO] IPUIPlugin:80 - create IPUIPlugin
2025-07-20 00:21:41,582 [INFO] IPUIPlugin:80 - create IPUIPlugin
2025-07-20 00:21:41,582 [INFO] IPUIPlugin:80 - create IPUIPlugin
2025-07-20 00:21:41,585 [INFO] ApiDbMcu:508 - Load IP Config File for PDM2PCM
2025-07-20 00:21:41,587 [WARN] IP:2250 - I2C_Coeff_DF not found: check if there is a RefParameter without a condition.
2025-07-20 00:21:41,587 [WARN] IP:2250 - Analog_Filter not found: check if there is a RefParameter without a condition.
2025-07-20 00:21:41,644 [INFO] CADModel:165 - CPN selected for project levelSTM32F411CEU6
2025-07-20 00:21:41,645 [INFO] CADModel:114 - Register for checkConnection events
2025-07-20 00:21:41,686 [INFO] OpenFileManager:385 - Restore cursor
2025-07-20 00:21:41,786 [WARN] IP:2250 - I2C_Coeff_DF not found: check if there is a RefParameter without a condition.
2025-07-20 00:21:41,786 [WARN] IP:2250 - Analog_Filter not found: check if there is a RefParameter without a condition.
2025-07-20 00:21:41,787 [WARN] IP:2250 - I2C_Coeff_DF not found: check if there is a RefParameter without a condition.
2025-07-20 00:21:41,787 [WARN] IP:2250 - Analog_Filter not found: check if there is a RefParameter without a condition.
2025-07-20 00:21:49,288 [INFO] Gpio:277 - dependency for GPIO [I2C1, RCC, SPI1, SYS, TIM1, TIM2, USART1]
2025-07-20 00:42:12,497 [INFO] WebApp:194 - Connection lost
2025-07-20 00:42:31,067 [INFO] WebApp:191 - Connection restablished
2025-07-20 00:42:36,129 [INFO] WebApp:194 - Connection lost
2025-07-20 00:42:36,494 [INFO] WebApp:191 - Connection restablished
2025-07-20 00:43:37,305 [INFO] WebApp:194 - Connection lost
2025-07-20 00:44:03,775 [INFO] WebApp:191 - Connection restablished
2025-07-20 00:44:08,927 [INFO] WebApp:194 - Connection lost
2025-07-20 00:44:09,037 [INFO] WebApp:191 - Connection restablished
2025-07-20 01:50:03,947 [INFO] WebApp:194 - Connection lost
2025-07-20 02:04:32,104 [INFO] WebApp:191 - Connection restablished
2025-07-20 02:04:34,872 [INFO] WebApp:194 - Connection lost
2025-07-20 02:04:35,248 [INFO] WebApp:191 - Connection restablished
2025-07-20 02:04:38,522 [INFO] WebApp:194 - Connection lost
2025-07-20 02:04:49,259 [INFO] WebApp:191 - Connection restablished
2025-07-20 02:04:51,320 [INFO] WebApp:194 - Connection lost
2025-07-20 02:04:51,678 [INFO] WebApp:191 - Connection restablished
2025-07-20 02:05:35,898 [INFO] WebApp:194 - Connection lost
2025-07-20 02:05:36,055 [INFO] WebApp:191 - Connection restablished
2025-07-20 02:05:38,781 [INFO] WebApp:194 - Connection lost
2025-07-20 02:05:38,929 [INFO] WebApp:191 - Connection restablished
2025-07-20 02:15:08,166 [INFO] WebApp:194 - Connection lost
2025-07-20 02:15:11,481 [INFO] WebApp:191 - Connection restablished
2025-07-20 02:19:30,414 [INFO] WebApp:194 - Connection lost
2025-07-20 02:19:33,459 [INFO] WebApp:191 - Connection restablished
2025-07-20 02:27:37,618 [INFO] WebApp:194 - Connection lost
2025-07-20 02:27:41,047 [INFO] WebApp:191 - Connection restablished
2025-07-20 02:27:42,855 [INFO] WebApp:194 - Connection lost
2025-07-20 02:27:42,972 [INFO] WebApp:191 - Connection restablished
2025-07-20 02:48:51,908 [INFO] UtilMem:75 - End SaveConfig() Used Memory: 443866448 Bytes (581959680)
2025-07-20 02:48:52,276 [INFO] BlockDiagram:2775 - set Specific Code input for plugin: SPI
2025-07-20 02:48:52,276 [INFO] BlockDiagram:2775 - set Specific Code input for plugin: NVIC
2025-07-20 02:48:52,276 [INFO] BlockDiagram:2775 - set Specific Code input for plugin: USART
2025-07-20 02:48:52,276 [INFO] BlockDiagram:2775 - set Specific Code input for plugin: DMA
2025-07-20 02:48:52,276 [INFO] BlockDiagram:2775 - set Specific Code input for plugin: TIM1_8
2025-07-20 02:48:52,276 [INFO] BlockDiagram:2775 - set Specific Code input for plugin: TIM1_8
2025-07-20 02:48:52,277 [INFO] BlockDiagram:2775 - set Specific Code input for plugin: TIM1_8
2025-07-20 02:48:52,277 [INFO] BlockDiagram:2775 - set Specific Code input for plugin: SYS
2025-07-20 02:48:52,277 [INFO] BlockDiagram:2775 - set Specific Code input for plugin: GPIO
2025-07-20 02:48:52,278 [INFO] BlockDiagram:2775 - set Specific Code input for plugin: RCC
2025-07-20 02:48:52,278 [INFO] BlockDiagram:2775 - set Specific Code input for plugin: I2C
2025-07-20 02:48:52,278 [INFO] CodeGenerator:882 - code generatio: config db path: /home/adrian/st/stm32cubeide_1.18.1/plugins/com.st.stm32cube.common.mx_6.14.1.202504091515//db/
2025-07-20 02:48:52,281 [WARN] IP:2250 - I2C_Coeff_DF not found: check if there is a RefParameter without a condition.
2025-07-20 02:48:52,281 [WARN] IP:2250 - Analog_Filter not found: check if there is a RefParameter without a condition.
2025-07-20 02:48:52,286 [INFO] Argument:325 - Argument : hdmavalue: null
2025-07-20 02:48:52,286 [INFO] Argument:327 - 	 sub Args: 
2025-07-20 02:48:52,286 [INFO] Argument:325 - Argument : Instancevalue: DMA1_Stream1
2025-07-20 02:48:52,286 [INFO] Argument:335 - Argument : Instancevalue: DMA1_Stream1
2025-07-20 02:48:52,286 [INFO] Argument:325 - Argument : Initvalue: null
2025-07-20 02:48:52,286 [INFO] Argument:327 - 	 sub Args: 
2025-07-20 02:48:52,286 [INFO] Argument:325 - Argument : Channelvalue: DMA_CHANNEL_0
2025-07-20 02:48:52,286 [INFO] Argument:335 - Argument : Channelvalue: DMA_CHANNEL_0
2025-07-20 02:48:52,286 [INFO] Argument:325 - Argument : Directionvalue: DMA_MEMORY_TO_PERIPH
2025-07-20 02:48:52,286 [INFO] Argument:335 - Argument : Directionvalue: DMA_MEMORY_TO_PERIPH
2025-07-20 02:48:52,287 [INFO] Argument:325 - Argument : PeriphIncvalue: DMA_PINC_DISABLE
2025-07-20 02:48:52,287 [INFO] Argument:335 - Argument : PeriphIncvalue: DMA_PINC_DISABLE
2025-07-20 02:48:52,287 [INFO] Argument:325 - Argument : MemIncvalue: DMA_MINC_ENABLE
2025-07-20 02:48:52,287 [INFO] Argument:335 - Argument : MemIncvalue: DMA_MINC_ENABLE
2025-07-20 02:48:52,287 [INFO] Argument:325 - Argument : PeriphDataAlignmentvalue: DMA_PDATAALIGN_BYTE
2025-07-20 02:48:52,287 [INFO] Argument:335 - Argument : PeriphDataAlignmentvalue: DMA_PDATAALIGN_BYTE
2025-07-20 02:48:52,287 [INFO] Argument:325 - Argument : MemDataAlignmentvalue: DMA_MDATAALIGN_BYTE
2025-07-20 02:48:52,287 [INFO] Argument:335 - Argument : MemDataAlignmentvalue: DMA_MDATAALIGN_BYTE
2025-07-20 02:48:52,287 [INFO] Argument:325 - Argument : Modevalue: DMA_NORMAL
2025-07-20 02:48:52,287 [INFO] Argument:335 - Argument : Modevalue: DMA_NORMAL
2025-07-20 02:48:52,287 [INFO] Argument:325 - Argument : Priorityvalue: DMA_PRIORITY_VERY_HIGH
2025-07-20 02:48:52,287 [INFO] Argument:335 - Argument : Priorityvalue: DMA_PRIORITY_VERY_HIGH
2025-07-20 02:48:52,287 [INFO] Argument:325 - Argument : FIFOModevalue: DMA_FIFOMODE_DISABLE
2025-07-20 02:48:52,287 [INFO] Argument:335 - Argument : FIFOModevalue: DMA_FIFOMODE_DISABLE
2025-07-20 02:48:52,288 [INFO] Argument:325 - Argument : FIFOThresholdvalue: null
2025-07-20 02:48:52,288 [INFO] Argument:335 - Argument : FIFOThresholdvalue: null
2025-07-20 02:48:52,288 [INFO] Argument:325 - Argument : MemBurstvalue: null
2025-07-20 02:48:52,288 [INFO] Argument:335 - Argument : MemBurstvalue: null
2025-07-20 02:48:52,288 [INFO] Argument:325 - Argument : PeriphBurstvalue: null
2025-07-20 02:48:52,288 [INFO] Argument:335 - Argument : PeriphBurstvalue: null
2025-07-20 02:48:52,288 [INFO] Argument:325 - Argument : Lockvalue: null
2025-07-20 02:48:52,288 [INFO] Argument:335 - Argument : Lockvalue: null
2025-07-20 02:48:52,288 [INFO] Argument:325 - Argument : Statevalue: null
2025-07-20 02:48:52,288 [INFO] Argument:335 - Argument : Statevalue: null
2025-07-20 02:48:52,288 [INFO] Argument:325 - Argument : Parentvalue: null
2025-07-20 02:48:52,288 [INFO] Argument:335 - Argument : Parentvalue: null
2025-07-20 02:48:52,288 [INFO] Argument:325 - Argument : XferCpltCallbackvalue: null
2025-07-20 02:48:52,288 [INFO] Argument:335 - Argument : XferCpltCallbackvalue: null
2025-07-20 02:48:52,288 [INFO] Argument:325 - Argument : XferHalfCpltCallbackvalue: null
2025-07-20 02:48:52,289 [INFO] Argument:335 - Argument : XferHalfCpltCallbackvalue: null
2025-07-20 02:48:52,289 [INFO] Argument:325 - Argument : XferM1CpltCallbackvalue: null
2025-07-20 02:48:52,289 [INFO] Argument:335 - Argument : XferM1CpltCallbackvalue: null
2025-07-20 02:48:52,289 [INFO] Argument:325 - Argument : XferErrorCallbackvalue: null
2025-07-20 02:48:52,289 [INFO] Argument:335 - Argument : XferErrorCallbackvalue: null
2025-07-20 02:48:52,289 [INFO] Argument:325 - Argument : ErrorCodevalue: null
2025-07-20 02:48:52,289 [INFO] Argument:335 - Argument : ErrorCodevalue: null
2025-07-20 02:48:52,320 [INFO] Argument:325 - Argument : hdmavalue: null
2025-07-20 02:48:52,320 [INFO] Argument:327 - 	 sub Args: 
2025-07-20 02:48:52,320 [INFO] Argument:325 - Argument : Instancevalue: DMA2_Stream2
2025-07-20 02:48:52,320 [INFO] Argument:335 - Argument : Instancevalue: DMA2_Stream2
2025-07-20 02:48:52,320 [INFO] Argument:325 - Argument : Initvalue: null
2025-07-20 02:48:52,320 [INFO] Argument:327 - 	 sub Args: 
2025-07-20 02:48:52,320 [INFO] Argument:325 - Argument : Channelvalue: DMA_CHANNEL_4
2025-07-20 02:48:52,320 [INFO] Argument:335 - Argument : Channelvalue: DMA_CHANNEL_4
2025-07-20 02:48:52,321 [INFO] Argument:325 - Argument : Directionvalue: DMA_PERIPH_TO_MEMORY
2025-07-20 02:48:52,321 [INFO] Argument:335 - Argument : Directionvalue: DMA_PERIPH_TO_MEMORY
2025-07-20 02:48:52,321 [INFO] Argument:325 - Argument : PeriphIncvalue: DMA_PINC_DISABLE
2025-07-20 02:48:52,321 [INFO] Argument:335 - Argument : PeriphIncvalue: DMA_PINC_DISABLE
2025-07-20 02:48:52,321 [INFO] Argument:325 - Argument : MemIncvalue: DMA_MINC_ENABLE
2025-07-20 02:48:52,321 [INFO] Argument:335 - Argument : MemIncvalue: DMA_MINC_ENABLE
2025-07-20 02:48:52,321 [INFO] Argument:325 - Argument : PeriphDataAlignmentvalue: DMA_PDATAALIGN_BYTE
2025-07-20 02:48:52,321 [INFO] Argument:335 - Argument : PeriphDataAlignmentvalue: DMA_PDATAALIGN_BYTE
2025-07-20 02:48:52,321 [INFO] Argument:325 - Argument : MemDataAlignmentvalue: DMA_MDATAALIGN_BYTE
2025-07-20 02:48:52,321 [INFO] Argument:335 - Argument : MemDataAlignmentvalue: DMA_MDATAALIGN_BYTE
2025-07-20 02:48:52,321 [INFO] Argument:325 - Argument : Modevalue: DMA_NORMAL
2025-07-20 02:48:52,321 [INFO] Argument:335 - Argument : Modevalue: DMA_NORMAL
2025-07-20 02:48:52,321 [INFO] Argument:325 - Argument : Priorityvalue: DMA_PRIORITY_LOW
2025-07-20 02:48:52,321 [INFO] Argument:335 - Argument : Priorityvalue: DMA_PRIORITY_LOW
2025-07-20 02:48:52,322 [INFO] Argument:325 - Argument : FIFOModevalue: DMA_FIFOMODE_DISABLE
2025-07-20 02:48:52,322 [INFO] Argument:335 - Argument : FIFOModevalue: DMA_FIFOMODE_DISABLE
2025-07-20 02:48:52,322 [INFO] Argument:325 - Argument : FIFOThresholdvalue: null
2025-07-20 02:48:52,322 [INFO] Argument:335 - Argument : FIFOThresholdvalue: null
2025-07-20 02:48:52,322 [INFO] Argument:325 - Argument : MemBurstvalue: null
2025-07-20 02:48:52,322 [INFO] Argument:335 - Argument : MemBurstvalue: null
2025-07-20 02:48:52,322 [INFO] Argument:325 - Argument : PeriphBurstvalue: null
2025-07-20 02:48:52,322 [INFO] Argument:335 - Argument : PeriphBurstvalue: null
2025-07-20 02:48:52,322 [INFO] Argument:325 - Argument : Lockvalue: null
2025-07-20 02:48:52,322 [INFO] Argument:335 - Argument : Lockvalue: null
2025-07-20 02:48:52,322 [INFO] Argument:325 - Argument : Statevalue: null
2025-07-20 02:48:52,322 [INFO] Argument:335 - Argument : Statevalue: null
2025-07-20 02:48:52,322 [INFO] Argument:325 - Argument : Parentvalue: null
2025-07-20 02:48:52,322 [INFO] Argument:335 - Argument : Parentvalue: null
2025-07-20 02:48:52,323 [INFO] Argument:325 - Argument : XferCpltCallbackvalue: null
2025-07-20 02:48:52,323 [INFO] Argument:335 - Argument : XferCpltCallbackvalue: null
2025-07-20 02:48:52,323 [INFO] Argument:325 - Argument : XferHalfCpltCallbackvalue: null
2025-07-20 02:48:52,323 [INFO] Argument:335 - Argument : XferHalfCpltCallbackvalue: null
2025-07-20 02:48:52,323 [INFO] Argument:325 - Argument : XferM1CpltCallbackvalue: null
2025-07-20 02:48:52,323 [INFO] Argument:335 - Argument : XferM1CpltCallbackvalue: null
2025-07-20 02:48:52,323 [INFO] Argument:325 - Argument : XferErrorCallbackvalue: null
2025-07-20 02:48:52,323 [INFO] Argument:335 - Argument : XferErrorCallbackvalue: null
2025-07-20 02:48:52,323 [INFO] Argument:325 - Argument : ErrorCodevalue: null
2025-07-20 02:48:52,323 [INFO] Argument:335 - Argument : ErrorCodevalue: null
2025-07-20 02:48:52,324 [INFO] Argument:325 - Argument : hdmavalue: null
2025-07-20 02:48:52,324 [INFO] Argument:327 - 	 sub Args: 
2025-07-20 02:48:52,324 [INFO] Argument:325 - Argument : Instancevalue: DMA2_Stream7
2025-07-20 02:48:52,324 [INFO] Argument:335 - Argument : Instancevalue: DMA2_Stream7
2025-07-20 02:48:52,324 [INFO] Argument:325 - Argument : Initvalue: null
2025-07-20 02:48:52,324 [INFO] Argument:327 - 	 sub Args: 
2025-07-20 02:48:52,324 [INFO] Argument:325 - Argument : Channelvalue: DMA_CHANNEL_4
2025-07-20 02:48:52,324 [INFO] Argument:335 - Argument : Channelvalue: DMA_CHANNEL_4
2025-07-20 02:48:52,324 [INFO] Argument:325 - Argument : Directionvalue: DMA_MEMORY_TO_PERIPH
2025-07-20 02:48:52,324 [INFO] Argument:335 - Argument : Directionvalue: DMA_MEMORY_TO_PERIPH
2025-07-20 02:48:52,324 [INFO] Argument:325 - Argument : PeriphIncvalue: DMA_PINC_DISABLE
2025-07-20 02:48:52,324 [INFO] Argument:335 - Argument : PeriphIncvalue: DMA_PINC_DISABLE
2025-07-20 02:48:52,324 [INFO] Argument:325 - Argument : MemIncvalue: DMA_MINC_ENABLE
2025-07-20 02:48:52,324 [INFO] Argument:335 - Argument : MemIncvalue: DMA_MINC_ENABLE
2025-07-20 02:48:52,325 [INFO] Argument:325 - Argument : PeriphDataAlignmentvalue: DMA_PDATAALIGN_BYTE
2025-07-20 02:48:52,325 [INFO] Argument:335 - Argument : PeriphDataAlignmentvalue: DMA_PDATAALIGN_BYTE
2025-07-20 02:48:52,325 [INFO] Argument:325 - Argument : MemDataAlignmentvalue: DMA_MDATAALIGN_BYTE
2025-07-20 02:48:52,325 [INFO] Argument:335 - Argument : MemDataAlignmentvalue: DMA_MDATAALIGN_BYTE
2025-07-20 02:48:52,325 [INFO] Argument:325 - Argument : Modevalue: DMA_NORMAL
2025-07-20 02:48:52,325 [INFO] Argument:335 - Argument : Modevalue: DMA_NORMAL
2025-07-20 02:48:52,325 [INFO] Argument:325 - Argument : Priorityvalue: DMA_PRIORITY_VERY_HIGH
2025-07-20 02:48:52,325 [INFO] Argument:335 - Argument : Priorityvalue: DMA_PRIORITY_VERY_HIGH
2025-07-20 02:48:52,325 [INFO] Argument:325 - Argument : FIFOModevalue: DMA_FIFOMODE_DISABLE
2025-07-20 02:48:52,325 [INFO] Argument:335 - Argument : FIFOModevalue: DMA_FIFOMODE_DISABLE
2025-07-20 02:48:52,325 [INFO] Argument:325 - Argument : FIFOThresholdvalue: null
2025-07-20 02:48:52,325 [INFO] Argument:335 - Argument : FIFOThresholdvalue: null
2025-07-20 02:48:52,325 [INFO] Argument:325 - Argument : MemBurstvalue: null
2025-07-20 02:48:52,325 [INFO] Argument:335 - Argument : MemBurstvalue: null
2025-07-20 02:48:52,325 [INFO] Argument:325 - Argument : PeriphBurstvalue: null
2025-07-20 02:48:52,326 [INFO] Argument:335 - Argument : PeriphBurstvalue: null
2025-07-20 02:48:52,326 [INFO] Argument:325 - Argument : Lockvalue: null
2025-07-20 02:48:52,326 [INFO] Argument:335 - Argument : Lockvalue: null
2025-07-20 02:48:52,326 [INFO] Argument:325 - Argument : Statevalue: null
2025-07-20 02:48:52,326 [INFO] Argument:335 - Argument : Statevalue: null
2025-07-20 02:48:52,326 [INFO] Argument:325 - Argument : Parentvalue: null
2025-07-20 02:48:52,326 [INFO] Argument:335 - Argument : Parentvalue: null
2025-07-20 02:48:52,326 [INFO] Argument:325 - Argument : XferCpltCallbackvalue: null
2025-07-20 02:48:52,326 [INFO] Argument:335 - Argument : XferCpltCallbackvalue: null
2025-07-20 02:48:52,326 [INFO] Argument:325 - Argument : XferHalfCpltCallbackvalue: null
2025-07-20 02:48:52,326 [INFO] Argument:335 - Argument : XferHalfCpltCallbackvalue: null
2025-07-20 02:48:52,326 [INFO] Argument:325 - Argument : XferM1CpltCallbackvalue: null
2025-07-20 02:48:52,326 [INFO] Argument:335 - Argument : XferM1CpltCallbackvalue: null
2025-07-20 02:48:52,326 [INFO] Argument:325 - Argument : XferErrorCallbackvalue: null
2025-07-20 02:48:52,326 [INFO] Argument:335 - Argument : XferErrorCallbackvalue: null
2025-07-20 02:48:52,327 [INFO] Argument:325 - Argument : ErrorCodevalue: null
2025-07-20 02:48:52,327 [INFO] Argument:335 - Argument : ErrorCodevalue: null
2025-07-20 02:48:52,412 [INFO] CodeEngine:263 - oldGeneratedFile, /media/adrian/usb_a/Chambas/Inbiodroid/Horno_d_reflujo/Firmware/stm32f411/reflow_oven/MXTmpFiles/license.tmp_save
2025-07-20 02:48:52,578 [INFO] CodeEngine:287 - Generated code: /media/adrian/usb_a/Chambas/Inbiodroid/Horno_d_reflujo/Firmware/stm32f411/reflow_oven/MXTmpFiles/license.tmp
2025-07-20 02:48:52,629 [INFO] CodeEngine:263 - oldGeneratedFile, /media/adrian/usb_a/Chambas/Inbiodroid/Horno_d_reflujo/Firmware/stm32f411/reflow_oven/MXTmpFiles/gpio.tmp_save
2025-07-20 02:48:52,731 [INFO] CodeEngine:287 - Generated code: /media/adrian/usb_a/Chambas/Inbiodroid/Horno_d_reflujo/Firmware/stm32f411/reflow_oven/MXTmpFiles/gpio.tmp
2025-07-20 02:48:53,321 [INFO] CodeEngine:263 - oldGeneratedFile, /media/adrian/usb_a/Chambas/Inbiodroid/Horno_d_reflujo/Firmware/stm32f411/reflow_oven/MXTmpFiles/dma.tmp_save
2025-07-20 02:48:53,395 [INFO] CodeEngine:287 - Generated code: /media/adrian/usb_a/Chambas/Inbiodroid/Horno_d_reflujo/Firmware/stm32f411/reflow_oven/MXTmpFiles/dma.tmp
2025-07-20 02:48:53,397 [INFO] CodeEngine:263 - oldGeneratedFile, /media/adrian/usb_a/Chambas/Inbiodroid/Horno_d_reflujo/Firmware/stm32f411/reflow_oven/MXTmpFiles/dma_GV.tmp_save
2025-07-20 02:48:53,461 [INFO] CodeEngine:287 - Generated code: /media/adrian/usb_a/Chambas/Inbiodroid/Horno_d_reflujo/Firmware/stm32f411/reflow_oven/MXTmpFiles/dma_GV.tmp
2025-07-20 02:48:53,472 [INFO] CodeEngine:263 - oldGeneratedFile, /media/adrian/usb_a/Chambas/Inbiodroid/Horno_d_reflujo/Firmware/stm32f411/reflow_oven/Core/Src/stm32f4xx_it.c_save
2025-07-20 02:48:53,713 [INFO] CodeEngine:287 - Generated code: /media/adrian/usb_a/Chambas/Inbiodroid/Horno_d_reflujo/Firmware/stm32f411/reflow_oven/Core/Src/stm32f4xx_it.c
2025-07-20 02:48:53,715 [INFO] CodeEngine:263 - oldGeneratedFile, /media/adrian/usb_a/Chambas/Inbiodroid/Horno_d_reflujo/Firmware/stm32f411/reflow_oven/Core/Inc/stm32f4xx_it.h_save
2025-07-20 02:48:53,780 [INFO] CodeEngine:287 - Generated code: /media/adrian/usb_a/Chambas/Inbiodroid/Horno_d_reflujo/Firmware/stm32f411/reflow_oven/Core/Inc/stm32f4xx_it.h
2025-07-20 02:48:53,789 [INFO] CodeEngine:263 - oldGeneratedFile, /media/adrian/usb_a/Chambas/Inbiodroid/Horno_d_reflujo/Firmware/stm32f411/reflow_oven/Core/Src/stm32f4xx_hal_msp.c_save
2025-07-20 02:48:53,913 [INFO] CodeEngine:287 - Generated code: /media/adrian/usb_a/Chambas/Inbiodroid/Horno_d_reflujo/Firmware/stm32f411/reflow_oven/Core/Src/stm32f4xx_hal_msp.c
2025-07-20 02:48:53,915 [INFO] CodeEngine:263 - oldGeneratedFile, /media/adrian/usb_a/Chambas/Inbiodroid/Horno_d_reflujo/Firmware/stm32f411/reflow_oven/MXTmpFiles/system.tmp_save
2025-07-20 02:48:53,974 [INFO] CodeEngine:287 - Generated code: /media/adrian/usb_a/Chambas/Inbiodroid/Horno_d_reflujo/Firmware/stm32f411/reflow_oven/MXTmpFiles/system.tmp
2025-07-20 02:48:53,978 [INFO] CodeEngine:319 - oldGeneratedFile, /media/adrian/usb_a/Chambas/Inbiodroid/Horno_d_reflujo/Firmware/stm32f411/reflow_oven/Core/Inc/stm32f4xx_hal_conf.h_save
2025-07-20 02:48:54,047 [INFO] CodeEngine:343 - Generated code: /media/adrian/usb_a/Chambas/Inbiodroid/Horno_d_reflujo/Firmware/stm32f411/reflow_oven/Core/Inc/stm32f4xx_hal_conf.h
2025-07-20 02:48:54,065 [INFO] ApiDbMcu:508 - Load IP Config File for I2C1
2025-07-20 02:48:54,067 [INFO] ApiDbMcu:508 - Load IP Config File for SPI1
2025-07-20 02:48:54,076 [INFO] ApiDbMcu:508 - Load IP Config File for TIM1
2025-07-20 02:48:54,084 [INFO] ApiDbMcu:508 - Load IP Config File for TIM2
2025-07-20 02:48:54,093 [INFO] ApiDbMcu:508 - Load IP Config File for TIM3
2025-07-20 02:48:54,095 [INFO] ApiDbMcu:508 - Load IP Config File for USART1
2025-07-20 02:48:54,098 [INFO] ApiDbMcu:508 - Load IP Config File for RCC
2025-07-20 02:48:54,099 [WARN] IPConfigManager:3790 - IP not found : TIM
2025-07-20 02:48:54,099 [WARN] CodeGenerator:4198 - IP not found : null
2025-07-20 02:48:54,103 [INFO] CodeEngine:263 - oldGeneratedFile, /media/adrian/usb_a/Chambas/Inbiodroid/Horno_d_reflujo/Firmware/stm32f411/reflow_oven/Core/Inc/main.h_save
2025-07-20 02:48:54,200 [INFO] CodeEngine:287 - Generated code: /media/adrian/usb_a/Chambas/Inbiodroid/Horno_d_reflujo/Firmware/stm32f411/reflow_oven/Core/Inc/main.h
2025-07-20 02:48:54,202 [INFO] CodeEngine:263 - oldGeneratedFile, /media/adrian/usb_a/Chambas/Inbiodroid/Horno_d_reflujo/Firmware/stm32f411/reflow_oven/Core/Src/main.c_save
2025-07-20 02:48:54,328 [INFO] CodeEngine:287 - Generated code: /media/adrian/usb_a/Chambas/Inbiodroid/Horno_d_reflujo/Firmware/stm32f411/reflow_oven/Core/Src/main.c
2025-07-20 02:48:54,605 [INFO] ProjectBuilder:3324 - Time for Copy HAL[1] : 46mS.
2025-07-20 02:48:54,607 [INFO] ProjectBuilder:4912 - Project Generator version: 4.6.0.1-B1
2025-07-20 02:48:54,685 [INFO] ConfigFileManager:1590 - The Die is : DIE431
2025-07-20 02:48:54,688 [INFO] ApiDbMcu:508 - Load IP Config File for FATFS
2025-07-20 02:48:54,691 [INFO] ApiDbMcu:508 - Load IP Config File for FREERTOS
2025-07-20 02:48:54,693 [INFO] ApiDbMcu:508 - Load IP Config File for LIBJPEG
2025-07-20 02:48:54,696 [INFO] ApiDbMcu:508 - Load IP Config File for MBEDTLS
2025-07-20 02:48:54,701 [INFO] ApiDbMcu:508 - Load IP Config File for USB_DEVICE
2025-07-20 02:48:54,703 [INFO] ApiDbMcu:508 - Load IP Config File for USB_HOST
2025-07-20 02:48:55,261 [INFO] ProjectBuilder:5191 - Time for Generating toolchain IDE Files: 654mS.
2025-07-20 02:48:55,262 [INFO] ProjectBuilder:3181 - Time for Copy CMSIS : 1mS.
2025-07-20 02:48:55,266 [INFO] ProjectBuilder:3181 - Time for Copy CMSIS : 0mS.
2025-07-20 02:53:15,690 [INFO] UtilMem:75 - End SaveConfig() Used Memory: 453728624 Bytes (581959680)
2025-07-20 02:53:15,859 [INFO] BlockDiagram:2775 - set Specific Code input for plugin: SPI
2025-07-20 02:53:15,859 [INFO] BlockDiagram:2775 - set Specific Code input for plugin: NVIC
2025-07-20 02:53:15,860 [INFO] BlockDiagram:2775 - set Specific Code input for plugin: USART
2025-07-20 02:53:15,860 [INFO] BlockDiagram:2775 - set Specific Code input for plugin: DMA
2025-07-20 02:53:15,860 [INFO] BlockDiagram:2775 - set Specific Code input for plugin: TIM1_8
2025-07-20 02:53:15,860 [INFO] BlockDiagram:2775 - set Specific Code input for plugin: TIM1_8
2025-07-20 02:53:15,860 [INFO] BlockDiagram:2775 - set Specific Code input for plugin: TIM1_8
2025-07-20 02:53:15,860 [INFO] BlockDiagram:2775 - set Specific Code input for plugin: SYS
2025-07-20 02:53:15,861 [INFO] BlockDiagram:2775 - set Specific Code input for plugin: GPIO
2025-07-20 02:53:15,861 [INFO] BlockDiagram:2775 - set Specific Code input for plugin: RCC
2025-07-20 02:53:15,861 [INFO] BlockDiagram:2775 - set Specific Code input for plugin: I2C
2025-07-20 02:53:15,862 [INFO] CodeGenerator:882 - code generatio: config db path: /home/adrian/st/stm32cubeide_1.18.1/plugins/com.st.stm32cube.common.mx_6.14.1.202504091515//db/
2025-07-20 02:53:15,865 [WARN] IP:2250 - I2C_Coeff_DF not found: check if there is a RefParameter without a condition.
2025-07-20 02:53:15,865 [WARN] IP:2250 - Analog_Filter not found: check if there is a RefParameter without a condition.
2025-07-20 02:53:15,867 [INFO] Argument:325 - Argument : hdmavalue: null
2025-07-20 02:53:15,867 [INFO] Argument:327 - 	 sub Args: 
2025-07-20 02:53:15,868 [INFO] Argument:325 - Argument : Instancevalue: DMA1_Stream1
2025-07-20 02:53:15,868 [INFO] Argument:335 - Argument : Instancevalue: DMA1_Stream1
2025-07-20 02:53:15,868 [INFO] Argument:325 - Argument : Initvalue: null
2025-07-20 02:53:15,868 [INFO] Argument:327 - 	 sub Args: 
2025-07-20 02:53:15,868 [INFO] Argument:325 - Argument : Channelvalue: DMA_CHANNEL_0
2025-07-20 02:53:15,868 [INFO] Argument:335 - Argument : Channelvalue: DMA_CHANNEL_0
2025-07-20 02:53:15,868 [INFO] Argument:325 - Argument : Directionvalue: DMA_MEMORY_TO_PERIPH
2025-07-20 02:53:15,868 [INFO] Argument:335 - Argument : Directionvalue: DMA_MEMORY_TO_PERIPH
2025-07-20 02:53:15,868 [INFO] Argument:325 - Argument : PeriphIncvalue: DMA_PINC_DISABLE
2025-07-20 02:53:15,868 [INFO] Argument:335 - Argument : PeriphIncvalue: DMA_PINC_DISABLE
2025-07-20 02:53:15,868 [INFO] Argument:325 - Argument : MemIncvalue: DMA_MINC_ENABLE
2025-07-20 02:53:15,868 [INFO] Argument:335 - Argument : MemIncvalue: DMA_MINC_ENABLE
2025-07-20 02:53:15,868 [INFO] Argument:325 - Argument : PeriphDataAlignmentvalue: DMA_PDATAALIGN_BYTE
2025-07-20 02:53:15,868 [INFO] Argument:335 - Argument : PeriphDataAlignmentvalue: DMA_PDATAALIGN_BYTE
2025-07-20 02:53:15,868 [INFO] Argument:325 - Argument : MemDataAlignmentvalue: DMA_MDATAALIGN_BYTE
2025-07-20 02:53:15,869 [INFO] Argument:335 - Argument : MemDataAlignmentvalue: DMA_MDATAALIGN_BYTE
2025-07-20 02:53:15,869 [INFO] Argument:325 - Argument : Modevalue: DMA_NORMAL
2025-07-20 02:53:15,869 [INFO] Argument:335 - Argument : Modevalue: DMA_NORMAL
2025-07-20 02:53:15,869 [INFO] Argument:325 - Argument : Priorityvalue: DMA_PRIORITY_VERY_HIGH
2025-07-20 02:53:15,869 [INFO] Argument:335 - Argument : Priorityvalue: DMA_PRIORITY_VERY_HIGH
2025-07-20 02:53:15,869 [INFO] Argument:325 - Argument : FIFOModevalue: DMA_FIFOMODE_DISABLE
2025-07-20 02:53:15,869 [INFO] Argument:335 - Argument : FIFOModevalue: DMA_FIFOMODE_DISABLE
2025-07-20 02:53:15,869 [INFO] Argument:325 - Argument : FIFOThresholdvalue: null
2025-07-20 02:53:15,869 [INFO] Argument:335 - Argument : FIFOThresholdvalue: null
2025-07-20 02:53:15,869 [INFO] Argument:325 - Argument : MemBurstvalue: null
2025-07-20 02:53:15,869 [INFO] Argument:335 - Argument : MemBurstvalue: null
2025-07-20 02:53:15,869 [INFO] Argument:325 - Argument : PeriphBurstvalue: null
2025-07-20 02:53:15,869 [INFO] Argument:335 - Argument : PeriphBurstvalue: null
2025-07-20 02:53:15,869 [INFO] Argument:325 - Argument : Lockvalue: null
2025-07-20 02:53:15,870 [INFO] Argument:335 - Argument : Lockvalue: null
2025-07-20 02:53:15,870 [INFO] Argument:325 - Argument : Statevalue: null
2025-07-20 02:53:15,870 [INFO] Argument:335 - Argument : Statevalue: null
2025-07-20 02:53:15,870 [INFO] Argument:325 - Argument : Parentvalue: null
2025-07-20 02:53:15,870 [INFO] Argument:335 - Argument : Parentvalue: null
2025-07-20 02:53:15,870 [INFO] Argument:325 - Argument : XferCpltCallbackvalue: null
2025-07-20 02:53:15,870 [INFO] Argument:335 - Argument : XferCpltCallbackvalue: null
2025-07-20 02:53:15,870 [INFO] Argument:325 - Argument : XferHalfCpltCallbackvalue: null
2025-07-20 02:53:15,870 [INFO] Argument:335 - Argument : XferHalfCpltCallbackvalue: null
2025-07-20 02:53:15,870 [INFO] Argument:325 - Argument : XferM1CpltCallbackvalue: null
2025-07-20 02:53:15,870 [INFO] Argument:335 - Argument : XferM1CpltCallbackvalue: null
2025-07-20 02:53:15,870 [INFO] Argument:325 - Argument : XferErrorCallbackvalue: null
2025-07-20 02:53:15,870 [INFO] Argument:335 - Argument : XferErrorCallbackvalue: null
2025-07-20 02:53:15,870 [INFO] Argument:325 - Argument : ErrorCodevalue: null
2025-07-20 02:53:15,870 [INFO] Argument:335 - Argument : ErrorCodevalue: null
2025-07-20 02:53:15,932 [INFO] Argument:325 - Argument : hdmavalue: null
2025-07-20 02:53:15,933 [INFO] Argument:327 - 	 sub Args: 
2025-07-20 02:53:15,933 [INFO] Argument:325 - Argument : Instancevalue: DMA2_Stream2
2025-07-20 02:53:15,933 [INFO] Argument:335 - Argument : Instancevalue: DMA2_Stream2
2025-07-20 02:53:15,933 [INFO] Argument:325 - Argument : Initvalue: null
2025-07-20 02:53:15,933 [INFO] Argument:327 - 	 sub Args: 
2025-07-20 02:53:15,933 [INFO] Argument:325 - Argument : Channelvalue: DMA_CHANNEL_4
2025-07-20 02:53:15,933 [INFO] Argument:335 - Argument : Channelvalue: DMA_CHANNEL_4
2025-07-20 02:53:15,933 [INFO] Argument:325 - Argument : Directionvalue: DMA_PERIPH_TO_MEMORY
2025-07-20 02:53:15,933 [INFO] Argument:335 - Argument : Directionvalue: DMA_PERIPH_TO_MEMORY
2025-07-20 02:53:15,933 [INFO] Argument:325 - Argument : PeriphIncvalue: DMA_PINC_DISABLE
2025-07-20 02:53:15,933 [INFO] Argument:335 - Argument : PeriphIncvalue: DMA_PINC_DISABLE
2025-07-20 02:53:15,933 [INFO] Argument:325 - Argument : MemIncvalue: DMA_MINC_ENABLE
2025-07-20 02:53:15,933 [INFO] Argument:335 - Argument : MemIncvalue: DMA_MINC_ENABLE
2025-07-20 02:53:15,933 [INFO] Argument:325 - Argument : PeriphDataAlignmentvalue: DMA_PDATAALIGN_BYTE
2025-07-20 02:53:15,933 [INFO] Argument:335 - Argument : PeriphDataAlignmentvalue: DMA_PDATAALIGN_BYTE
2025-07-20 02:53:15,933 [INFO] Argument:325 - Argument : MemDataAlignmentvalue: DMA_MDATAALIGN_BYTE
2025-07-20 02:53:15,933 [INFO] Argument:335 - Argument : MemDataAlignmentvalue: DMA_MDATAALIGN_BYTE
2025-07-20 02:53:15,934 [INFO] Argument:325 - Argument : Modevalue: DMA_NORMAL
2025-07-20 02:53:15,934 [INFO] Argument:335 - Argument : Modevalue: DMA_NORMAL
2025-07-20 02:53:15,934 [INFO] Argument:325 - Argument : Priorityvalue: DMA_PRIORITY_LOW
2025-07-20 02:53:15,934 [INFO] Argument:335 - Argument : Priorityvalue: DMA_PRIORITY_LOW
2025-07-20 02:53:15,934 [INFO] Argument:325 - Argument : FIFOModevalue: DMA_FIFOMODE_DISABLE
2025-07-20 02:53:15,934 [INFO] Argument:335 - Argument : FIFOModevalue: DMA_FIFOMODE_DISABLE
2025-07-20 02:53:15,934 [INFO] Argument:325 - Argument : FIFOThresholdvalue: null
2025-07-20 02:53:15,934 [INFO] Argument:335 - Argument : FIFOThresholdvalue: null
2025-07-20 02:53:15,934 [INFO] Argument:325 - Argument : MemBurstvalue: null
2025-07-20 02:53:15,934 [INFO] Argument:335 - Argument : MemBurstvalue: null
2025-07-20 02:53:15,934 [INFO] Argument:325 - Argument : PeriphBurstvalue: null
2025-07-20 02:53:15,934 [INFO] Argument:335 - Argument : PeriphBurstvalue: null
2025-07-20 02:53:15,934 [INFO] Argument:325 - Argument : Lockvalue: null
2025-07-20 02:53:15,934 [INFO] Argument:335 - Argument : Lockvalue: null
2025-07-20 02:53:15,934 [INFO] Argument:325 - Argument : Statevalue: null
2025-07-20 02:53:15,934 [INFO] Argument:335 - Argument : Statevalue: null
2025-07-20 02:53:15,934 [INFO] Argument:325 - Argument : Parentvalue: null
2025-07-20 02:53:15,934 [INFO] Argument:335 - Argument : Parentvalue: null
2025-07-20 02:53:15,934 [INFO] Argument:325 - Argument : XferCpltCallbackvalue: null
2025-07-20 02:53:15,934 [INFO] Argument:335 - Argument : XferCpltCallbackvalue: null
2025-07-20 02:53:15,935 [INFO] Argument:325 - Argument : XferHalfCpltCallbackvalue: null
2025-07-20 02:53:15,935 [INFO] Argument:335 - Argument : XferHalfCpltCallbackvalue: null
2025-07-20 02:53:15,935 [INFO] Argument:325 - Argument : XferM1CpltCallbackvalue: null
2025-07-20 02:53:15,935 [INFO] Argument:335 - Argument : XferM1CpltCallbackvalue: null
2025-07-20 02:53:15,935 [INFO] Argument:325 - Argument : XferErrorCallbackvalue: null
2025-07-20 02:53:15,935 [INFO] Argument:335 - Argument : XferErrorCallbackvalue: null
2025-07-20 02:53:15,935 [INFO] Argument:325 - Argument : ErrorCodevalue: null
2025-07-20 02:53:15,935 [INFO] Argument:335 - Argument : ErrorCodevalue: null
2025-07-20 02:53:15,936 [INFO] Argument:325 - Argument : hdmavalue: null
2025-07-20 02:53:15,936 [INFO] Argument:327 - 	 sub Args: 
2025-07-20 02:53:15,936 [INFO] Argument:325 - Argument : Instancevalue: DMA2_Stream7
2025-07-20 02:53:15,936 [INFO] Argument:335 - Argument : Instancevalue: DMA2_Stream7
2025-07-20 02:53:15,936 [INFO] Argument:325 - Argument : Initvalue: null
2025-07-20 02:53:15,936 [INFO] Argument:327 - 	 sub Args: 
2025-07-20 02:53:15,936 [INFO] Argument:325 - Argument : Channelvalue: DMA_CHANNEL_4
2025-07-20 02:53:15,936 [INFO] Argument:335 - Argument : Channelvalue: DMA_CHANNEL_4
2025-07-20 02:53:15,936 [INFO] Argument:325 - Argument : Directionvalue: DMA_MEMORY_TO_PERIPH
2025-07-20 02:53:15,936 [INFO] Argument:335 - Argument : Directionvalue: DMA_MEMORY_TO_PERIPH
2025-07-20 02:53:15,936 [INFO] Argument:325 - Argument : PeriphIncvalue: DMA_PINC_DISABLE
2025-07-20 02:53:15,936 [INFO] Argument:335 - Argument : PeriphIncvalue: DMA_PINC_DISABLE
2025-07-20 02:53:15,937 [INFO] Argument:325 - Argument : MemIncvalue: DMA_MINC_ENABLE
2025-07-20 02:53:15,937 [INFO] Argument:335 - Argument : MemIncvalue: DMA_MINC_ENABLE
2025-07-20 02:53:15,937 [INFO] Argument:325 - Argument : PeriphDataAlignmentvalue: DMA_PDATAALIGN_BYTE
2025-07-20 02:53:15,937 [INFO] Argument:335 - Argument : PeriphDataAlignmentvalue: DMA_PDATAALIGN_BYTE
2025-07-20 02:53:15,937 [INFO] Argument:325 - Argument : MemDataAlignmentvalue: DMA_MDATAALIGN_BYTE
2025-07-20 02:53:15,937 [INFO] Argument:335 - Argument : MemDataAlignmentvalue: DMA_MDATAALIGN_BYTE
2025-07-20 02:53:15,937 [INFO] Argument:325 - Argument : Modevalue: DMA_NORMAL
2025-07-20 02:53:15,937 [INFO] Argument:335 - Argument : Modevalue: DMA_NORMAL
2025-07-20 02:53:15,937 [INFO] Argument:325 - Argument : Priorityvalue: DMA_PRIORITY_VERY_HIGH
2025-07-20 02:53:15,937 [INFO] Argument:335 - Argument : Priorityvalue: DMA_PRIORITY_VERY_HIGH
2025-07-20 02:53:15,937 [INFO] Argument:325 - Argument : FIFOModevalue: DMA_FIFOMODE_DISABLE
2025-07-20 02:53:15,937 [INFO] Argument:335 - Argument : FIFOModevalue: DMA_FIFOMODE_DISABLE
2025-07-20 02:53:15,937 [INFO] Argument:325 - Argument : FIFOThresholdvalue: null
2025-07-20 02:53:15,937 [INFO] Argument:335 - Argument : FIFOThresholdvalue: null
2025-07-20 02:53:15,937 [INFO] Argument:325 - Argument : MemBurstvalue: null
2025-07-20 02:53:15,937 [INFO] Argument:335 - Argument : MemBurstvalue: null
2025-07-20 02:53:15,937 [INFO] Argument:325 - Argument : PeriphBurstvalue: null
2025-07-20 02:53:15,937 [INFO] Argument:335 - Argument : PeriphBurstvalue: null
2025-07-20 02:53:15,937 [INFO] Argument:325 - Argument : Lockvalue: null
2025-07-20 02:53:15,938 [INFO] Argument:335 - Argument : Lockvalue: null
2025-07-20 02:53:15,938 [INFO] Argument:325 - Argument : Statevalue: null
2025-07-20 02:53:15,938 [INFO] Argument:335 - Argument : Statevalue: null
2025-07-20 02:53:15,938 [INFO] Argument:325 - Argument : Parentvalue: null
2025-07-20 02:53:15,938 [INFO] Argument:335 - Argument : Parentvalue: null
2025-07-20 02:53:15,938 [INFO] Argument:325 - Argument : XferCpltCallbackvalue: null
2025-07-20 02:53:15,938 [INFO] Argument:335 - Argument : XferCpltCallbackvalue: null
2025-07-20 02:53:15,938 [INFO] Argument:325 - Argument : XferHalfCpltCallbackvalue: null
2025-07-20 02:53:15,938 [INFO] Argument:335 - Argument : XferHalfCpltCallbackvalue: null
2025-07-20 02:53:15,938 [INFO] Argument:325 - Argument : XferM1CpltCallbackvalue: null
2025-07-20 02:53:15,938 [INFO] Argument:335 - Argument : XferM1CpltCallbackvalue: null
2025-07-20 02:53:15,938 [INFO] Argument:325 - Argument : XferErrorCallbackvalue: null
2025-07-20 02:53:15,938 [INFO] Argument:335 - Argument : XferErrorCallbackvalue: null
2025-07-20 02:53:15,938 [INFO] Argument:325 - Argument : ErrorCodevalue: null
2025-07-20 02:53:15,938 [INFO] Argument:335 - Argument : ErrorCodevalue: null
2025-07-20 02:53:16,033 [INFO] CodeEngine:263 - oldGeneratedFile, /media/adrian/usb_a/Chambas/Inbiodroid/Horno_d_reflujo/Firmware/stm32f411/reflow_oven/MXTmpFiles/license.tmp_save
2025-07-20 02:53:16,215 [INFO] CodeEngine:287 - Generated code: /media/adrian/usb_a/Chambas/Inbiodroid/Horno_d_reflujo/Firmware/stm32f411/reflow_oven/MXTmpFiles/license.tmp
2025-07-20 02:53:16,264 [INFO] CodeEngine:263 - oldGeneratedFile, /media/adrian/usb_a/Chambas/Inbiodroid/Horno_d_reflujo/Firmware/stm32f411/reflow_oven/MXTmpFiles/gpio.tmp_save
2025-07-20 02:53:16,388 [INFO] CodeEngine:287 - Generated code: /media/adrian/usb_a/Chambas/Inbiodroid/Horno_d_reflujo/Firmware/stm32f411/reflow_oven/MXTmpFiles/gpio.tmp
2025-07-20 02:53:16,886 [INFO] CodeEngine:263 - oldGeneratedFile, /media/adrian/usb_a/Chambas/Inbiodroid/Horno_d_reflujo/Firmware/stm32f411/reflow_oven/MXTmpFiles/dma.tmp_save
2025-07-20 02:53:16,995 [INFO] CodeEngine:287 - Generated code: /media/adrian/usb_a/Chambas/Inbiodroid/Horno_d_reflujo/Firmware/stm32f411/reflow_oven/MXTmpFiles/dma.tmp
2025-07-20 02:53:16,996 [INFO] CodeEngine:263 - oldGeneratedFile, /media/adrian/usb_a/Chambas/Inbiodroid/Horno_d_reflujo/Firmware/stm32f411/reflow_oven/MXTmpFiles/dma_GV.tmp_save
2025-07-20 02:53:17,099 [INFO] CodeEngine:287 - Generated code: /media/adrian/usb_a/Chambas/Inbiodroid/Horno_d_reflujo/Firmware/stm32f411/reflow_oven/MXTmpFiles/dma_GV.tmp
2025-07-20 02:53:17,112 [INFO] CodeEngine:263 - oldGeneratedFile, /media/adrian/usb_a/Chambas/Inbiodroid/Horno_d_reflujo/Firmware/stm32f411/reflow_oven/Core/Src/stm32f4xx_it.c_save
2025-07-20 02:53:17,220 [INFO] CodeEngine:287 - Generated code: /media/adrian/usb_a/Chambas/Inbiodroid/Horno_d_reflujo/Firmware/stm32f411/reflow_oven/Core/Src/stm32f4xx_it.c
2025-07-20 02:53:17,222 [INFO] CodeEngine:263 - oldGeneratedFile, /media/adrian/usb_a/Chambas/Inbiodroid/Horno_d_reflujo/Firmware/stm32f411/reflow_oven/Core/Inc/stm32f4xx_it.h_save
2025-07-20 02:53:17,292 [INFO] CodeEngine:287 - Generated code: /media/adrian/usb_a/Chambas/Inbiodroid/Horno_d_reflujo/Firmware/stm32f411/reflow_oven/Core/Inc/stm32f4xx_it.h
2025-07-20 02:53:17,301 [INFO] CodeEngine:263 - oldGeneratedFile, /media/adrian/usb_a/Chambas/Inbiodroid/Horno_d_reflujo/Firmware/stm32f411/reflow_oven/Core/Src/stm32f4xx_hal_msp.c_save
2025-07-20 02:53:17,412 [INFO] CodeEngine:287 - Generated code: /media/adrian/usb_a/Chambas/Inbiodroid/Horno_d_reflujo/Firmware/stm32f411/reflow_oven/Core/Src/stm32f4xx_hal_msp.c
2025-07-20 02:53:17,414 [INFO] CodeEngine:263 - oldGeneratedFile, /media/adrian/usb_a/Chambas/Inbiodroid/Horno_d_reflujo/Firmware/stm32f411/reflow_oven/MXTmpFiles/system.tmp_save
2025-07-20 02:53:17,477 [INFO] CodeEngine:287 - Generated code: /media/adrian/usb_a/Chambas/Inbiodroid/Horno_d_reflujo/Firmware/stm32f411/reflow_oven/MXTmpFiles/system.tmp
2025-07-20 02:53:17,482 [INFO] CodeEngine:319 - oldGeneratedFile, /media/adrian/usb_a/Chambas/Inbiodroid/Horno_d_reflujo/Firmware/stm32f411/reflow_oven/Core/Inc/stm32f4xx_hal_conf.h_save
2025-07-20 02:53:17,552 [INFO] CodeEngine:343 - Generated code: /media/adrian/usb_a/Chambas/Inbiodroid/Horno_d_reflujo/Firmware/stm32f411/reflow_oven/Core/Inc/stm32f4xx_hal_conf.h
2025-07-20 02:53:17,569 [WARN] IPConfigManager:3790 - IP not found : TIM
2025-07-20 02:53:17,570 [WARN] CodeGenerator:4198 - IP not found : null
2025-07-20 02:53:17,573 [INFO] CodeEngine:263 - oldGeneratedFile, /media/adrian/usb_a/Chambas/Inbiodroid/Horno_d_reflujo/Firmware/stm32f411/reflow_oven/Core/Inc/main.h_save
2025-07-20 02:53:17,642 [INFO] CodeEngine:287 - Generated code: /media/adrian/usb_a/Chambas/Inbiodroid/Horno_d_reflujo/Firmware/stm32f411/reflow_oven/Core/Inc/main.h
2025-07-20 02:53:17,644 [INFO] CodeEngine:263 - oldGeneratedFile, /media/adrian/usb_a/Chambas/Inbiodroid/Horno_d_reflujo/Firmware/stm32f411/reflow_oven/Core/Src/main.c_save
2025-07-20 02:53:17,771 [INFO] CodeEngine:287 - Generated code: /media/adrian/usb_a/Chambas/Inbiodroid/Horno_d_reflujo/Firmware/stm32f411/reflow_oven/Core/Src/main.c
2025-07-20 02:53:18,071 [INFO] ProjectBuilder:3324 - Time for Copy HAL[1] : 56mS.
2025-07-20 02:53:18,073 [INFO] ProjectBuilder:4912 - Project Generator version: 4.6.0.1-B1
2025-07-20 02:53:18,154 [INFO] ConfigFileManager:1590 - The Die is : DIE431
2025-07-20 02:53:18,642 [INFO] ProjectBuilder:5191 - Time for Generating toolchain IDE Files: 569mS.
2025-07-20 02:53:18,642 [INFO] ProjectBuilder:3181 - Time for Copy CMSIS : 0mS.
2025-07-20 02:53:18,647 [INFO] ProjectBuilder:3181 - Time for Copy CMSIS : 1mS.
