../Core/Src/main.c:98:5:main	16	static
../Core/Src/main.c:204:6:SystemClock_Config	88	static
../Core/Src/main.c:253:13:MX_I2C1_Init	8	static
../Core/Src/main.c:286:13:MX_SPI1_Init	8	static
../Core/Src/main.c:323:13:MX_TIM1_Init	96	static
../Core/Src/main.c:400:13:MX_TIM2_Init	56	static
../Core/Src/main.c:448:13:MX_TIM3_Init	32	static
../Core/Src/main.c:492:13:MX_USART1_UART_Init	8	static
../Core/Src/main.c:524:13:MX_GPIO_Init	48	static
../Core/Src/main.c:588:6:update_randomCrossover_actuator	16	static
../Core/Src/main.c:594:6:chamber_sense_temperature	16	static
../Core/Src/main.c:615:6:HAL_GPIO_EXTI_Callback	16	static
../Core/Src/main.c:624:6:HAL_TIM_PeriodElapsedCallback	16	static
../Core/Src/main.c:639:6:Error_Handler	4	static,ignoring_inline_asm
