../Core/Src/main.c:125:5:main	6
../Core/Src/main.c:260:6:SystemClock_Config	3
../Core/Src/main.c:310:13:MX_I2C1_Init	2
../Core/Src/main.c:344:13:MX_SPI1_Init	2
../Core/Src/main.c:382:13:MX_TIM1_Init	7
../Core/Src/main.c:460:13:MX_TIM2_Init	3
../Core/Src/main.c:509:13:MX_TIM3_Init	4
../Core/Src/main.c:554:13:MX_USART1_UART_Init	2
../Core/Src/main.c:585:13:MX_DMA_Init	1
../Core/Src/main.c:610:13:MX_GPIO_Init	1
../Core/Src/main.c:681:6:update_randomCrossover_actuator	1
../Core/Src/main.c:687:6:fan_control	1
../Core/Src/main.c:693:6:chamber_sense_temperature	3
../Core/Src/main.c:714:6:put_webserver_data	1
../Core/Src/main.c:721:6:HAL_GPIO_EXTI_Callback	2
../Core/Src/main.c:730:6:HAL_TIM_PeriodElapsedCallback	2
../Core/Src/main.c:762:6:Error_Handler	1
