../Core/Src/main.c:126:5:main	10
../Core/Src/main.c:269:6:SystemClock_Config	3
../Core/Src/main.c:319:13:MX_I2C1_Init	2
../Core/Src/main.c:353:13:MX_SPI1_Init	2
../Core/Src/main.c:391:13:MX_TIM1_Init	7
../Core/Src/main.c:469:13:MX_TIM2_Init	3
../Core/Src/main.c:518:13:MX_TIM3_Init	4
../Core/Src/main.c:563:13:MX_USART1_UART_Init	2
../Core/Src/main.c:594:13:MX_DMA_Init	1
../Core/Src/main.c:619:13:MX_GPIO_Init	1
../Core/Src/main.c:695:6:update_randomCrossover_actuator	1
../Core/Src/main.c:705:6:fan_control	1
../Core/Src/main.c:713:6:chamber_sense_temperature	3
../Core/Src/main.c:738:6:put_webserver_data	2
../Core/Src/main.c:778:6:get_webserver_data	16
../Core/Src/main.c:842:6:HAL_UART_TxCpltCallback	2
../Core/Src/main.c:864:6:HAL_UART_RxCpltCallback	2
../Core/Src/main.c:883:6:HAL_GPIO_EXTI_Callback	2
../Core/Src/main.c:896:6:HAL_TIM_PeriodElapsedCallback	2
../Core/Src/main.c:911:6:Error_Handler	1
