../Core/Src/main.c:127:5:main	24	static
../Core/Src/main.c:278:6:SystemClock_Config	88	static
../Core/Src/main.c:328:13:MX_I2C1_Init	8	static
../Core/Src/main.c:362:13:MX_SPI1_Init	8	static
../Core/Src/main.c:400:13:MX_TIM1_Init	96	static
../Core/Src/main.c:478:13:MX_TIM2_Init	56	static
../Core/Src/main.c:527:13:MX_TIM3_Init	32	static
../Core/Src/main.c:572:13:MX_USART1_UART_Init	8	static
../Core/Src/main.c:603:13:MX_DMA_Init	16	static
../Core/Src/main.c:628:13:MX_GPIO_Init	48	static
../Core/Src/main.c:704:6:update_randomCrossover_actuator	16	static
../Core/Src/main.c:714:6:fan_control	16	static
../Core/Src/main.c:723:6:chamber_sense_temperature	16	static
../Core/Src/main.c:748:6:put_webserver_data	32	static
../Core/Src/main.c:767:6:get_webserver_data	8	static
../Core/Src/main.c:832:6:HAL_UART_TxCpltCallback	16	static
../Core/Src/main.c:854:6:HAL_UART_RxCpltCallback	16	static
../Core/Src/main.c:872:6:HAL_GPIO_EXTI_Callback	16	static
../Core/Src/main.c:885:6:HAL_TIM_PeriodElapsedCallback	16	static
../Core/Src/main.c:900:6:Error_Handler	4	static,ignoring_inline_asm
