../Core/Src/main.c:278:6:SystemClock_Config	88	static,ignoring_inline_asm
../Core/Src/main.c:704:6:update_randomCrossover_actuator	0	static
../Core/Src/main.c:714:6:fan_control	0	static
../Core/Src/main.c:722:6:chamber_sense_temperature	16	static
../Core/Src/main.c:747:6:put_webserver_data	32	static
../Core/Src/main.c:766:6:get_webserver_data	8	static
../Core/Src/main.c:126:5:main	168	static,ignoring_inline_asm
../Core/Src/main.c:828:6:HAL_UART_TxCpltCallback	0	static
../Core/Src/main.c:850:6:HAL_UART_RxCpltCallback	8	static
../Core/Src/main.c:869:6:HAL_GPIO_EXTI_Callback	0	static
../Core/Src/main.c:882:6:HAL_TIM_PeriodElapsedCallback	0	static
../Core/Src/main.c:897:6:Error_Handler	0	static,ignoring_inline_asm
