../Core/Src/main.c:276:6:SystemClock_Config	3
../Core/Src/main.c:702:6:update_randomCrossover_actuator	1
../Core/Src/main.c:712:6:fan_control	1
../Core/Src/main.c:721:6:chamber_sense_temperature	3
../Core/Src/main.c:753:6:put_webserver_data	2
../Core/Src/main.c:772:6:get_webserver_data	17
../Core/Src/main.c:126:5:main	20
../Core/Src/main.c:834:6:HAL_UART_TxCpltCallback	2
../Core/Src/main.c:856:6:HAL_UART_RxCpltCallback	2
../Core/Src/main.c:875:6:HAL_GPIO_EXTI_Callback	2
../Core/Src/main.c:888:6:HAL_TIM_PeriodElapsedCallback	2
../Core/Src/main.c:903:6:Error_Handler	1
