../Core/Src/main.c:276:6:SystemClock_Config	88	static,ignoring_inline_asm
../Core/Src/main.c:702:6:update_randomCrossover_actuator	0	static
../Core/Src/main.c:712:6:fan_control	8	static
../Core/Src/main.c:721:6:chamber_sense_temperature	16	static
../Core/Src/main.c:752:6:put_webserver_data	32	static
../Core/Src/main.c:771:6:get_webserver_data	8	static
../Core/Src/main.c:126:5:main	168	static,ignoring_inline_asm
../Core/Src/main.c:833:6:HAL_UART_TxCpltCallback	0	static
../Core/Src/main.c:855:6:HAL_UART_RxCpltCallback	8	static
../Core/Src/main.c:874:6:HAL_GPIO_EXTI_Callback	0	static
../Core/Src/main.c:887:6:HAL_TIM_PeriodElapsedCallback	0	static
../Core/Src/main.c:902:6:Error_Handler	0	static,ignoring_inline_asm
