../Core/Src/main.c:278:6:SystemClock_Config	3
../Core/Src/main.c:704:6:update_randomCrossover_actuator	1
../Core/Src/main.c:714:6:fan_control	1
../Core/Src/main.c:722:6:chamber_sense_temperature	1
../Core/Src/main.c:747:6:put_webserver_data	2
../Core/Src/main.c:766:6:get_webserver_data	17
../Core/Src/main.c:126:5:main	23
../Core/Src/main.c:828:6:HAL_UART_TxCpltCallback	2
../Core/Src/main.c:850:6:HAL_UART_RxCpltCallback	2
../Core/Src/main.c:869:6:HAL_GPIO_EXTI_Callback	2
../Core/Src/main.c:882:6:HAL_TIM_PeriodElapsedCallback	2
../Core/Src/main.c:897:6:Error_Handler	1
