../Core/Src/stm32f4xx_hal_msp.c:70:6:HAL_MspInit	8	static
../Core/Src/stm32f4xx_hal_msp.c:93:6:HAL_I2C_MspInit	48	static
../Core/Src/stm32f4xx_hal_msp.c:153:6:HAL_I2C_MspDeInit	8	static
../Core/Src/stm32f4xx_hal_msp.c:189:6:HAL_SPI_MspInit	40	static
../Core/Src/stm32f4xx_hal_msp.c:226:6:HAL_SPI_MspDeInit	0	static
../Core/Src/stm32f4xx_hal_msp.c:255:6:HAL_TIM_Base_MspInit	40	static
../Core/Src/stm32f4xx_hal_msp.c:304:6:HAL_TIM_Encoder_MspInit	40	static
../Core/Src/stm32f4xx_hal_msp.c:335:6:HAL_TIM_MspPostInit	32	static
../Core/Src/stm32f4xx_hal_msp.c:367:6:HAL_TIM_Base_MspDeInit	0	static
../Core/Src/stm32f4xx_hal_msp.c:410:6:HAL_TIM_Encoder_MspDeInit	0	static
../Core/Src/stm32f4xx_hal_msp.c:439:6:HAL_UART_MspInit	48	static
../Core/Src/stm32f4xx_hal_msp.c:516:6:HAL_UART_MspDeInit	8	static
