../Core/Src/stm32f4xx_hal_msp.c:65:6:HAL_MspInit	8	static
../Core/Src/stm32f4xx_hal_msp.c:88:6:HAL_I2C_MspInit	48	static
../Core/Src/stm32f4xx_hal_msp.c:125:6:HAL_I2C_MspDeInit	8	static
../Core/Src/stm32f4xx_hal_msp.c:156:6:HAL_SPI_MspInit	40	static
../Core/Src/stm32f4xx_hal_msp.c:193:6:HAL_SPI_MspDeInit	0	static
../Core/Src/stm32f4xx_hal_msp.c:222:6:HAL_TIM_Base_MspInit	40	static
../Core/Src/stm32f4xx_hal_msp.c:258:6:HAL_TIM_Encoder_MspInit	40	static
../Core/Src/stm32f4xx_hal_msp.c:289:6:HAL_TIM_MspPostInit	32	static
../Core/Src/stm32f4xx_hal_msp.c:321:6:HAL_TIM_Base_MspDeInit	0	static
../Core/Src/stm32f4xx_hal_msp.c:350:6:HAL_TIM_Encoder_MspDeInit	0	static
../Core/Src/stm32f4xx_hal_msp.c:379:6:HAL_UART_MspInit	40	static
../Core/Src/stm32f4xx_hal_msp.c:416:6:HAL_UART_MspDeInit	0	static
