2025-06-30 17:30:50,692 [INFO] Activator:176 - 


2025-06-30 17:30:50,695 [INFO] Activator:177 - !SESSION log4j initialized
2025-06-30 17:30:51,040 [ERROR] LogOutputStream:75 - [STDERR_REDIRECT] Jun 30, 2025 5:30:51 PM java.util.prefs.FileSystemPreferences$1 run
2025-06-30 17:30:51,041 [ERROR] LogOutputStream:75 - [STDERR_REDIRECT] INFO: Created user preferences directory.
2025-06-30 17:30:51,041 [ERROR] LogOutputStream:75 - [STDERR_REDIRECT] 
2025-06-30 17:30:52,436 [INFO] LogOutputStream:77 - [STDOUT_REDIRECT] 
2025-06-30 17:30:54,559 [INFO] ApplicationProperties:184 - Using Application install path: /home/adrian/st/stm32cubeide_1.18.1/plugins/com.st.stm32cube.common.mx_6.14.1.202504091515
2025-06-30 17:30:54,572 [INFO] DbMcusXml:78 - Set database path to: /home/adrian/st/stm32cubeide_1.18.1/plugins/com.st.stm32cube.common.mx_6.14.1.202504091515//db//mcu/
2025-06-30 17:30:54,572 [INFO] ApiDb:274 - Set plugin database path to: /home/adrian/st/stm32cubeide_1.18.1/plugins/com.st.stm32cube.common.mx_6.14.1.202504091515//db//plugins/boardmanager/
2025-06-30 17:30:54,572 [WARN] ApiDb:259 - Overriding images path with different value:  => /home/adrian/st/stm32cubeide_1.18.1/plugins/com.st.stm32cube.common.mx_6.14.1.202504091515//db//plugins/mcufinder/images/
2025-06-30 17:30:55,194 [WARN] ApiFinderProperties:113 - /home/adrian/.stmcufinder/plugins/mcufinder/mcu/mcuFinder.mfd doesn't exist
2025-06-30 17:30:55,194 [INFO] ApiDb:250 - Set database path to: /home/adrian/.stmcufinder/plugins/mcufinder//mcu/
2025-06-30 17:30:55,195 [INFO] DbMcusAds:125 - Set database path to: /home/adrian/.stmcufinder/plugins/mcufinder//mcu/
2025-06-30 17:30:55,197 [INFO] CrossReferenceDbSqlite:203 - Set database path to: /home/adrian/.stmcufinder/plugins/mcufinder//mcu/cs/
2025-06-30 17:30:55,272 [INFO] RulesReader:64 - Compatibility file has been processed (302 Rules)
2025-06-30 17:30:55,305 [INFO] DbMcusXml:78 - Set database path to: /home/adrian/st/stm32cubeide_1.18.1/plugins/com.st.stm32cube.common.mx_6.14.1.202504091515//db//mcu/
2025-06-30 17:30:55,305 [INFO] ApiDb:274 - Set plugin database path to: /home/adrian/st/stm32cubeide_1.18.1/plugins/com.st.stm32cube.common.mx_6.14.1.202504091515//db//plugins/boardmanager/
2025-06-30 17:30:55,305 [INFO] ApiDb:261 - Set plugin images path to: /home/adrian/st/stm32cubeide_1.18.1/plugins/com.st.stm32cube.common.mx_6.14.1.202504091515//db//plugins/mcufinder/images/
2025-06-30 17:30:55,305 [WARN] DbFile:41 - Overriding database path with different value: /home/adrian/.stmcufinder/plugins/mcufinder/ => /home/adrian/.stmcufinder/plugins/mcufinder
2025-06-30 17:30:55,305 [INFO] ApiDb:250 - Set database path to: /home/adrian/.stmcufinder/plugins/mcufinder//mcu/
2025-06-30 17:30:55,305 [WARN] DbFile:41 - Overriding database path with different value: /home/adrian/.stmcufinder/plugins/mcufinder/ => /home/adrian/.stmcufinder/plugins/mcufinder
2025-06-30 17:30:55,305 [INFO] DbMcusAds:125 - Set database path to: /home/adrian/.stmcufinder/plugins/mcufinder//mcu/
2025-06-30 17:30:55,305 [WARN] DbFile:41 - Overriding database path with different value: /home/adrian/.stmcufinder/plugins/mcufinder/ => /home/adrian/.stmcufinder/plugins/mcufinder
2025-06-30 17:30:55,306 [WARN] DbFile:41 - Overriding database path with different value: /home/adrian/.stmcufinder/plugins/mcufinder/ => /home/adrian/.stmcufinder/plugins/mcufinder
2025-06-30 17:30:55,306 [INFO] CrossReferenceDbSqlite:203 - Set database path to: /home/adrian/.stmcufinder/plugins/mcufinder//mcu/cs/
2025-06-30 17:30:55,345 [INFO] MainPanel:272 - HeapMemory: 268435456
2025-06-30 17:30:55,450 [INFO] DbMcusXml:78 - Set database path to: /home/adrian/st/stm32cubeide_1.18.1/plugins/com.st.stm32cube.common.mx_6.14.1.202504091515//db//mcu/
2025-06-30 17:30:55,450 [INFO] ApiDb:274 - Set plugin database path to: /home/adrian/st/stm32cubeide_1.18.1/plugins/com.st.stm32cube.common.mx_6.14.1.202504091515//db//plugins/boardmanager/
2025-06-30 17:30:55,451 [INFO] ApiDb:261 - Set plugin images path to: /home/adrian/st/stm32cubeide_1.18.1/plugins/com.st.stm32cube.common.mx_6.14.1.202504091515//db//plugins/mcufinder/images/
2025-06-30 17:30:55,451 [WARN] DbFile:41 - Overriding database path with different value: /home/adrian/.stmcufinder/plugins/mcufinder/ => /home/adrian/.stmcufinder/plugins/mcufinder
2025-06-30 17:30:55,451 [INFO] ApiDb:250 - Set database path to: /home/adrian/.stmcufinder/plugins/mcufinder//mcu/
2025-06-30 17:30:55,451 [WARN] DbFile:41 - Overriding database path with different value: /home/adrian/.stmcufinder/plugins/mcufinder/ => /home/adrian/.stmcufinder/plugins/mcufinder
2025-06-30 17:30:55,451 [INFO] DbMcusAds:125 - Set database path to: /home/adrian/.stmcufinder/plugins/mcufinder//mcu/
2025-06-30 17:30:55,451 [WARN] DbFile:41 - Overriding database path with different value: /home/adrian/.stmcufinder/plugins/mcufinder/ => /home/adrian/.stmcufinder/plugins/mcufinder
2025-06-30 17:30:55,451 [WARN] DbFile:41 - Overriding database path with different value: /home/adrian/.stmcufinder/plugins/mcufinder/ => /home/adrian/.stmcufinder/plugins/mcufinder
2025-06-30 17:30:55,451 [INFO] CrossReferenceDbSqlite:203 - Set database path to: /home/adrian/.stmcufinder/plugins/mcufinder//mcu/cs/
2025-06-30 17:30:55,461 [INFO] ApplicationProperties:184 - Using Application install path: /home/adrian/st/stm32cubeide_1.18.1/plugins/com.st.stm32cube.common.mx_6.14.1.202504091515
2025-06-30 17:30:55,462 [INFO] PluginManage:196 - Search for loadable plugins [exclusion list=, ]
2025-06-30 17:30:55,463 [INFO] PluginManage:310 - Check plugin analytics
2025-06-30 17:30:55,559 [INFO] AnalyticsPlugin:253 - Accepted Software Licenses: 
2025-06-30 17:30:55,559 [INFO] AnalyticsPlugin:255 - Accepted CMSIS Pack Licenses: 
2025-06-30 17:30:55,559 [INFO] AnalyticsPlugin:257 - Accepted Firmware Licenses: 
2025-06-30 17:30:55,561 [INFO] PluginManage:359 - Loaded plugin analytics (category:tool,tabindex:-1)
2025-06-30 17:30:55,561 [INFO] PluginManage:310 - Check plugin cadmodel
2025-06-30 17:30:55,564 [INFO] CADModel:105 - Init CAD model plugin
2025-06-30 17:30:55,564 [INFO] PluginManage:359 - Loaded plugin cadmodel (category:power,tabindex:5)
2025-06-30 17:30:55,564 [INFO] PluginManage:310 - Check plugin clock
2025-06-30 17:30:55,570 [INFO] PluginManage:359 - Loaded plugin clock (category:base,tabindex:2)
2025-06-30 17:30:55,570 [INFO] PluginManage:310 - Check plugin ddr
2025-06-30 17:30:55,571 [INFO] PluginManage:359 - Loaded plugin ddr (category:tool,tabindex:6)
2025-06-30 17:30:55,572 [INFO] PluginManage:310 - Check plugin filemanager
2025-06-30 17:30:55,665 [INFO] PluginManage:359 - Loaded plugin filemanager (category:base,tabindex:10)
2025-06-30 17:30:55,665 [INFO] PluginManage:310 - Check plugin ipmanager
2025-06-30 17:30:55,669 [INFO] PluginManage:359 - Loaded plugin ipmanager (category:base,tabindex:5)
2025-06-30 17:30:55,669 [INFO] PluginManage:310 - Check plugin lpbam
2025-06-30 17:30:55,674 [INFO] PluginManage:359 - Loaded plugin lpbam (category:base,tabindex:0)
2025-06-30 17:30:55,675 [INFO] PluginManage:310 - Check plugin memorymap
2025-06-30 17:30:55,683 [INFO] PluginManage:359 - Loaded plugin memorymap (category:base,tabindex:4)
2025-06-30 17:30:55,683 [INFO] PluginManage:310 - Check plugin pinoutandconfiguration
2025-06-30 17:30:55,688 [INFO] PluginManage:359 - Loaded plugin pinoutandconfiguration (category:base,tabindex:1)
2025-06-30 17:30:55,688 [INFO] PluginManage:310 - Check plugin pinoutconfig
2025-06-30 17:30:55,774 [WARN] SupportedApi:132 - Cannot load RTOS API schema: s4s-elt-must-match.1: The content of 'definitions' must match (annotation?, (simpleType | complexType)?, (unique | key | keyref)*)). A problem was found starting at: attribute.
2025-06-30 17:30:55,851 [INFO] PluginManage:359 - Loaded plugin pinoutconfig (category:base,tabindex:0)
2025-06-30 17:30:55,851 [INFO] PluginManage:310 - Check plugin power
2025-06-30 17:30:55,857 [INFO] PluginManage:359 - Loaded plugin power (category:power,tabindex:4)
2025-06-30 17:30:55,857 [INFO] PluginManage:310 - Check plugin projectmanager
2025-06-30 17:30:55,866 [INFO] PluginManage:359 - Loaded plugin projectmanager (category:projectmanager,tabindex:4)
2025-06-30 17:30:55,867 [INFO] PluginManage:310 - Check plugin rif
2025-06-30 17:30:55,870 [INFO] PluginManage:359 - Loaded plugin rif (category:base,tabindex:3)
2025-06-30 17:30:55,870 [INFO] PluginManage:310 - Check plugin thirdparty
2025-06-30 17:30:55,930 [INFO] PluginManage:359 - Loaded plugin thirdparty (category:base,tabindex:-1)
2025-06-30 17:30:55,930 [INFO] PluginManage:310 - Check plugin tools
2025-06-30 17:30:55,930 [WARN] IntegrityCheckThread:84 - waiting for thirdparty lock release [integrity check]
2025-06-30 17:30:55,930 [INFO] IntegrityCheckThread:86 - entering critical section [integrity check]
2025-06-30 17:30:55,930 [INFO] ThirdPartyUpdaterWithRetryManager:70 - Updater plugin not ready yet. [1/15]
2025-06-30 17:30:55,931 [INFO] PluginManage:359 - Loaded plugin tools (category:base,tabindex:7)
2025-06-30 17:30:55,931 [INFO] PluginManage:310 - Check plugin tutovideos
2025-06-30 17:30:56,031 [INFO] PluginManage:359 - Loaded plugin tutovideos (category:base,tabindex:-1)
2025-06-30 17:30:56,031 [INFO] PluginManage:310 - Check plugin updater
2025-06-30 17:30:56,045 [INFO] PluginManage:359 - Loaded plugin updater (category:base,tabindex:12)
2025-06-30 17:30:56,045 [INFO] PluginManage:310 - Check plugin userauth
2025-06-30 17:30:56,047 [INFO] UserAuth:118 - Init User Auth plugin
2025-06-30 17:30:56,048 [INFO] PluginManage:359 - Loaded plugin userauth (category:base,tabindex:14)
2025-06-30 17:30:56,048 [INFO] PluginManage:283 - PluginManage : Loaded plugins [18]
2025-06-30 17:30:56,150 [INFO] PinOutPanel:1589 - setPackage(No Configuration,No Configuration)
2025-06-30 17:30:56,189 [INFO] CADModel:165 - CPN selected for project level
2025-06-30 17:30:56,189 [INFO] CADModel:114 - Register for checkConnection events
2025-06-30 17:30:56,195 [INFO] IPUIPlugin:80 - create IPUIPlugin
2025-06-30 17:30:56,196 [INFO] PluginManager:220 - loadIPPluginJar : add lorawan
2025-06-30 17:30:56,198 [INFO] IPUIPlugin:80 - create IPUIPlugin
2025-06-30 17:30:56,199 [INFO] PluginManager:220 - loadIPPluginJar : add freertos
2025-06-30 17:30:56,200 [INFO] IPUIPlugin:80 - create IPUIPlugin
2025-06-30 17:30:56,200 [INFO] PluginManager:220 - loadIPPluginJar : add gtzc
2025-06-30 17:30:56,201 [INFO] IPUIPlugin:80 - create IPUIPlugin
2025-06-30 17:30:56,201 [INFO] PluginManager:220 - loadIPPluginJar : add dfsdm
2025-06-30 17:30:56,202 [INFO] IPUIPlugin:80 - create IPUIPlugin
2025-06-30 17:30:56,202 [INFO] PluginManager:220 - loadIPPluginJar : add tim
2025-06-30 17:30:56,204 [INFO] IPUIPlugin:80 - create IPUIPlugin
2025-06-30 17:30:56,204 [INFO] PluginManager:220 - loadIPPluginJar : add openamp
2025-06-30 17:30:56,205 [INFO] IPUIPlugin:80 - create IPUIPlugin
2025-06-30 17:30:56,205 [INFO] PluginManager:220 - loadIPPluginJar : add tsc
2025-06-30 17:30:56,206 [INFO] IPUIPlugin:80 - create IPUIPlugin
2025-06-30 17:30:56,206 [INFO] PluginManager:220 - loadIPPluginJar : add i2c
2025-06-30 17:30:56,207 [INFO] IPUIPlugin:80 - create IPUIPlugin
2025-06-30 17:30:56,207 [INFO] PluginManager:220 - loadIPPluginJar : add i2s
2025-06-30 17:30:56,209 [INFO] IPUIPlugin:80 - create IPUIPlugin
2025-06-30 17:30:56,209 [INFO] PluginManager:220 - loadIPPluginJar : add can
2025-06-30 17:30:56,212 [INFO] IPUIPlugin:80 - create IPUIPlugin
2025-06-30 17:30:56,212 [INFO] PluginManager:220 - loadIPPluginJar : add linkedlist
2025-06-30 17:30:56,214 [INFO] IPUIPlugin:80 - create IPUIPlugin
2025-06-30 17:30:56,214 [INFO] PluginManager:220 - loadIPPluginJar : add touchsensing
2025-06-30 17:30:56,215 [INFO] IPUIPlugin:80 - create IPUIPlugin
2025-06-30 17:30:56,215 [INFO] PluginManager:220 - loadIPPluginJar : add pdm2pcm
2025-06-30 17:30:56,217 [INFO] IPUIPlugin:80 - create IPUIPlugin
2025-06-30 17:30:56,218 [INFO] PluginManager:220 - loadIPPluginJar : add gpio
2025-06-30 17:30:56,221 [INFO] IPUIPlugin:80 - create IPUIPlugin
2025-06-30 17:30:56,222 [INFO] PluginManager:220 - loadIPPluginJar : add stm32_wpan
2025-06-30 17:30:56,222 [INFO] IPUIPlugin:80 - create IPUIPlugin
2025-06-30 17:30:56,222 [INFO] PluginManager:220 - loadIPPluginJar : add fatfs
2025-06-30 17:30:56,223 [INFO] IPUIPlugin:80 - create IPUIPlugin
2025-06-30 17:30:56,223 [INFO] PluginManager:220 - loadIPPluginJar : add aes
2025-06-30 17:30:56,225 [INFO] IPUIPlugin:80 - create IPUIPlugin
2025-06-30 17:30:56,225 [INFO] PluginManager:220 - loadIPPluginJar : add opamp
2025-06-30 17:30:56,225 [INFO] IPUIPlugin:80 - create IPUIPlugin
2025-06-30 17:30:56,225 [INFO] PluginManager:220 - loadIPPluginJar : add comp
2025-06-30 17:30:56,226 [INFO] IPUIPlugin:80 - create IPUIPlugin
2025-06-30 17:30:56,226 [INFO] PluginManager:220 - loadIPPluginJar : add genericplugin
2025-06-30 17:30:56,227 [INFO] IPUIPlugin:80 - create IPUIPlugin
2025-06-30 17:30:56,227 [INFO] PluginManager:220 - loadIPPluginJar : add ddr_ctrl_phy
2025-06-30 17:30:56,228 [INFO] IPUIPlugin:80 - create IPUIPlugin
2025-06-30 17:30:56,229 [INFO] PluginManager:220 - loadIPPluginJar : add usart
2025-06-30 17:30:56,231 [INFO] IPUIPlugin:80 - create IPUIPlugin
2025-06-30 17:30:56,232 [INFO] PluginManager:220 - loadIPPluginJar : add mdma
2025-06-30 17:30:56,232 [INFO] IPUIPlugin:80 - create IPUIPlugin
2025-06-30 17:30:56,233 [INFO] PluginManager:220 - loadIPPluginJar : add tracer_emb
2025-06-30 17:30:56,234 [INFO] IPUIPlugin:80 - create IPUIPlugin
2025-06-30 17:30:56,234 [INFO] PluginManager:220 - loadIPPluginJar : add usbx
2025-06-30 17:30:56,238 [INFO] IPUIPlugin:80 - create IPUIPlugin
2025-06-30 17:30:56,240 [INFO] PluginManager:220 - loadIPPluginJar : add plateformsettings
2025-06-30 17:30:56,241 [INFO] IPUIPlugin:80 - create IPUIPlugin
2025-06-30 17:30:56,241 [INFO] PluginManager:220 - loadIPPluginJar : add quadspi
2025-06-30 17:30:56,243 [INFO] IPUIPlugin:80 - create IPUIPlugin
2025-06-30 17:30:56,243 [INFO] PluginManager:220 - loadIPPluginJar : add resmgrutility
2025-06-30 17:30:56,246 [INFO] IPUIPlugin:80 - create IPUIPlugin
2025-06-30 17:30:56,246 [INFO] PluginManager:220 - loadIPPluginJar : add gic
2025-06-30 17:30:56,247 [INFO] IPUIPlugin:80 - create IPUIPlugin
2025-06-30 17:30:56,247 [INFO] PluginManager:220 - loadIPPluginJar : add radio
2025-06-30 17:30:56,249 [INFO] IPUIPlugin:80 - create IPUIPlugin
2025-06-30 17:30:56,249 [INFO] PluginManager:220 - loadIPPluginJar : add ipddr
2025-06-30 17:30:56,250 [INFO] IPUIPlugin:80 - create IPUIPlugin
2025-06-30 17:30:56,250 [INFO] PluginManager:220 - loadIPPluginJar : add hash
2025-06-30 17:30:56,251 [INFO] IPUIPlugin:80 - create IPUIPlugin
2025-06-30 17:30:56,251 [INFO] PluginManager:220 - loadIPPluginJar : add gfxmmu
2025-06-30 17:30:56,253 [INFO] IPUIPlugin:80 - create IPUIPlugin
2025-06-30 17:30:56,253 [INFO] PluginManager:220 - loadIPPluginJar : add fmc
2025-06-30 17:30:56,254 [INFO] IPUIPlugin:80 - create IPUIPlugin
2025-06-30 17:30:56,254 [INFO] PluginManager:220 - loadIPPluginJar : add spi
2025-06-30 17:30:56,255 [INFO] IPUIPlugin:80 - create IPUIPlugin
2025-06-30 17:30:56,255 [INFO] PluginManager:220 - loadIPPluginJar : add dma3
2025-06-30 17:30:56,256 [INFO] IPUIPlugin:80 - create IPUIPlugin
2025-06-30 17:30:56,256 [INFO] PluginManager:220 - loadIPPluginJar : add ltdc
2025-06-30 17:30:56,257 [INFO] IPUIPlugin:80 - create IPUIPlugin
2025-06-30 17:30:56,257 [INFO] PluginManager:220 - loadIPPluginJar : add extmemmanager
2025-06-30 17:30:56,258 [INFO] IPUIPlugin:80 - create IPUIPlugin
2025-06-30 17:30:56,258 [INFO] PluginManager:220 - loadIPPluginJar : add ucpd
2025-06-30 17:30:56,261 [INFO] IPUIPlugin:80 - create IPUIPlugin
2025-06-30 17:30:56,261 [INFO] PluginManager:220 - loadIPPluginJar : add dma
2025-06-30 17:30:56,262 [INFO] IPUIPlugin:80 - create IPUIPlugin
2025-06-30 17:30:56,262 [INFO] PluginManager:220 - loadIPPluginJar : add ts
2025-06-30 17:30:56,265 [INFO] IPUIPlugin:80 - create IPUIPlugin
2025-06-30 17:30:56,265 [INFO] PluginManager:220 - loadIPPluginJar : add adc
2025-06-30 17:30:56,266 [INFO] IPUIPlugin:80 - create IPUIPlugin
2025-06-30 17:30:56,266 [INFO] PluginManager:220 - loadIPPluginJar : add i3c
2025-06-30 17:30:56,268 [INFO] IPUIPlugin:80 - create IPUIPlugin
2025-06-30 17:30:56,268 [INFO] PluginManager:220 - loadIPPluginJar : add sai
2025-06-30 17:30:56,269 [INFO] IPUIPlugin:80 - create IPUIPlugin
2025-06-30 17:30:56,269 [INFO] PluginManager:220 - loadIPPluginJar : add cryp
2025-06-30 17:30:56,272 [INFO] IPUIPlugin:80 - create IPUIPlugin
2025-06-30 17:30:56,272 [INFO] PluginManager:220 - loadIPPluginJar : add nvic
2025-06-30 17:30:56,365 [FATAL] Updater:351 - Updater called before beeing initialized
2025-06-30 17:30:56,384 [INFO] RulesReader:64 - Compatibility file has been processed (302 Rules)
2025-06-30 17:30:56,393 [INFO] RulesReader:64 - Compatibility file has been processed (302 Rules)
2025-06-30 17:30:56,398 [INFO] CADModel:165 - CPN selected for project level
2025-06-30 17:30:56,398 [INFO] CADModel:114 - Register for checkConnection events
2025-06-30 17:30:56,398 [FATAL] Updater:351 - Updater called before beeing initialized
2025-06-30 17:30:56,398 [ERROR] CADModel:125 - Updater not yet initialized, retry later 
2025-06-30 17:30:56,471 [FATAL] Updater:351 - Updater called before beeing initialized
2025-06-30 17:30:56,472 [INFO] CADModel:165 - CPN selected for project level
2025-06-30 17:30:56,472 [INFO] CADModel:114 - Register for checkConnection events
2025-06-30 17:30:56,472 [FATAL] Updater:351 - Updater called before beeing initialized
2025-06-30 17:30:56,472 [ERROR] CADModel:125 - Updater not yet initialized, retry later 
2025-06-30 17:30:56,474 [FATAL] Updater:351 - Updater called before beeing initialized
2025-06-30 17:30:56,521 [FATAL] Updater:351 - Updater called before beeing initialized
2025-06-30 17:30:56,523 [INFO] DbMcusAds:53 - JSON generation date=Thu Sep 30 01:55:09 CDT 2021 (1632984909247)
2025-06-30 17:30:56,523 [FATAL] Updater:351 - Updater called before beeing initialized
2025-06-30 17:30:56,543 [WARN] DetailPanel:346 - Failed to get advertising image, set to default
2025-06-30 17:30:56,740 [FATAL] Updater:351 - Updater called before beeing initialized
2025-06-30 17:30:56,741 [FATAL] Updater:351 - Updater called before beeing initialized
2025-06-30 17:30:56,741 [FATAL] Updater:351 - Updater called before beeing initialized
2025-06-30 17:30:56,742 [WARN] DetailPanel:346 - Failed to get advertising image, set to default
2025-06-30 17:30:56,742 [FATAL] Updater:351 - Updater called before beeing initialized
2025-06-30 17:30:56,762 [ERROR] Updater:1198 - MainUpdater not yet initialized. External WinMGr cannot be set.
2025-06-30 17:30:56,763 [INFO] Updater:1134 - Updater Version found : 6.14.1
2025-06-30 17:30:56,774 [INFO] ApplicationProperties:184 - Using Application install path: /home/adrian/st/stm32cubeide_1.18.1/plugins/com.st.stm32cube.common.mx_6.14.1.202504091515
2025-06-30 17:30:56,794 [INFO] MainUpdater:525 - Copy updater definitions from MX database
2025-06-30 17:30:56,813 [INFO] MainUpdater:558 - Copy flag file definitions from MX database
2025-06-30 17:30:56,813 [INFO] MainUpdater:574 - Copy thirdparty index definitions from MX database
2025-06-30 17:30:56,814 [INFO] MainUpdater:593 - Copy default thirdparty db definitions from MX database
2025-06-30 17:30:57,070 [INFO] MainUpdater:2872 - connection check result : 10
2025-06-30 17:30:57,070 [INFO] MainUpdater:3566 - Updater definition file requires update
2025-06-30 17:30:57,071 [INFO] MainUpdater:289 - Updater Check For Update Now.
2025-06-30 17:30:57,071 [INFO] MicroXplorer:498 - Change Database Version : DB.6.0.141
2025-06-30 17:30:57,080 [INFO] McuFinderGlobals:63 - Set McuFinder mode to 2 (CubeIDE integrated)
2025-06-30 17:30:57,080 [INFO] UserAuth:171 - activating auth plugin
2025-06-30 17:30:57,082 [INFO] UserAuth:484 - Internet connection configuration mode: 1
2025-06-30 17:30:57,090 [INFO] JxBrowserEngine:152 - Initiate JxBrowser Engine with user profile folder
2025-06-30 17:30:58,371 [INFO] ServerAccessManage:473 - Download File updaters.zip
2025-06-30 17:30:58,481 [INFO] FileExtend:242 - Unzip File : updaters.zip
2025-06-30 17:30:58,481 [INFO] FileExtend:257 - Standard Zip Deflate
2025-06-30 17:30:58,724 [INFO] ServerAccessManage:473 - Download File PacksControlFlags.xml
2025-06-30 17:30:58,878 [INFO] ServerAccessManage:473 - Download File cubemx.pidx
2025-06-30 17:30:58,931 [WARN] MainUpdater:1193 - Updater busy. Cannot search thirdparties
2025-06-30 17:30:58,931 [INFO] ThirdPartyUpdaterWithRetryManager:96 - Updater plugin is busy. [1/15]
2025-06-30 17:30:59,377 [INFO] WebApp:169 - Instantiating new browser for Auth
2025-06-30 17:30:59,674 [INFO] ServerAccessManage:473 - Download File STMicroelectronics.FP-ATR-ASTRA1.pdsc
2025-06-30 17:30:59,859 [INFO] WebApp:463 - Apply proxy settings
2025-06-30 17:30:59,859 [INFO] WebApp:548 - Chromium requires no authentication
2025-06-30 17:30:59,864 [INFO] WebApp:491 - Direct internet connection detected
2025-06-30 17:30:59,874 [INFO] WebApp:894 - Register for checkConnection events
2025-06-30 17:30:59,874 [INFO] WebApp:463 - Apply proxy settings
2025-06-30 17:30:59,874 [INFO] WebApp:548 - Chromium requires no authentication
2025-06-30 17:30:59,874 [INFO] WebApp:491 - Direct internet connection detected
2025-06-30 17:30:59,952 [INFO] WebApp:225 - Starting web application
2025-06-30 17:30:59,952 [INFO] WebApp:593 - Web application path used /home/adrian/st/stm32cubeide_1.18.1/plugins/com.st.stm32cube.common.mx_6.14.1.202504091515/db/plugins/mcufinder/reactClient1/index.html
2025-06-30 17:31:00,913 [INFO] WebApp:191 - Connection restablished
2025-06-30 17:31:01,931 [WARN] MainUpdater:1193 - Updater busy. Cannot search thirdparties
2025-06-30 17:31:01,931 [INFO] ThirdPartyUpdaterWithRetryManager:96 - Updater plugin is busy. [2/15]
2025-06-30 17:31:03,644 [INFO] ServerAccessManage:473 - Download File STMicroelectronics.FP-ATR-SIGFOX1.pdsc
2025-06-30 17:31:04,932 [WARN] MainUpdater:1193 - Updater busy. Cannot search thirdparties
2025-06-30 17:31:04,932 [INFO] ThirdPartyUpdaterWithRetryManager:96 - Updater plugin is busy. [3/15]
2025-06-30 17:31:05,229 [INFO] ServerAccessManage:473 - Download File STMicroelectronics.FP-SNS-STBOX1.pdsc
2025-06-30 17:31:06,502 [INFO] ServerAccessManage:473 - Download File STMicroelectronics.FP-SNS-FLIGHT1.pdsc
2025-06-30 17:31:07,932 [WARN] MainUpdater:1193 - Updater busy. Cannot search thirdparties
2025-06-30 17:31:07,932 [INFO] ThirdPartyUpdaterWithRetryManager:96 - Updater plugin is busy. [4/15]
2025-06-30 17:31:09,705 [INFO] ServerAccessManage:473 - Download File STMicroelectronics.FP-SNS-MOTENV1.pdsc
2025-06-30 17:31:10,933 [WARN] MainUpdater:1193 - Updater busy. Cannot search thirdparties
2025-06-30 17:31:11,982 [INFO] ThirdPartyUpdaterWithRetryManager:96 - Updater plugin is busy. [5/15]
2025-06-30 17:31:14,518 [INFO] ServerAccessManage:473 - Download File STMicroelectronics.FP-SNS-MOTENVWB1.pdsc
2025-06-30 17:31:14,983 [WARN] MainUpdater:1193 - Updater busy. Cannot search thirdparties
2025-06-30 17:31:14,983 [INFO] ThirdPartyUpdaterWithRetryManager:96 - Updater plugin is busy. [6/15]
2025-06-30 17:31:16,259 [INFO] ServerAccessManage:473 - Download File STMicroelectronics.FP-SNS-SMARTAG2.pdsc
2025-06-30 17:31:17,247 [INFO] ServerAccessManage:473 - Download File STMicroelectronics.FP-SNS-STAIOTCFT.pdsc
2025-06-30 17:31:17,983 [WARN] MainUpdater:1193 - Updater busy. Cannot search thirdparties
2025-06-30 17:31:18,759 [INFO] ServerAccessManage:473 - Download File STMicroelectronics.X-CUBE-AI.pdsc
2025-06-30 17:31:20,925 [INFO] ThirdPartyUpdaterWithRetryManager:96 - Updater plugin is busy. [7/15]
2025-06-30 17:31:23,925 [WARN] MainUpdater:1193 - Updater busy. Cannot search thirdparties
2025-06-30 17:31:23,925 [INFO] ThirdPartyUpdaterWithRetryManager:96 - Updater plugin is busy. [8/15]
2025-06-30 17:31:26,926 [WARN] MainUpdater:1193 - Updater busy. Cannot search thirdparties
2025-06-30 17:31:30,008 [INFO] ThirdPartyUpdaterWithRetryManager:96 - Updater plugin is busy. [9/15]
2025-06-30 17:31:31,525 [INFO] ServerAccessManage:473 - Download File STMicroelectronics.X-CUBE-ALS.pdsc
2025-06-30 17:31:33,009 [WARN] MainUpdater:1193 - Updater busy. Cannot search thirdparties
2025-06-30 17:31:33,009 [INFO] ThirdPartyUpdaterWithRetryManager:96 - Updater plugin is busy. [10/15]
2025-06-30 17:31:34,395 [INFO] ServerAccessManage:473 - Download File STMicroelectronics.X-CUBE-BLE1.pdsc
2025-06-30 17:31:36,009 [WARN] MainUpdater:1193 - Updater busy. Cannot search thirdparties
2025-06-30 17:31:39,131 [INFO] ThirdPartyUpdaterWithRetryManager:96 - Updater plugin is busy. [11/15]
2025-06-30 17:31:40,513 [ERROR] ServerAccessManage:1089 - Problem, file not found on Server
2025-06-30 17:31:40,656 [INFO] ServerAccessManage:473 - Download File STMicroelectronics.X-CUBE-BLE2.pdsc
2025-06-30 17:31:42,131 [WARN] MainUpdater:1193 - Updater busy. Cannot search thirdparties
2025-06-30 17:31:42,132 [INFO] ThirdPartyUpdaterWithRetryManager:96 - Updater plugin is busy. [12/15]
2025-06-30 17:31:44,734 [INFO] ServerAccessManage:473 - Download File STMicroelectronics.X-CUBE-BLEMGR.pdsc
2025-06-30 17:31:45,132 [WARN] MainUpdater:1193 - Updater busy. Cannot search thirdparties
2025-06-30 17:31:45,132 [INFO] ThirdPartyUpdaterWithRetryManager:96 - Updater plugin is busy. [13/15]
2025-06-30 17:31:46,160 [ERROR] ServerAccessManage:1089 - Problem, file not found on Server
2025-06-30 17:31:48,132 [WARN] MainUpdater:1193 - Updater busy. Cannot search thirdparties
2025-06-30 17:31:48,132 [INFO] ThirdPartyUpdaterWithRetryManager:96 - Updater plugin is busy. [14/15]
2025-06-30 17:31:50,081 [INFO] ServerAccessManage:473 - Download File STMicroelectronics.X-CUBE-DISPLAY.pdsc
2025-06-30 17:31:51,133 [WARN] MainUpdater:1193 - Updater busy. Cannot search thirdparties
2025-06-30 17:31:51,133 [INFO] ThirdPartyUpdaterWithRetryManager:96 - Updater plugin is busy. [15/15]
2025-06-30 17:31:51,133 [ERROR] IntegrityCheckThread:130 - Cannot retrieve database content from updater: error -1
2025-06-30 17:31:51,133 [INFO] ThirdParty:978 - Integrity check success = false
2025-06-30 17:31:51,134 [INFO] IntegrityCheckThread:100 - exiting critical section [integrity check]
2025-06-30 17:31:51,134 [INFO] IntegrityCheckThread:103 - End integrity checks thread
2025-06-30 17:31:54,557 [INFO] ServerAccessManage:473 - Download File STMicroelectronics.X-CUBE-DPOWER.pdsc
2025-06-30 17:31:56,433 [ERROR] ServerAccessManage:1089 - Problem, file not found on Server
2025-06-30 17:31:56,967 [ERROR] ServerAccessManage:1089 - Problem, file not found on Server
2025-06-30 17:31:58,088 [ERROR] ServerAccessManage:1089 - Problem, file not found on Server
2025-06-30 17:31:58,695 [ERROR] ServerAccessManage:1089 - Problem, file not found on Server
2025-06-30 17:31:59,519 [ERROR] ServerAccessManage:1089 - Problem, file not found on Server
2025-06-30 17:32:00,085 [ERROR] ServerAccessManage:1089 - Problem, file not found on Server
2025-06-30 17:32:00,629 [ERROR] ServerAccessManage:1089 - Problem, file not found on Server
2025-06-30 17:32:01,353 [ERROR] ServerAccessManage:1089 - Problem, file not found on Server
2025-06-30 17:32:02,161 [ERROR] ServerAccessManage:1089 - Problem, file not found on Server
2025-06-30 17:32:02,989 [ERROR] ServerAccessManage:1089 - Problem, file not found on Server
2025-06-30 17:32:03,700 [ERROR] ServerAccessManage:1089 - Problem, file not found on Server
2025-06-30 17:32:04,306 [INFO] ServerAccessManage:473 - Download File STMicroelectronics.X-CUBE-EEPRMA1.pdsc
2025-06-30 17:32:05,253 [ERROR] ServerAccessManage:1089 - Problem, file not found on Server
2025-06-30 17:32:06,442 [ERROR] ServerAccessManage:1089 - Problem, file not found on Server
2025-06-30 17:32:08,641 [INFO] ServerAccessManage:473 - Download File STMicroelectronics.X-CUBE-FREERTOS.pdsc
2025-06-30 17:32:11,958 [INFO] ServerAccessManage:473 - Download File STMicroelectronics.X-CUBE-GNSS1.pdsc
2025-06-30 17:32:24,048 [ERROR] ServerAccessManage:1089 - Problem, file not found on Server
2025-06-30 17:32:28,247 [ERROR] ServerAccessManage:1089 - Problem, file not found on Server
2025-06-30 17:32:32,664 [ERROR] ServerAccessManage:1089 - Problem, file not found on Server
2025-06-30 17:32:33,476 [ERROR] ServerAccessManage:1089 - Problem, file not found on Server
2025-06-30 17:32:34,258 [ERROR] ServerAccessManage:1089 - Problem, file not found on Server
2025-06-30 17:32:34,957 [ERROR] ServerAccessManage:1089 - Problem, file not found on Server
2025-06-30 17:32:35,776 [INFO] ServerAccessManage:473 - Download File STMicroelectronics.X-CUBE-ISPU.pdsc
2025-06-30 17:32:38,972 [INFO] ServerAccessManage:473 - Download File STMicroelectronics.X-CUBE-IPS.pdsc
2025-06-30 17:32:42,708 [INFO] ServerAccessManage:473 - Download File STMicroelectronics.X-CUBE-MEMS1.pdsc
2025-06-30 17:32:55,581 [INFO] ServerAccessManage:473 - Download File STMicroelectronics.X-CUBE-NFC4.pdsc
2025-06-30 17:33:03,629 [INFO] ServerAccessManage:473 - Download File STMicroelectronics.X-CUBE-NFC6.pdsc
2025-06-30 17:33:05,208 [INFO] ServerAccessManage:473 - Download File STMicroelectronics.X-CUBE-NFC7.pdsc
2025-06-30 17:33:07,670 [INFO] ServerAccessManage:473 - Download File STMicroelectronics.X-CUBE-NFC9.pdsc
2025-06-30 17:33:08,954 [INFO] ServerAccessManage:473 - Download File STMicroelectronics.X-CUBE-NFC10.pdsc
2025-06-30 17:33:09,996 [INFO] ServerAccessManage:473 - Download File STMicroelectronics.X-CUBE-SFXS2LP1.pdsc
2025-06-30 17:33:12,912 [INFO] ServerAccessManage:473 - Download File STMicroelectronics.X-CUBE-SAFEA1.pdsc
2025-06-30 17:33:13,776 [INFO] ServerAccessManage:473 - Download File STMicroelectronics.X-CUBE-SUBG2.pdsc
2025-06-30 17:33:19,169 [INFO] ServerAccessManage:473 - Download File STMicroelectronics.X-CUBE-SMBUS.pdsc
2025-06-30 17:33:20,002 [ERROR] ServerAccessManage:1089 - Problem, file not found on Server
2025-06-30 17:33:20,503 [INFO] ServerAccessManage:473 - Download File STMicroelectronics.X-CUBE-ST60.pdsc
2025-06-30 17:33:21,545 [INFO] ServerAccessManage:473 - Download File STMicroelectronics.X-CUBE-ST67W61.pdsc
2025-06-30 17:33:22,138 [INFO] ServerAccessManage:473 - Download File STMicroelectronics.X-CUBE-PM33A1.pdsc
2025-06-30 17:33:22,775 [INFO] ServerAccessManage:473 - Download File STMicroelectronics.X-CUBE-TCPP.pdsc
2025-06-30 17:33:23,985 [INFO] ServerAccessManage:473 - Download File STMicroelectronics.X-CUBE-TOF1.pdsc
2025-06-30 17:33:30,990 [ERROR] ServerAccessManage:1089 - Problem, file not found on Server
2025-06-30 17:33:31,704 [INFO] ServerAccessManage:473 - Download File STMicroelectronics.X-CUBE-TOUCHGFX.pdsc
2025-06-30 17:33:42,864 [INFO] ServerAccessManage:473 - Download File STMicroelectronics.X-CUBE-ALGOBUILD.pdsc
2025-06-30 17:33:44,819 [INFO] ServerAccessManage:473 - Download File STMicroelectronics.X-CUBE-AZRTOS-H7.pdsc
2025-06-30 17:33:49,041 [INFO] ServerAccessManage:473 - Download File STMicroelectronics.X-CUBE-AZRTOS-H7RS.pdsc
2025-06-30 17:33:50,130 [INFO] ServerAccessManage:473 - Download File STMicroelectronics.X-CUBE-AZRTOS-F4.pdsc
2025-06-30 17:33:51,638 [INFO] ServerAccessManage:473 - Download File STMicroelectronics.X-CUBE-AZRTOS-F7.pdsc
2025-06-30 17:33:53,444 [INFO] ServerAccessManage:473 - Download File STMicroelectronics.X-CUBE-AZRTOS-L4.pdsc
2025-06-30 17:33:55,390 [INFO] ServerAccessManage:473 - Download File STMicroelectronics.X-CUBE-AZRTOS-L5.pdsc
2025-06-30 17:34:00,284 [INFO] ServerAccessManage:473 - Download File STMicroelectronics.X-CUBE-AZRTOS-G0.pdsc
2025-06-30 17:34:01,628 [INFO] ServerAccessManage:473 - Download File STMicroelectronics.X-CUBE-AZRTOS-G4.pdsc
2025-06-30 17:34:03,191 [INFO] ServerAccessManage:473 - Download File STMicroelectronics.X-CUBE-AZRTOS-WB.pdsc
2025-06-30 17:34:05,220 [INFO] ServerAccessManage:473 - Download File STMicroelectronics.X-CUBE-AZRTOS-WL.pdsc
2025-06-30 17:34:07,166 [INFO] ServerAccessManage:473 - Download File STMicroelectronics.X-CUBE-WB05N.pdsc
2025-06-30 17:34:07,812 [INFO] ServerAccessManage:473 - Download File wolfSSL.I-CUBE-wolfSSL.pdsc
2025-06-30 17:34:10,620 [ERROR] ServerAccessManage:1089 - Problem, file not found on Server
2025-06-30 17:34:10,780 [ERROR] ServerAccessManage:1089 - Problem, file not found on Server
2025-06-30 17:34:10,947 [ERROR] ServerAccessManage:1089 - Problem, file not found on Server
2025-06-30 17:34:11,041 [INFO] ServerAccessManage:473 - Download File wolfSSL.I-CUBE-wolfMQTT.pdsc
2025-06-30 17:34:11,949 [ERROR] ServerAccessManage:1089 - Problem, file not found on Server
2025-06-30 17:34:12,014 [INFO] ServerAccessManage:473 - Download File wolfSSL.I-CUBE-wolfTPM.pdsc
2025-06-30 17:34:12,821 [INFO] ServerAccessManage:473 - Download File wolfSSL.I-CUBE-wolfSSH.pdsc
2025-06-30 17:34:15,563 [INFO] ServerAccessManage:473 - Download File RealThread.X-CUBE-RT-Thread_Nano.pdsc
2025-06-30 17:34:17,650 [INFO] ServerAccessManage:473 - Download File SEGGER.I-CUBE-embOS.pdsc
2025-06-30 17:34:20,341 [INFO] ServerAccessManage:473 - Download File portGmbH.I-Cube-SoM-uGOAL.pdsc
2025-06-30 17:34:22,055 [ERROR] ServerAccessManage:1089 - Problem, file not found on Server
2025-06-30 17:34:22,210 [ERROR] ServerAccessManage:1089 - Problem, file not found on Server
2025-06-30 17:34:22,366 [ERROR] ServerAccessManage:1089 - Problem, file not found on Server
2025-06-30 17:34:23,648 [INFO] ServerAccessManage:473 - Download File emotas.I-CUBE-CANOPEN.pdsc
2025-06-30 17:34:24,745 [INFO] ServerAccessManage:473 - Download File WES.I-CUBE-Cesium.pdsc
2025-06-30 17:34:24,956 [ERROR] ServerAccessManage:1089 - Problem, file not found on Server
2025-06-30 17:34:25,101 [ERROR] ServerAccessManage:1089 - Problem, file not found on Server
2025-06-30 17:34:25,896 [INFO] ServerAccessManage:473 - Download File ITTIA_DB.I-CUBE-ITTIADB.pdsc
2025-06-30 17:34:27,907 [INFO] ServerAccessManage:473 - Download File Infineon.AIROC-Wi-Fi-Bluetooth-STM32.pdsc
2025-06-30 17:34:31,209 [INFO] ServerAccessManage:473 - Download File Cesanta.I-CUBE-Mongoose.pdsc
2025-06-30 17:34:34,463 [INFO] ServerAccessManage:473 - Download File EmbeddedOffice.I-CUBE-FS-RTOS.pdsc
2025-06-30 17:34:35,350 [INFO] ServerAccessManage:473 - Download File quantropi.X-CUBE-qispace-sdk-base.pdsc
2025-06-30 17:34:36,045 [INFO] ServerAccessManage:473 - Download File Avnet-IotConnect.X-CUBE-IoTC-DA16k-PMOD.pdsc
2025-06-30 17:34:36,111 [WARN] PackLoader:240 - Cannot read IP mode file for STMicroelectronics.FP-ATR-ASTRA1.2.0.2
2025-06-30 17:34:36,114 [WARN] PackLoader:240 - Cannot read IP mode file for STMicroelectronics.FP-ATR-SIGFOX1.3.2.0
2025-06-30 17:34:36,119 [WARN] PackLoader:240 - Cannot read IP mode file for STMicroelectronics.FP-SNS-STBOX1.2.0.0
2025-06-30 17:34:36,125 [WARN] CheckServerUpdateThread:151 - Open CheckUpdateFile Fail
2025-06-30 17:34:36,126 [WARN] PackLoader:240 - Cannot read IP mode file for STMicroelectronics.FP-SNS-FLIGHT1.5.1.0
2025-06-30 17:34:36,128 [WARN] PackLoader:240 - Cannot read IP mode file for STMicroelectronics.FP-SNS-MOTENV1.5.0.0
2025-06-30 17:34:36,132 [WARN] PackLoader:240 - Cannot read IP mode file for STMicroelectronics.FP-SNS-MOTENVWB1.1.4.0
2025-06-30 17:34:36,134 [WARN] PackLoader:240 - Cannot read IP mode file for STMicroelectronics.FP-SNS-SMARTAG2.1.2.0
2025-06-30 17:34:36,138 [WARN] PackLoader:240 - Cannot read IP mode file for STMicroelectronics.FP-SNS-STAIOTCFT.1.0.0
2025-06-30 17:34:36,140 [WARN] PackLoader:240 - Cannot read IP mode file for STMicroelectronics.X-CUBE-AI.10.1.0
2025-06-30 17:34:36,142 [WARN] PackLoader:240 - Cannot read IP mode file for STMicroelectronics.X-CUBE-ALS.1.0.2
2025-06-30 17:34:36,145 [WARN] PackLoader:240 - Cannot read IP mode file for STMicroelectronics.X-CUBE-BLE1.7.1.0
2025-06-30 17:34:36,147 [WARN] PackLoader:240 - Cannot read IP mode file for STMicroelectronics.X-CUBE-BLE2.3.3.0
2025-06-30 17:34:36,154 [WARN] PackLoader:240 - Cannot read IP mode file for STMicroelectronics.X-CUBE-BLEMGR.4.0.0
2025-06-30 17:34:36,162 [WARN] PackLoader:240 - Cannot read IP mode file for STMicroelectronics.X-CUBE-DISPLAY.3.0.0
2025-06-30 17:34:36,167 [WARN] PackLoader:240 - Cannot read IP mode file for STMicroelectronics.X-CUBE-DPower.1.3.0
2025-06-30 17:34:36,170 [WARN] PackLoader:240 - Cannot read IP mode file for STMicroelectronics.X-CUBE-EEPRMA1.5.1.0
2025-06-30 17:34:36,174 [WARN] PackLoader:240 - Cannot read IP mode file for STMicroelectronics.X-CUBE-FREERTOS.1.3.1
2025-06-30 17:34:36,176 [WARN] PackLoader:240 - Cannot read IP mode file for STMicroelectronics.X-CUBE-GNSS1.7.0.1
2025-06-30 17:34:36,177 [WARN] PackLoader:240 - Cannot read IP mode file for STMicroelectronics.X-CUBE-ISPU.2.1.0
2025-06-30 17:34:36,183 [WARN] PackLoader:240 - Cannot read IP mode file for STMicroelectronics.X-CUBE-IPS.3.1.0
2025-06-30 17:34:36,214 [WARN] PackLoader:240 - Cannot read IP mode file for STMicroelectronics.X-CUBE-MEMS1.11.3.0
2025-06-30 17:34:36,238 [INFO] CheckServerUpdateThread:120 - End of CheckServer Thread
2025-06-30 17:34:36,294 [WARN] PackLoader:240 - Cannot read IP mode file for STMicroelectronics.X-CUBE-NFC4.3.0.0
2025-06-30 17:34:36,298 [WARN] PackLoader:240 - Cannot read IP mode file for STMicroelectronics.X-CUBE-NFC6.3.1.0
2025-06-30 17:34:36,301 [WARN] PackLoader:240 - Cannot read IP mode file for STMicroelectronics.X-CUBE-NFC7.2.0.0
2025-06-30 17:34:36,304 [WARN] PackLoader:240 - Cannot read IP mode file for STMicroelectronics.X-CUBE-NFC9.1.0.0
2025-06-30 17:34:36,307 [WARN] PackLoader:240 - Cannot read IP mode file for STMicroelectronics.X-CUBE-NFC10.1.0.0
2025-06-30 17:34:36,316 [WARN] PackLoader:240 - Cannot read IP mode file for STMicroelectronics.X-CUBE-SFXS2LP1.4.0.0
2025-06-30 17:34:36,320 [WARN] PackLoader:240 - Cannot read IP mode file for STMicroelectronics.X-CUBE-SAFEA1.1.2.2
2025-06-30 17:34:36,325 [WARN] PackLoader:240 - Cannot read IP mode file for STMicroelectronics.X-CUBE-SUBG2.5.0.0
2025-06-30 17:34:36,329 [WARN] PackLoader:240 - Cannot read IP mode file for STMicroelectronics.X-CUBE-SMBUS.2.1.0
2025-06-30 17:34:36,330 [WARN] PackLoader:240 - Cannot read IP mode file for STMicroelectronics.X-CUBE-ST60.1.0.0
2025-06-30 17:34:36,333 [WARN] PackLoader:240 - Cannot read IP mode file for STMicroelectronics.X-CUBE-ST67W61.1.0.0
2025-06-30 17:34:36,334 [WARN] PackLoader:240 - Cannot read IP mode file for STMicroelectronics.X-CUBE-PM33A1.1.0.0
2025-06-30 17:34:36,336 [WARN] PackLoader:240 - Cannot read IP mode file for STMicroelectronics.X-CUBE-TCPP.4.2.0
2025-06-30 17:34:36,341 [WARN] PackLoader:240 - Cannot read IP mode file for STMicroelectronics.X-CUBE-TOF1.3.4.3
2025-06-30 17:34:36,350 [WARN] PackLoader:240 - Cannot read IP mode file for STMicroelectronics.X-CUBE-TOUCHGFX.4.25.0
2025-06-30 17:34:36,352 [WARN] PackLoader:240 - Cannot read IP mode file for STMicroelectronics.X-CUBE-ALGOBUILD.1.4.0
2025-06-30 17:34:36,362 [WARN] PackLoader:240 - Cannot read IP mode file for STMicroelectronics.X-CUBE-AZRTOS-H7.3.3.0
2025-06-30 17:34:36,373 [WARN] PackLoader:240 - Cannot read IP mode file for STMicroelectronics.X-CUBE-AZRTOS-H7RS.1.1.0
2025-06-30 17:34:36,381 [WARN] PackLoader:240 - Cannot read IP mode file for STMicroelectronics.X-CUBE-AZRTOS-F4.1.1.0
2025-06-30 17:34:36,389 [WARN] PackLoader:240 - Cannot read IP mode file for STMicroelectronics.X-CUBE-AZRTOS-F7.1.1.0
2025-06-30 17:34:36,398 [WARN] ConditionMgr:438 - getConditionDescription Invalid condition id : LAN8742 Phy interface Condition cause : null
2025-06-30 17:34:36,399 [WARN] PackLoader:240 - Cannot read IP mode file for STMicroelectronics.X-CUBE-AZRTOS-L4.2.0.0
2025-06-30 17:34:36,399 [WARN] ConditionMgr:1044 - genDependencies : Invalid condition id : LAN8742 Phy interface Condition cause : null
2025-06-30 17:34:36,399 [WARN] ConditionMgr:1044 - genDependencies : Invalid condition id : LAN8742 Phy interface Condition cause : null
2025-06-30 17:34:36,400 [WARN] ConditionMgr:1044 - genDependencies : Invalid condition id : LAN8742 Phy interface Condition cause : null
2025-06-30 17:34:36,408 [WARN] PackLoader:240 - Cannot read IP mode file for STMicroelectronics.X-CUBE-AZRTOS-L5.2.0.0
2025-06-30 17:34:36,416 [WARN] PackLoader:240 - Cannot read IP mode file for STMicroelectronics.X-CUBE-AZRTOS-G0.1.1.0
2025-06-30 17:34:36,422 [WARN] PackLoader:240 - Cannot read IP mode file for STMicroelectronics.X-CUBE-AZRTOS-G4.2.0.0
2025-06-30 17:34:36,429 [WARN] ConditionMgr:438 - getConditionDescription Invalid condition id : UX DEVICE CLASS RTOS Condition cause : null
2025-06-30 17:34:36,429 [WARN] ConditionMgr:438 - getConditionDescription Invalid condition id : UX DEVICE CLASS RTOS Condition cause : null
2025-06-30 17:34:36,430 [WARN] PackLoader:240 - Cannot read IP mode file for STMicroelectronics.X-CUBE-AZRTOS-WB.2.0.0
2025-06-30 17:34:36,431 [WARN] ConditionMgr:1044 - genDependencies : Invalid condition id : UX DEVICE CLASS RTOS Condition cause : null
2025-06-30 17:34:36,431 [WARN] ConditionMgr:1044 - genDependencies : Invalid condition id : UX DEVICE CLASS RTOS Condition cause : null
2025-06-30 17:34:36,431 [WARN] ConditionMgr:1044 - genDependencies : Invalid condition id : UX DEVICE CLASS RTOS Condition cause : null
2025-06-30 17:34:36,431 [WARN] ConditionMgr:1044 - genDependencies : Invalid condition id : UX DEVICE CLASS RTOS Condition cause : null
2025-06-30 17:34:36,431 [WARN] ConditionMgr:1044 - genDependencies : Invalid condition id : UX DEVICE CLASS RTOS Condition cause : null
2025-06-30 17:34:36,435 [INFO] LogOutputStream:77 - [STDOUT_REDIRECT] 1 : Invalid condition id : UX_CORESTACK_Condition cause : null
2025-06-30 17:34:36,435 [INFO] LogOutputStream:77 - [STDOUT_REDIRECT] 1 : Invalid condition id : UX_CORESTACK_Condition cause : null
2025-06-30 17:34:36,435 [INFO] LogOutputStream:77 - [STDOUT_REDIRECT] 1 : Invalid condition id : UX_CORESTACK_Condition cause : null
2025-06-30 17:34:36,435 [INFO] LogOutputStream:77 - [STDOUT_REDIRECT] 1 : Invalid condition id : UX_CORESTACK_Condition cause : null
2025-06-30 17:34:36,435 [INFO] LogOutputStream:77 - [STDOUT_REDIRECT] 1 : Invalid condition id : UX_CORESTACK_Condition cause : null
2025-06-30 17:34:36,437 [WARN] PackLoader:240 - Cannot read IP mode file for STMicroelectronics.X-CUBE-AZRTOS-WL.2.0.0
2025-06-30 17:34:36,439 [WARN] PackLoader:240 - Cannot read IP mode file for STMicroelectronics.X-CUBE-WB05N.2.0.0
2025-06-30 17:34:36,441 [WARN] PackLoader:240 - Cannot read IP mode file for wolfSSL.I-CUBE-wolfSSL.5.8.0
2025-06-30 17:34:36,442 [WARN] PackLoader:240 - Cannot read IP mode file for wolfSSL.I-CUBE-wolfMQTT.1.19.2
2025-06-30 17:34:36,443 [WARN] PackLoader:240 - Cannot read IP mode file for wolfSSL.I-CUBE-wolfTPM.3.8.0
2025-06-30 17:34:36,444 [WARN] PackLoader:240 - Cannot read IP mode file for wolfSSL.I-CUBE-wolfSSH.1.4.20
2025-06-30 17:34:36,446 [WARN] PackLoader:240 - Cannot read IP mode file for RealThread.X-CUBE-RT-Thread_Nano.4.1.1
2025-06-30 17:34:36,459 [WARN] PackLoader:240 - Cannot read IP mode file for SEGGER.I-CUBE-embOS.1.3.1
2025-06-30 17:34:36,480 [WARN] PackLoader:240 - Cannot read IP mode file for portGmbH.I-Cube-SoM-uGOAL.1.1.0
2025-06-30 17:34:36,482 [WARN] PackLoader:240 - Cannot read IP mode file for emotas.I-CUBE-CANOPEN.1.3.0
2025-06-30 17:34:36,484 [WARN] PackLoader:240 - Cannot read IP mode file for WES.I-CUBE-Cesium.1.3.0
2025-06-30 17:34:36,485 [WARN] PackLoader:240 - Cannot read IP mode file for ITTIA_DB.I-CUBE-ITTIADB.8.9.0
2025-06-30 17:34:36,494 [WARN] PackLoader:240 - Cannot read IP mode file for Infineon.AIROC-Wi-Fi-Bluetooth-STM32.1.7.0
2025-06-30 17:34:36,497 [WARN] PackLoader:240 - Cannot read IP mode file for Cesanta.I-CUBE-Mongoose.7.13.0
2025-06-30 17:34:36,501 [WARN] PackLoader:240 - Cannot read IP mode file for EmbeddedOffice.I-CUBE-FS-RTOS.1.0.1
2025-06-30 17:34:36,502 [WARN] ConditionMgr:438 - getConditionDescription Invalid condition id : Cortex-A Device cause : null
2025-06-30 17:34:36,507 [WARN] ConditionMgr:1044 - genDependencies : Invalid condition id : Cortex-A Device cause : null
2025-06-30 17:34:36,507 [WARN] ConditionMgr:1044 - genDependencies : Invalid condition id : Cortex-A Device cause : null
2025-06-30 17:34:36,507 [WARN] ConditionMgr:1044 - genDependencies : Invalid condition id : Cortex-A Device cause : null
2025-06-30 17:34:36,508 [WARN] PackLoader:240 - Cannot read IP mode file for Avnet-IotConnect.X-CUBE-IoTC-DA16k-PMOD.1.0.0
2025-06-30 17:34:36,508 [INFO] PopulateThirdPartyThread:66 - Ending populate Thread
2025-06-30 17:34:36,509 [INFO] ThirdParty:1030 - CMSIS Pack Vendor :STMicroelectronics X-CUBE-PM33A1 1.0.0
2025-06-30 17:34:36,509 [INFO] ThirdParty:1030 - CMSIS Pack Vendor :STMicroelectronics X-CUBE-AZRTOS-H7 3.3.0
2025-06-30 17:34:36,509 [INFO] ThirdParty:1030 - CMSIS Pack Vendor :STMicroelectronics X-CUBE-NFC9 1.0.0
2025-06-30 17:34:36,509 [INFO] ThirdParty:1030 - CMSIS Pack Vendor :wolfSSL I-CUBE-wolfSSL 5.8.0
2025-06-30 17:34:36,509 [INFO] ThirdParty:1030 - CMSIS Pack Vendor :STMicroelectronics FP-SNS-MOTENVWB1 1.4.0
2025-06-30 17:34:36,509 [INFO] ThirdParty:1030 - CMSIS Pack Vendor :STMicroelectronics X-CUBE-AZRTOS-F4 1.1.0
2025-06-30 17:34:36,509 [INFO] ThirdParty:1030 - CMSIS Pack Vendor :STMicroelectronics FP-ATR-ASTRA1 2.0.2
2025-06-30 17:34:36,509 [INFO] ThirdParty:1030 - CMSIS Pack Vendor :STMicroelectronics X-CUBE-BLE1 7.1.0
2025-06-30 17:34:36,509 [INFO] ThirdParty:1030 - CMSIS Pack Vendor :Avnet-IotConnect X-CUBE-IoTC-DA16k-PMOD 1.0.0
2025-06-30 17:34:36,510 [INFO] ThirdParty:1030 - CMSIS Pack Vendor :STMicroelectronics X-CUBE-SMBUS 2.1.0
2025-06-30 17:34:36,510 [INFO] ThirdParty:1030 - CMSIS Pack Vendor :wolfSSL I-CUBE-wolfMQTT 1.19.2
2025-06-30 17:34:36,510 [INFO] ThirdParty:1030 - CMSIS Pack Vendor :STMicroelectronics X-CUBE-ISPU 2.1.0
2025-06-30 17:34:36,510 [INFO] ThirdParty:1030 - CMSIS Pack Vendor :STMicroelectronics X-CUBE-AZRTOS-WB 2.0.0
2025-06-30 17:34:36,510 [INFO] ThirdParty:1030 - CMSIS Pack Vendor :STMicroelectronics X-CUBE-ST60 1.0.0
2025-06-30 17:34:36,510 [INFO] ThirdParty:1030 - CMSIS Pack Vendor :STMicroelectronics X-CUBE-GNSS1 7.0.1
2025-06-30 17:34:36,510 [INFO] ThirdParty:1030 - CMSIS Pack Vendor :STMicroelectronics X-CUBE-TOUCHGFX 4.25.0
2025-06-30 17:34:36,510 [INFO] ThirdParty:1030 - CMSIS Pack Vendor :STMicroelectronics X-CUBE-AZRTOS-F7 1.1.0
2025-06-30 17:34:36,510 [INFO] ThirdParty:1030 - CMSIS Pack Vendor :STMicroelectronics X-CUBE-AZRTOS-L5 2.0.0
2025-06-30 17:34:36,510 [INFO] ThirdParty:1030 - CMSIS Pack Vendor :STMicroelectronics X-CUBE-NFC6 3.1.0
2025-06-30 17:34:36,510 [INFO] ThirdParty:1030 - CMSIS Pack Vendor :STMicroelectronics X-CUBE-AI 10.1.0
2025-06-30 17:34:36,510 [INFO] ThirdParty:1030 - CMSIS Pack Vendor :STMicroelectronics FP-SNS-STBOX1 2.0.0
2025-06-30 17:34:36,510 [INFO] ThirdParty:1030 - CMSIS Pack Vendor :STMicroelectronics X-CUBE-AZRTOS-G0 1.1.0
2025-06-30 17:34:36,510 [INFO] ThirdParty:1030 - CMSIS Pack Vendor :STMicroelectronics X-CUBE-NFC4 3.0.0
2025-06-30 17:34:36,510 [INFO] ThirdParty:1030 - CMSIS Pack Vendor :STMicroelectronics X-CUBE-SAFEA1 1.2.2
2025-06-30 17:34:36,510 [INFO] ThirdParty:1030 - CMSIS Pack Vendor :STMicroelectronics X-CUBE-SUBG2 5.0.0
2025-06-30 17:34:36,510 [INFO] ThirdParty:1030 - CMSIS Pack Vendor :STMicroelectronics X-CUBE-AZRTOS-H7RS 1.1.0
2025-06-30 17:34:36,510 [INFO] ThirdParty:1030 - CMSIS Pack Vendor :EmbeddedOffice I-CUBE-FS-RTOS 1.0.1
2025-06-30 17:34:36,510 [INFO] ThirdParty:1030 - CMSIS Pack Vendor :Cesanta I-CUBE-Mongoose 7.13.0
2025-06-30 17:34:36,510 [INFO] ThirdParty:1030 - CMSIS Pack Vendor :Infineon AIROC-Wi-Fi-Bluetooth-STM32 1.7.0
2025-06-30 17:34:36,510 [INFO] ThirdParty:1030 - CMSIS Pack Vendor :STMicroelectronics X-CUBE-AZRTOS-G4 2.0.0
2025-06-30 17:34:36,510 [INFO] ThirdParty:1030 - CMSIS Pack Vendor :STMicroelectronics X-CUBE-WB05N 2.0.0
2025-06-30 17:34:36,510 [INFO] ThirdParty:1030 - CMSIS Pack Vendor :wolfSSL I-CUBE-wolfTPM 3.8.0
2025-06-30 17:34:36,510 [INFO] ThirdParty:1030 - CMSIS Pack Vendor :STMicroelectronics X-CUBE-DISPLAY 3.0.0
2025-06-30 17:34:36,510 [INFO] ThirdParty:1030 - CMSIS Pack Vendor :wolfSSL I-CUBE-wolfSSH 1.4.20
2025-06-30 17:34:36,510 [INFO] ThirdParty:1030 - CMSIS Pack Vendor :STMicroelectronics X-CUBE-NFC7 2.0.0
2025-06-30 17:34:36,510 [INFO] ThirdParty:1030 - CMSIS Pack Vendor :STMicroelectronics X-CUBE-TCPP 4.2.0
2025-06-30 17:34:36,510 [INFO] ThirdParty:1030 - CMSIS Pack Vendor :RealThread X-CUBE-RT-Thread_Nano 4.1.1
2025-06-30 17:34:36,510 [INFO] ThirdParty:1030 - CMSIS Pack Vendor :STMicroelectronics FP-ATR-SIGFOX1 3.2.0
2025-06-30 17:34:36,510 [INFO] ThirdParty:1030 - CMSIS Pack Vendor :STMicroelectronics X-CUBE-NFC10 1.0.0
2025-06-30 17:34:36,510 [INFO] ThirdParty:1030 - CMSIS Pack Vendor :STMicroelectronics X-CUBE-BLEMGR 4.0.0
2025-06-30 17:34:36,510 [INFO] ThirdParty:1030 - CMSIS Pack Vendor :STMicroelectronics X-CUBE-EEPRMA1 5.1.0
2025-06-30 17:34:36,510 [INFO] ThirdParty:1030 - CMSIS Pack Vendor :STMicroelectronics X-CUBE-FREERTOS 1.3.1
2025-06-30 17:34:36,510 [INFO] ThirdParty:1030 - CMSIS Pack Vendor :STMicroelectronics X-CUBE-ALS 1.0.2
2025-06-30 17:34:36,510 [INFO] ThirdParty:1030 - CMSIS Pack Vendor :STMicroelectronics X-CUBE-IPS 3.1.0
2025-06-30 17:34:36,510 [INFO] ThirdParty:1030 - CMSIS Pack Vendor :emotas I-CUBE-CANOPEN 1.3.0
2025-06-30 17:34:36,511 [INFO] ThirdParty:1030 - CMSIS Pack Vendor :ITTIA_DB I-CUBE-ITTIADB 8.9.0
2025-06-30 17:34:36,511 [INFO] ThirdParty:1030 - CMSIS Pack Vendor :portGmbH I-Cube-SoM-uGOAL 1.1.0
2025-06-30 17:34:36,511 [INFO] ThirdParty:1030 - CMSIS Pack Vendor :STMicroelectronics X-CUBE-ST67W61 1.0.0
2025-06-30 17:34:36,511 [INFO] ThirdParty:1030 - CMSIS Pack Vendor :quantropi X-CUBE-qispace-sdk-base 2.0.0
2025-06-30 17:34:36,511 [INFO] ThirdParty:1030 - CMSIS Pack Vendor :STMicroelectronics FP-SNS-STAIOTCFT 1.0.0
2025-06-30 17:34:36,511 [INFO] ThirdParty:1030 - CMSIS Pack Vendor :STMicroelectronics FP-SNS-SMARTAG2 1.2.0
2025-06-30 17:34:36,511 [INFO] ThirdParty:1030 - CMSIS Pack Vendor :STMicroelectronics FP-SNS-FLIGHT1 5.1.0
2025-06-30 17:34:36,511 [INFO] ThirdParty:1030 - CMSIS Pack Vendor :STMicroelectronics X-CUBE-AZRTOS-WL 2.0.0
2025-06-30 17:34:36,511 [INFO] ThirdParty:1030 - CMSIS Pack Vendor :SEGGER I-CUBE-embOS 1.3.1
2025-06-30 17:34:36,511 [INFO] ThirdParty:1030 - CMSIS Pack Vendor :STMicroelectronics X-CUBE-DPower 1.3.0
2025-06-30 17:34:36,511 [INFO] ThirdParty:1030 - CMSIS Pack Vendor :STMicroelectronics X-CUBE-ALGOBUILD 1.4.0
2025-06-30 17:34:36,511 [INFO] ThirdParty:1030 - CMSIS Pack Vendor :STMicroelectronics X-CUBE-MEMS1 11.3.0
2025-06-30 17:34:36,511 [INFO] ThirdParty:1030 - CMSIS Pack Vendor :STMicroelectronics FP-SNS-MOTENV1 5.0.0
2025-06-30 17:34:36,511 [INFO] ThirdParty:1030 - CMSIS Pack Vendor :STMicroelectronics X-CUBE-AZRTOS-L4 2.0.0
2025-06-30 17:34:36,511 [INFO] ThirdParty:1030 - CMSIS Pack Vendor :WES I-CUBE-Cesium 1.3.0
2025-06-30 17:34:36,511 [INFO] ThirdParty:1030 - CMSIS Pack Vendor :STMicroelectronics X-CUBE-SFXS2LP1 4.0.0
2025-06-30 17:34:36,511 [INFO] ThirdParty:1030 - CMSIS Pack Vendor :STMicroelectronics X-CUBE-BLE2 3.3.0
2025-06-30 17:34:36,511 [INFO] ThirdParty:1030 - CMSIS Pack Vendor :STMicroelectronics X-CUBE-TOF1 3.4.3
2025-06-30 17:34:36,511 [INFO] LoadServerUpdatesThread:375 - End of LoadServerUpdate Thread
2025-06-30 17:38:24,314 [INFO] WebApp:194 - Connection lost
2025-06-30 17:38:24,483 [INFO] WebApp:191 - Connection restablished
2025-06-30 17:38:40,357 [INFO] WebApp:194 - Connection lost
2025-06-30 17:38:40,515 [INFO] WebApp:191 - Connection restablished
2025-06-30 17:46:20,373 [ERROR] LogOutputStream:75 - [STDERR_REDIRECT] 
