../Core/Src/UI/gui_backend.c:201:13:rotate_action	24	static
../Core/Src/UI/gui_backend.c:227:13:update_value	16	static
../Core/Src/UI/gui_backend.c:250:13:selectElement_mainPage	16	static
../Core/Src/UI/gui_backend.c:280:6:main_page_handler	16	static
../Core/Src/UI/gui_backend.c:310:13:selectElement_ovenSettingsPage	16	static
../Core/Src/UI/gui_backend.c:352:6:oven_settings_page_handler	16	static
../Core/Src/UI/gui_backend.c:383:13:selectElement_pidSettingsPage	16	static
../Core/Src/UI/gui_backend.c:413:6:pid_settings_page_handler	16	static
../Core/Src/UI/gui_backend.c:443:6:ENCODER_EVENT_UPDATE	16	static
../Core/Src/UI/gui_backend.c:487:6:GUI_Init	8	static
