../Core/Src/UI/gui_backend.c:201:13:rotate_action	24	static
../Core/Src/UI/gui_backend.c:227:13:update_value	16	static
../Core/Src/UI/gui_backend.c:250:13:selectElement_mainPage	16	static
../Core/Src/UI/gui_backend.c:282:6:main_page_handler	16	static
../Core/Src/UI/gui_backend.c:312:13:selectElement_ovenSettingsPage	16	static
../Core/Src/UI/gui_backend.c:354:6:oven_settings_page_handler	16	static
../Core/Src/UI/gui_backend.c:385:13:selectElement_pidSettingsPage	16	static
../Core/Src/UI/gui_backend.c:415:6:pid_settings_page_handler	16	static
../Core/Src/UI/gui_backend.c:445:6:ENCODER_EVENT_UPDATE	16	static
../Core/Src/UI/gui_backend.c:489:6:GUI_Init	8	static
